../Core/Src/main.c:142:6:HAL_GPIO_EXTI_Callback	16	static
../Core/Src/main.c:162:5:main	8	static
../Core/Src/main.c:398:6:SystemClock_Config	88	static
../Core/Src/main.c:455:13:MX_I2C1_Init	8	static
../Core/Src/main.c:503:13:MX_SPI2_Init	8	static
../Core/Src/main.c:543:13:MX_TIM2_Init	64	static
../Core/Src/main.c:602:13:MX_TIM3_Init	64	static
../Core/Src/main.c:661:13:MX_TIM4_Init	56	static
../Core/Src/main.c:710:13:MX_TIM5_Init	48	static
../Core/Src/main.c:759:13:MX_TIM7_Init	24	static
../Core/Src/main.c:797:13:MX_TIM9_Init	40	static
../Core/Src/main.c:839:13:MX_TIM10_Init	40	static
../Core/Src/main.c:885:13:MX_TIM14_Init	40	static
../Core/Src/main.c:931:13:MX_USART2_UART_Init	8	static
../Core/Src/main.c:966:13:MX_USART3_UART_Init	8	static
../Core/Src/main.c:1001:13:MX_USB_OTG_FS_PCD_Init	8	static
../Core/Src/main.c:1034:13:MX_DMA_Init	16	static
../Core/Src/main.c:1052:13:MX_GPIO_Init	64	static
../Core/Src/main.c:1220:6:Error_Handler	4	static,ignoring_inline_asm
