../Core/Src/stm32f7xx_it.c:82:6:NMI_Handler	4	static
../Core/Src/stm32f7xx_it.c:97:6:HardFault_Handler	4	static
../Core/Src/stm32f7xx_it.c:112:6:MemManage_Handler	4	static
../Core/Src/stm32f7xx_it.c:127:6:BusFault_Handler	4	static
../Core/Src/stm32f7xx_it.c:142:6:UsageFault_Handler	4	static
../Core/Src/stm32f7xx_it.c:157:6:SVC_Handler	4	static
../Core/Src/stm32f7xx_it.c:170:6:DebugMon_Handler	4	static
../Core/Src/stm32f7xx_it.c:183:6:PendSV_Handler	4	static
../Core/Src/stm32f7xx_it.c:196:6:SysTick_Handler	8	static
../Core/Src/stm32f7xx_it.c:217:6:DMA1_Stream0_IRQHandler	8	static
../Core/Src/stm32f7xx_it.c:231:6:DMA1_Stream2_IRQHandler	8	static
../Core/Src/stm32f7xx_it.c:245:6:DMA1_Stream5_IRQHandler	8	static
../Core/Src/stm32f7xx_it.c:259:6:TIM1_BRK_TIM9_IRQHandler	8	static
../Core/Src/stm32f7xx_it.c:274:6:TIM1_UP_TIM10_IRQHandler	8	static
../Core/Src/stm32f7xx_it.c:288:6:TIM2_IRQHandler	8	static
../Core/Src/stm32f7xx_it.c:302:6:TIM3_IRQHandler	8	static
../Core/Src/stm32f7xx_it.c:316:6:TIM4_IRQHandler	8	static
../Core/Src/stm32f7xx_it.c:330:6:USART2_IRQHandler	8	static
../Core/Src/stm32f7xx_it.c:344:6:EXTI15_10_IRQHandler	8	static
../Core/Src/stm32f7xx_it.c:358:6:TIM5_IRQHandler	8	static
../Core/Src/stm32f7xx_it.c:372:6:UART4_IRQHandler	8	static
../Core/Src/stm32f7xx_it.c:386:6:UART5_IRQHandler	8	static
../Core/Src/stm32f7xx_it.c:400:6:DMA2_Stream1_IRQHandler	8	static
../Core/Src/stm32f7xx_it.c:414:6:USART6_IRQHandler	8	static
