../Components/Src/LCD.c:66:6:__lcd_delay_us	16	static
../Components/Src/LCD.c:81:6:__lcd_i2c_write	24	static
../Components/Src/LCD.c:104:6:__lcd_i2c_write_command	16	static
../Components/Src/LCD.c:115:6:__lcd_i2c_write_data	16	static
../Components/Src/LCD.c:127:6:LCD_I2C_Init	16	static
../Components/Src/LCD.c:162:6:LCD_I2C_printCustomChar	16	static
../Components/Src/LCD.c:173:6:LCD_I2C_printDecInt	24	static
../Components/Src/LCD.c:190:6:LCD_I2C_printHexInt	24	static
../Components/Src/LCD.c:204:6:LCD_I2C_printStr	32	static
../Components/Src/LCD.c:217:6:LCD_I2C_SetCursor	16	static
../Components/Src/LCD.c:233:6:LCD_I2C_Clear	16	static
../Components/Src/LCD.c:245:6:LCD_I2C_DefineChar	32	static
../Components/Src/LCD.c:262:6:LCD_I2C_printf	92	static
../Components/Src/LCD.c:277:6:LCD_I2C_DisplaySequentialGlossyText	40	static
../Components/Src/LCD.c:314:6:LCD_I2C_DisplayGlossyText	40	static
../Components/Src/LCD.c:376:6:LCD_I2C_HandleMenuSelection	16	static
../Components/Src/LCD.c:410:9:LCD_I2C_MainMenu	80	dynamic
../Components/Src/LCD.c:477:9:LCD_I2C_MainMenu_Encoder	88	static
../Components/Src/LCD.c:535:6:read_buttons	8	static
