../Components/Src/LCD.c:60:6:__lcd_delay_us	16	static
../Components/Src/LCD.c:75:6:__lcd_i2c_write	24	static
../Components/Src/LCD.c:98:6:__lcd_i2c_write_command	16	static
../Components/Src/LCD.c:109:6:__lcd_i2c_write_data	16	static
../Components/Src/LCD.c:121:6:LCD_I2C_Init	16	static
../Components/Src/LCD.c:156:6:LCD_I2C_printCustomChar	16	static
../Components/Src/LCD.c:167:6:LCD_I2C_printDecInt	24	static
../Components/Src/LCD.c:184:6:LCD_I2C_printHexInt	24	static
../Components/Src/LCD.c:198:6:LCD_I2C_printStr	32	static
../Components/Src/LCD.c:211:6:LCD_I2C_SetCursor	16	static
../Components/Src/LCD.c:227:6:LCD_I2C_Clear	16	static
../Components/Src/LCD.c:239:6:LCD_I2C_DefineChar	32	static
../Components/Src/LCD.c:256:6:LCD_I2C_printf	92	static
../Components/Src/LCD.c:271:6:LCD_I2C_DisplaySequentialGlossyText	40	static
../Components/Src/LCD.c:308:6:LCD_I2C_DisplayGlossyText	40	static
../Components/Src/LCD.c:370:6:LCD_I2C_HandleMenuSelection	16	static
../Components/Src/LCD.c:402:9:LCD_I2C_MainMenu	80	dynamic
../Components/Src/LCD.c:469:9:LCD_I2C_MainMenu_Encoder	88	static
../Components/Src/LCD.c:527:6:read_buttons	8	static
../Components/Src/LCD.c:535:6:sd_card_display_files	1008	static
