../Components/Src/LCD.c:62:6:__lcd_delay_us	16	static
../Components/Src/LCD.c:77:6:__lcd_i2c_write	24	static
../Components/Src/LCD.c:100:6:__lcd_i2c_write_command	16	static
../Components/Src/LCD.c:111:6:__lcd_i2c_write_data	16	static
../Components/Src/LCD.c:123:6:LCD_I2C_Init	16	static
../Components/Src/LCD.c:158:6:LCD_I2C_printCustomChar	16	static
../Components/Src/LCD.c:169:6:LCD_I2C_printDecInt	24	static
../Components/Src/LCD.c:186:6:LCD_I2C_printHexInt	24	static
../Components/Src/LCD.c:200:6:LCD_I2C_printStr	32	static
../Components/Src/LCD.c:213:6:LCD_I2C_Cursor	16	static
../Components/Src/LCD.c:223:6:LCD_I2C_SetCursor	16	static
../Components/Src/LCD.c:236:6:LCD_I2C_Clear	16	static
../Components/Src/LCD.c:248:6:LCD_I2C_DefineChar	32	static
../Components/Src/LCD.c:265:6:LCD_I2C_printf	92	static
../Components/Src/LCD.c:280:6:LCD_I2C_DisplaySequentialGlossyText	40	static
../Components/Src/LCD.c:317:6:LCD_I2C_DisplayGlossyText	40	static
../Components/Src/LCD.c:379:6:LCD_I2C_HandleMenuSelection	32	static
../Components/Src/LCD.c:442:9:LCD_I2C_MainMenu	80	dynamic
../Components/Src/LCD.c:509:9:LCD_I2C_MainMenu_Encoder	96	static
../Components/Src/LCD.c:570:6:read_buttons	8	static
../Components/Src/LCD.c:579:9:MountSDCard	16	static
../Components/Src/LCD.c:583:9:OpenRootDir	16	static
../Components/Src/LCD.c:587:9:ReadFiles	312	static
../Components/Src/LCD.c:604:6:AddBackOption	16	static
../Components/Src/LCD.c:608:6:DisplayMenu	56	static
../Components/Src/LCD.c:644:6:LCD_I2C_DisplaySDMenu	880	static
