../Components/Src/LCD.c:71:6:__lcd_delay_us	16	static
../Components/Src/LCD.c:86:6:__lcd_i2c_write	24	static
../Components/Src/LCD.c:109:6:__lcd_i2c_write_command	16	static
../Components/Src/LCD.c:120:6:__lcd_i2c_write_data	16	static
../Components/Src/LCD.c:132:6:LCD_I2C_Init	16	static
../Components/Src/LCD.c:167:6:LCD_I2C_printCustomChar	16	static
../Components/Src/LCD.c:178:6:LCD_I2C_printDecInt	24	static
../Components/Src/LCD.c:195:6:LCD_I2C_printHexInt	24	static
../Components/Src/LCD.c:209:6:LCD_I2C_printStr	32	static
../Components/Src/LCD.c:222:6:LCD_I2C_Cursor	16	static
../Components/Src/LCD.c:232:6:LCD_I2C_SetCursor	16	static
../Components/Src/LCD.c:245:6:LCD_I2C_Clear	16	static
../Components/Src/LCD.c:249:6:LCD_I2C_ClearAllLines	24	static
../Components/Src/LCD.c:262:6:LCD_I2C_DefineChar	32	static
../Components/Src/LCD.c:279:6:LCD_I2C_printf	92	static
../Components/Src/LCD.c:298:6:LCD_I2C_DisplaySequentialGlossyText	40	static
../Components/Src/LCD.c:336:6:LCD_I2C_HandleMenuSelection	48	static
../Components/Src/LCD.c:378:9:LCD_I2C_menuTemplate	96	dynamic
../Components/Src/LCD.c:472:6:read_buttons	8	static
../Components/Src/LCD.c:480:9:MountSDCard	16	static
../Components/Src/LCD.c:484:9:OpenRootDir	16	static
../Components/Src/LCD.c:488:9:ReadFiles	312	static
../Components/Src/LCD.c:505:6:AddBackOption	16	static
../Components/Src/LCD.c:509:6:DisplayMenu	56	static
../Components/Src/LCD.c:545:6:LCD_I2C_DisplaySDMenu	1128	static
../Components/Src/LCD.c:649:6:process_file	1160	static
../Components/Src/LCD.c:695:6:generate_report	1640	static
../Components/Src/LCD.c:753:6:ftoa	40	static
