../Components/Src/LCD.c:72:6:__lcd_delay_us	16	static
../Components/Src/LCD.c:87:6:__lcd_i2c_write	24	static
../Components/Src/LCD.c:110:6:__lcd_i2c_write_command	16	static
../Components/Src/LCD.c:121:6:__lcd_i2c_write_data	16	static
../Components/Src/LCD.c:133:6:LCD_I2C_Init	16	static
../Components/Src/LCD.c:168:6:LCD_I2C_printCustomChar	16	static
../Components/Src/LCD.c:179:6:LCD_I2C_printDecInt	24	static
../Components/Src/LCD.c:196:6:LCD_I2C_printHexInt	24	static
../Components/Src/LCD.c:210:6:LCD_I2C_printStr	32	static
../Components/Src/LCD.c:223:6:LCD_I2C_Cursor	16	static
../Components/Src/LCD.c:233:6:LCD_I2C_SetCursor	16	static
../Components/Src/LCD.c:246:6:LCD_I2C_Clear	16	static
../Components/Src/LCD.c:250:6:LCD_I2C_ClearAllLines	24	static
../Components/Src/LCD.c:263:6:LCD_I2C_DefineChar	32	static
../Components/Src/LCD.c:280:6:LCD_I2C_printf	92	static
../Components/Src/LCD.c:299:6:LCD_I2C_DisplaySequentialGlossyText	40	static
../Components/Src/LCD.c:337:6:LCD_I2C_HandleMenuSelection	48	static
../Components/Src/LCD.c:379:9:LCD_I2C_menuTemplate	96	dynamic
../Components/Src/LCD.c:473:6:read_buttons	8	static
../Components/Src/LCD.c:481:9:MountSDCard	16	static
../Components/Src/LCD.c:485:9:OpenRootDir	16	static
../Components/Src/LCD.c:489:9:ReadFiles	312	static
../Components/Src/LCD.c:506:6:AddBackOption	16	static
../Components/Src/LCD.c:510:6:DisplayMenu	56	static
../Components/Src/LCD.c:546:6:LCD_I2C_DisplaySDMenu	1136	static
../Components/Src/LCD.c:659:6:process_file	1160	static
../Components/Src/LCD.c:705:6:generate_report	1240	static
../Components/Src/LCD.c:761:6:ftoa	40	static
