../Components/Src/LCD.c:62:6:__lcd_delay_us	16	static
../Components/Src/LCD.c:77:6:__lcd_i2c_write	24	static
../Components/Src/LCD.c:100:6:__lcd_i2c_write_command	16	static
../Components/Src/LCD.c:111:6:__lcd_i2c_write_data	16	static
../Components/Src/LCD.c:123:6:LCD_I2C_Init	16	static
../Components/Src/LCD.c:158:6:LCD_I2C_printCustomChar	16	static
../Components/Src/LCD.c:169:6:LCD_I2C_printDecInt	24	static
../Components/Src/LCD.c:186:6:LCD_I2C_printHexInt	24	static
../Components/Src/LCD.c:200:6:LCD_I2C_printStr	32	static
../Components/Src/LCD.c:213:6:LCD_I2C_Cursor	16	static
../Components/Src/LCD.c:223:6:LCD_I2C_SetCursor	16	static
../Components/Src/LCD.c:236:6:LCD_I2C_Clear	16	static
../Components/Src/LCD.c:240:1:LCD_I2C_ClearAllLines	24	static
../Components/Src/LCD.c:254:6:LCD_I2C_DefineChar	32	static
../Components/Src/LCD.c:271:6:LCD_I2C_printf	92	static
../Components/Src/LCD.c:290:6:LCD_I2C_DisplaySequentialGlossyText	40	static
../Components/Src/LCD.c:328:6:LCD_I2C_HandleMenuSelection	48	static
../Components/Src/LCD.c:370:9:LCD_I2C_menuTemplate	104	dynamic
../Components/Src/LCD.c:467:6:read_buttons	8	static
../Components/Src/LCD.c:475:9:MountSDCard	16	static
../Components/Src/LCD.c:479:9:OpenRootDir	16	static
../Components/Src/LCD.c:483:9:ReadFiles	312	static
../Components/Src/LCD.c:500:6:AddBackOption	16	static
../Components/Src/LCD.c:504:6:DisplayMenu	56	static
../Components/Src/LCD.c:540:6:LCD_I2C_DisplaySDMenu	880	static
