../Components/Src/TMC2209.c:60:6:HAL_TIM_PWM_PulseFinishedCallback	24	static
../Components/Src/TMC2209.c:79:6:HAL_UART_RxCpltCallback	24	static
../Components/Src/TMC2209.c:90:6:TMC2209_SetDirection	16	static
../Components/Src/TMC2209.c:96:6:TMC2209_EnableDriver	16	static
../Components/Src/TMC2209.c:102:9:TMC2209_ReadDiag	16	static
../Components/Src/TMC2209.c:107:10:TMC2209_ReadIndexStatus	16	static
../Components/Src/TMC2209.c:113:6:TMC2209_SetSpeed	32	static
../Components/Src/TMC2209.c:124:6:TMC2209_Stop	24	static
../Components/Src/TMC2209.c:131:6:TMC2209_Start	24	static
../Components/Src/TMC2209.c:139:6:TMC2209_Start_C	24	static
../Components/Src/TMC2209.c:150:13:TMC2209_CountSteps	16	static
../Components/Src/TMC2209.c:157:13:TMC2209_CountSteps_C	16	static
../Components/Src/TMC2209.c:168:6:TMC2209_Step	16	static
../Components/Src/TMC2209.c:175:6:TMC2209_checkStatus	24	static
../Components/Src/TMC2209.c:179:6:TMC2209_MoveTo	40	static
../Components/Src/TMC2209.c:229:6:ProcessGcode	56	static
../Components/Src/TMC2209.c:277:7:debug_print	16	static
../Components/Src/TMC2209.c:281:7:debug_print_hex	128	static
../Components/Src/TMC2209.c:294:9:calculate_CRC	24	static
../Components/Src/TMC2209.c:311:6:clear_UART_buffers	24	static
../Components/Src/TMC2209.c:331:9:TMC2209_WaitForReply	24	static
../Components/Src/TMC2209.c:344:10:TMC2209_sendCommand	32	static
../Components/Src/TMC2209.c:376:6:TMC2209_writeInit	32	static
../Components/Src/TMC2209.c:391:9:TMC2209_readInit	40	static
../Components/Src/TMC2209.c:431:9:TMC2209_SetSpreadCycle	24	static
../Components/Src/TMC2209.c:464:9:checkSpreadCycle	24	static
../Components/Src/TMC2209.c:482:6:TMC2209_enable_PDNuart	16	static
../Components/Src/TMC2209.c:487:9:TMC2209_read_ifcnt	72	static
../Components/Src/TMC2209.c:506:6:setMicrosteppingResolution	88	static
../Components/Src/TMC2209.c:572:10:checkMicrosteppingResolution	80	static
../Components/Src/TMC2209.c:603:6:TMC2209_setIRUN	24	static
../Components/Src/TMC2209.c:620:9:TMC2209_readIRUN	72	static
../Components/Src/TMC2209.c:632:6:configureGCONF	24	static
../Components/Src/TMC2209.c:638:6:testIHOLDIRUN	80	static
../Components/Src/TMC2209.c:672:6:TMC2209_configureSpreadCycle	24	static
../Components/Src/TMC2209.c:708:10:TMC2209_readStallGuardResult	72	static
../Components/Src/TMC2209.c:718:6:TMC2209_setStallGuardThreshold	16	static
../Components/Src/TMC2209.c:723:6:MotorsHoming	24	static
../Components/Src/TMC2209.c:796:6:MotorControl_ButtonHandler	32	static
