../Components/Src/TMC2209.c:44:6:HAL_TIM_PWM_PulseFinishedCallback	24	static
../Components/Src/TMC2209.c:70:6:TMC2209_SetDirection	16	static
../Components/Src/TMC2209.c:76:6:TMC2209_EnableDriver	16	static
../Components/Src/TMC2209.c:82:9:TMC2209_ReadDiag	16	static
../Components/Src/TMC2209.c:87:10:TMC2209_ReadIndexStatus	16	static
../Components/Src/TMC2209.c:93:6:TMC2209_SetSpeed	32	static
../Components/Src/TMC2209.c:112:6:TMC2209_Stop	24	static
../Components/Src/TMC2209.c:119:6:TMC2209_Start	24	static
../Components/Src/TMC2209.c:129:13:TMC2209_CountSteps	16	static
../Components/Src/TMC2209.c:141:6:TMC2209_CountDistance	16	static
../Components/Src/TMC2209.c:151:6:TMC2209_Step	16	static
../Components/Src/TMC2209.c:158:6:TMC2209_checkStatus	24	static
../Components/Src/TMC2209.c:162:6:TMC2209_MoveTo	32	static
../Components/Src/TMC2209.c:213:6:TMC2209_MoveAllMotorsTo	40	static
../Components/Src/TMC2209.c:287:9:getStepPerUnit	24	static
../Components/Src/TMC2209.c:299:6:clear_UART_buffers	24	static
../Components/Src/TMC2209.c:317:6:debug_print	16	static
../Components/Src/TMC2209.c:321:7:debug_print_hex	280	static
../Components/Src/TMC2209.c:334:9:calculate_CRC	24	static
../Components/Src/TMC2209.c:353:9:TMC2209_WaitForReply	24	static
../Components/Src/TMC2209.c:366:10:TMC2209_sendCommand	24	static
../Components/Src/TMC2209.c:399:6:TMC2209_writeInit	32	static
../Components/Src/TMC2209.c:413:9:TMC2209_readInit	40	static
../Components/Src/TMC2209.c:446:6:TMC2209_setPDNuart	176	static
../Components/Src/TMC2209.c:498:6:TMC2209_read_ifcnt	120	static
../Components/Src/TMC2209.c:515:6:configureGCONF	24	static
../Components/Src/TMC2209.c:533:10:TMC2209_setSpreadCycle	184	static
../Components/Src/TMC2209.c:581:6:checkSpreadCycle	24	static
../Components/Src/TMC2209.c:600:10:TMC2209_setMicrosteppingResolution	192	static
../Components/Src/TMC2209.c:690:6:checkMicrosteppingResolution	176	static
../Components/Src/TMC2209.c:724:10:TMC2209_setIRUN	24	static
../Components/Src/TMC2209.c:749:6:TMC2209_readIRUN	128	static
../Components/Src/TMC2209.c:768:6:TMC2209_configureCurrent	24	static
../Components/Src/TMC2209.c:838:10:TMC2209_setSendDelay	24	static
../Components/Src/TMC2209.c:859:7:TMC2209_readTemperature	24	static
../Components/Src/TMC2209.c:876:9:TMC2209_enableStallDetection	24	static
../Components/Src/TMC2209.c:892:6:TMC2209_SetTCoolThrs	32	static
../Components/Src/TMC2209.c:911:6:TMC2209_readSGResult	24	static
../Components/Src/TMC2209.c:924:6:TMC2209_readStandstillIndicator	24	static
../Components/Src/TMC2209.c:945:6:TMC2209_resetMotorsConfiguration	24	static
../Components/Src/TMC2209.c:961:6:TMC2209_checkStall	16	static
