../Components/Src/TMC2209.c:45:6:HAL_TIM_PWM_PulseFinishedCallback	24	static
../Components/Src/TMC2209.c:73:6:TMC2209_SetDirection	16	static
../Components/Src/TMC2209.c:79:6:TMC2209_EnableDriver	16	static
../Components/Src/TMC2209.c:85:9:TMC2209_ReadDiag	16	static
../Components/Src/TMC2209.c:90:10:TMC2209_ReadIndexStatus	16	static
../Components/Src/TMC2209.c:96:6:TMC2209_SetSpeed	32	static
../Components/Src/TMC2209.c:115:6:TMC2209_Stop	24	static
../Components/Src/TMC2209.c:122:6:TMC2209_Start	24	static
../Components/Src/TMC2209.c:132:13:TMC2209_CountSteps	16	static
../Components/Src/TMC2209.c:144:6:TMC2209_CountDistance	24	static
../Components/Src/TMC2209.c:172:6:TMC2209_Step	16	static
../Components/Src/TMC2209.c:179:6:TMC2209_checkStatus	24	static
../Components/Src/TMC2209.c:183:6:TMC2209_MoveTo	32	static
../Components/Src/TMC2209.c:239:6:TMC2209_MoveAllMotorsTo	40	static
../Components/Src/TMC2209.c:313:9:getStepPerUnit	24	static
../Components/Src/TMC2209.c:325:6:clear_UART_buffers	24	static
../Components/Src/TMC2209.c:343:6:debug_print	16	static
../Components/Src/TMC2209.c:347:7:debug_print_hex	280	static
../Components/Src/TMC2209.c:360:9:calculate_CRC	24	static
../Components/Src/TMC2209.c:379:9:TMC2209_WaitForReply	24	static
../Components/Src/TMC2209.c:392:10:TMC2209_sendCommand	24	static
../Components/Src/TMC2209.c:425:6:TMC2209_writeInit	32	static
../Components/Src/TMC2209.c:439:9:TMC2209_readInit	40	static
../Components/Src/TMC2209.c:472:6:TMC2209_setPDNuart	176	static
../Components/Src/TMC2209.c:524:6:TMC2209_read_ifcnt	120	static
../Components/Src/TMC2209.c:541:6:configureGCONF	24	static
../Components/Src/TMC2209.c:559:10:TMC2209_setSpreadCycle	184	static
../Components/Src/TMC2209.c:607:6:checkSpreadCycle	24	static
../Components/Src/TMC2209.c:626:10:TMC2209_setMicrosteppingResolution	192	static
../Components/Src/TMC2209.c:716:6:checkMicrosteppingResolution	176	static
../Components/Src/TMC2209.c:750:10:TMC2209_setIRUN	24	static
../Components/Src/TMC2209.c:775:6:TMC2209_readIRUN	128	static
../Components/Src/TMC2209.c:794:6:TMC2209_configureCurrent	24	static
../Components/Src/TMC2209.c:864:10:TMC2209_setSendDelay	24	static
../Components/Src/TMC2209.c:885:7:TMC2209_readTemperature	24	static
../Components/Src/TMC2209.c:902:9:TMC2209_enableStallDetection	24	static
../Components/Src/TMC2209.c:918:6:TMC2209_SetTCoolThrs	32	static
../Components/Src/TMC2209.c:937:6:TMC2209_readSGResult	24	static
../Components/Src/TMC2209.c:950:6:TMC2209_readStandstillIndicator	24	static
../Components/Src/TMC2209.c:971:6:TMC2209_resetMotorsConfiguration	24	static
../Components/Src/TMC2209.c:987:6:TMC2209_checkStall	16	static
