../Core/Src/main.c:114:5:main	16	static
../Core/Src/main.c:189:6:SystemClock_Config	88	static
../Core/Src/main.c:246:13:MX_ETH_Init	8	static
../Core/Src/main.c:295:13:MX_I2C1_Init	8	static
../Core/Src/main.c:343:13:MX_TIM4_Init	56	static
../Core/Src/main.c:392:13:MX_TIM7_Init	24	static
../Core/Src/main.c:430:13:MX_USART3_UART_Init	8	static
../Core/Src/main.c:465:13:MX_USB_OTG_FS_PCD_Init	8	static
../Core/Src/main.c:500:13:MX_GPIO_Init	56	static
../Core/Src/main.c:574:6:Error_Handler	4	static,ignoring_inline_asm
