Archive member included to satisfy reference by file (symbol)

D:/program files/STM32CubeIDE_1.16.1/STM32CubeIDE/plugins/com.st.stm32cube.ide.mcu.externaltools.gnu-tools-for-stm32.12.3.rel1.win32_1.0.200.202406191623/tools/bin/../lib/gcc/arm-none-eabi/12.3.1/../../../../arm-none-eabi/lib/thumb/v7e-m+fp/hard\libc_nano.a(libc_a-atof.o)
                              ./Components/Src/TMC2209.o (atof)
D:/program files/STM32CubeIDE_1.16.1/STM32CubeIDE/plugins/com.st.stm32cube.ide.mcu.externaltools.gnu-tools-for-stm32.12.3.rel1.win32_1.0.200.202406191623/tools/bin/../lib/gcc/arm-none-eabi/12.3.1/../../../../arm-none-eabi/lib/thumb/v7e-m+fp/hard\libc_nano.a(libc_a-atoi.o)
                              ./Components/Src/command_parser.o (atoi)
D:/program files/STM32CubeIDE_1.16.1/STM32CubeIDE/plugins/com.st.stm32cube.ide.mcu.externaltools.gnu-tools-for-stm32.12.3.rel1.win32_1.0.200.202406191623/tools/bin/../lib/gcc/arm-none-eabi/12.3.1/../../../../arm-none-eabi/lib/thumb/v7e-m+fp/hard\libc_nano.a(libc_a-exit.o)
                              D:/program files/STM32CubeIDE_1.16.1/STM32CubeIDE/plugins/com.st.stm32cube.ide.mcu.externaltools.gnu-tools-for-stm32.12.3.rel1.win32_1.0.200.202406191623/tools/bin/../lib/gcc/arm-none-eabi/12.3.1/../../../../arm-none-eabi/lib/thumb/v7e-m+fp/hard/crt0.o (exit)
D:/program files/STM32CubeIDE_1.16.1/STM32CubeIDE/plugins/com.st.stm32cube.ide.mcu.externaltools.gnu-tools-for-stm32.12.3.rel1.win32_1.0.200.202406191623/tools/bin/../lib/gcc/arm-none-eabi/12.3.1/../../../../arm-none-eabi/lib/thumb/v7e-m+fp/hard\libc_nano.a(libc_a-strtod.o)
                              D:/program files/STM32CubeIDE_1.16.1/STM32CubeIDE/plugins/com.st.stm32cube.ide.mcu.externaltools.gnu-tools-for-stm32.12.3.rel1.win32_1.0.200.202406191623/tools/bin/../lib/gcc/arm-none-eabi/12.3.1/../../../../arm-none-eabi/lib/thumb/v7e-m+fp/hard\libc_nano.a(libc_a-atof.o) (strtod)
D:/program files/STM32CubeIDE_1.16.1/STM32CubeIDE/plugins/com.st.stm32cube.ide.mcu.externaltools.gnu-tools-for-stm32.12.3.rel1.win32_1.0.200.202406191623/tools/bin/../lib/gcc/arm-none-eabi/12.3.1/../../../../arm-none-eabi/lib/thumb/v7e-m+fp/hard\libc_nano.a(libc_a-strtol.o)
                              D:/program files/STM32CubeIDE_1.16.1/STM32CubeIDE/plugins/com.st.stm32cube.ide.mcu.externaltools.gnu-tools-for-stm32.12.3.rel1.win32_1.0.200.202406191623/tools/bin/../lib/gcc/arm-none-eabi/12.3.1/../../../../arm-none-eabi/lib/thumb/v7e-m+fp/hard\libc_nano.a(libc_a-atoi.o) (_strtol_r)
D:/program files/STM32CubeIDE_1.16.1/STM32CubeIDE/plugins/com.st.stm32cube.ide.mcu.externaltools.gnu-tools-for-stm32.12.3.rel1.win32_1.0.200.202406191623/tools/bin/../lib/gcc/arm-none-eabi/12.3.1/../../../../arm-none-eabi/lib/thumb/v7e-m+fp/hard\libc_nano.a(libc_a-ctype_.o)
                              D:/program files/STM32CubeIDE_1.16.1/STM32CubeIDE/plugins/com.st.stm32cube.ide.mcu.externaltools.gnu-tools-for-stm32.12.3.rel1.win32_1.0.200.202406191623/tools/bin/../lib/gcc/arm-none-eabi/12.3.1/../../../../arm-none-eabi/lib/thumb/v7e-m+fp/hard\libc_nano.a(libc_a-strtol.o) (_ctype_)
D:/program files/STM32CubeIDE_1.16.1/STM32CubeIDE/plugins/com.st.stm32cube.ide.mcu.externaltools.gnu-tools-for-stm32.12.3.rel1.win32_1.0.200.202406191623/tools/bin/../lib/gcc/arm-none-eabi/12.3.1/../../../../arm-none-eabi/lib/thumb/v7e-m+fp/hard\libc_nano.a(libc_a-findfp.o)
                              D:/program files/STM32CubeIDE_1.16.1/STM32CubeIDE/plugins/com.st.stm32cube.ide.mcu.externaltools.gnu-tools-for-stm32.12.3.rel1.win32_1.0.200.202406191623/tools/bin/../lib/gcc/arm-none-eabi/12.3.1/../../../../arm-none-eabi/lib/thumb/v7e-m+fp/hard\libc_nano.a(libc_a-exit.o) (__stdio_exit_handler)
D:/program files/STM32CubeIDE_1.16.1/STM32CubeIDE/plugins/com.st.stm32cube.ide.mcu.externaltools.gnu-tools-for-stm32.12.3.rel1.win32_1.0.200.202406191623/tools/bin/../lib/gcc/arm-none-eabi/12.3.1/../../../../arm-none-eabi/lib/thumb/v7e-m+fp/hard\libc_nano.a(libc_a-fwalk.o)
                              D:/program files/STM32CubeIDE_1.16.1/STM32CubeIDE/plugins/com.st.stm32cube.ide.mcu.externaltools.gnu-tools-for-stm32.12.3.rel1.win32_1.0.200.202406191623/tools/bin/../lib/gcc/arm-none-eabi/12.3.1/../../../../arm-none-eabi/lib/thumb/v7e-m+fp/hard\libc_nano.a(libc_a-findfp.o) (_fwalk_sglue)
D:/program files/STM32CubeIDE_1.16.1/STM32CubeIDE/plugins/com.st.stm32cube.ide.mcu.externaltools.gnu-tools-for-stm32.12.3.rel1.win32_1.0.200.202406191623/tools/bin/../lib/gcc/arm-none-eabi/12.3.1/../../../../arm-none-eabi/lib/thumb/v7e-m+fp/hard\libc_nano.a(libc_a-snprintf.o)
                              ./Components/Src/LCD.o (snprintf)
D:/program files/STM32CubeIDE_1.16.1/STM32CubeIDE/plugins/com.st.stm32cube.ide.mcu.externaltools.gnu-tools-for-stm32.12.3.rel1.win32_1.0.200.202406191623/tools/bin/../lib/gcc/arm-none-eabi/12.3.1/../../../../arm-none-eabi/lib/thumb/v7e-m+fp/hard\libc_nano.a(libc_a-sprintf.o)
                              ./Components/Src/LCD.o (sprintf)
[...]
Memory Configuration

Name             Origin             Length             Attributes
RAM              0x20000000         0x00050000         xrw
FLASH            0x08000000         0x00100000         xr
*default*        0x00000000         0xffffffff

Linker script and memory map

LOAD D:/program files/STM32CubeIDE_1.16.1/STM32CubeIDE/plugins/com.st.stm32cube.ide.mcu.externaltools.gnu-tools-for-stm32.12.3.rel1.win32_1.0.200.202406191623/tools/bin/../lib/gcc/arm-none-eabi/12.3.1/thumb/v7e-m+fp/hard/crti.o
LOAD D:/program files/STM32CubeIDE_1.16.1/STM32CubeIDE/plugins/com.st.stm32cube.ide.mcu.externaltools.gnu-tools-for-stm32.12.3.rel1.win32_1.0.200.202406191623/tools/bin/../lib/gcc/arm-none-eabi/12.3.1/thumb/v7e-m+fp/hard/crtbegin.o
LOAD D:/program files/STM32CubeIDE_1.16.1/STM32CubeIDE/plugins/com.st.stm32cube.ide.mcu.externaltools.gnu-tools-for-stm32.12.3.rel1.win32_1.0.200.202406191623/tools/bin/../lib/gcc/arm-none-eabi/12.3.1/../../../../arm-none-eabi/lib/thumb/v7e-m+fp/hard/crt0.o
LOAD ./Components/Src/LCD.o
LOAD ./Components/Src/TMC2209.o
LOAD ./Components/Src/TMC2209_configs.o
LOAD ./Components/Src/command_parser.o
LOAD ./Components/Src/encoder.o
LOAD ./Components/Src/encoder_config.o
LOAD ./Components/Src/extras.o
LOAD ./Components/Src/lcd_config.o
LOAD ./Components/Src/sd_card_reader.o
LOAD ./Components/Src/servo.o
LOAD ./Components/Src/uart_handler.o
LOAD ./Core/Src/calibration.o
LOAD ./Core/Src/main.o
LOAD ./Core/Src/stm32f7xx_hal_msp.o
LOAD ./Core/Src/stm32f7xx_it.o
LOAD ./Core/Src/syscalls.o
LOAD ./Core/Src/sysmem.o
LOAD ./Core/Src/system_stm32f7xx.o
LOAD ./Core/Startup/startup_stm32f746zgtx.o
LOAD ./Drivers/STM32F7xx_HAL_Driver/Src/stm32f7xx_hal.o
LOAD ./Drivers/STM32F7xx_HAL_Driver/Src/stm32f7xx_hal_cortex.o
LOAD ./Drivers/STM32F7xx_HAL_Driver/Src/stm32f7xx_hal_dma.o
LOAD ./Drivers/STM32F7xx_HAL_Driver/Src/stm32f7xx_hal_dma_ex.o
LOAD ./Drivers/STM32F7xx_HAL_Driver/Src/stm32f7xx_hal_exti.o
LOAD ./Drivers/STM32F7xx_HAL_Driver/Src/stm32f7xx_hal_flash.o
LOAD ./Drivers/STM32F7xx_HAL_Driver/Src/stm32f7xx_hal_flash_ex.o
LOAD ./Drivers/STM32F7xx_HAL_Driver/Src/stm32f7xx_hal_gpio.o
LOAD ./Drivers/STM32F7xx_HAL_Driver/Src/stm32f7xx_hal_i2c.o
LOAD ./Drivers/STM32F7xx_HAL_Driver/Src/stm32f7xx_hal_i2c_ex.o
LOAD ./Drivers/STM32F7xx_HAL_Driver/Src/stm32f7xx_hal_pcd.o
LOAD ./Drivers/STM32F7xx_HAL_Driver/Src/stm32f7xx_hal_pcd_ex.o
LOAD ./Drivers/STM32F7xx_HAL_Driver/Src/stm32f7xx_hal_pwr.o
LOAD ./Drivers/STM32F7xx_HAL_Driver/Src/stm32f7xx_hal_pwr_ex.o
LOAD ./Drivers/STM32F7xx_HAL_Driver/Src/stm32f7xx_hal_rcc.o
LOAD ./Drivers/STM32F7xx_HAL_Driver/Src/stm32f7xx_hal_rcc_ex.o
LOAD ./Drivers/STM32F7xx_HAL_Driver/Src/stm32f7xx_hal_spi.o
LOAD ./Drivers/STM32F7xx_HAL_Driver/Src/stm32f7xx_hal_spi_ex.o
LOAD ./Drivers/STM32F7xx_HAL_Driver/Src/stm32f7xx_hal_tim.o
LOAD ./Drivers/STM32F7xx_HAL_Driver/Src/stm32f7xx_hal_tim_ex.o
LOAD ./Drivers/STM32F7xx_HAL_Driver/Src/stm32f7xx_hal_uart.o
LOAD ./Drivers/STM32F7xx_HAL_Driver/Src/stm32f7xx_hal_uart_ex.o
LOAD ./Drivers/STM32F7xx_HAL_Driver/Src/stm32f7xx_ll_usb.o
LOAD ./FATFS/App/fatfs.o
LOAD ./FATFS/Target/user_diskio.o
LOAD ./FATFS/Target/user_diskio_spi.o
LOAD ./Middlewares/Third_Party/FatFs/src/diskio.o
LOAD ./Middlewares/Third_Party/FatFs/src/ff.o
LOAD ./Middlewares/Third_Party/FatFs/src/ff_gen_drv.o
LOAD ./Middlewares/Third_Party/FatFs/src/option/ccsbcs.o
LOAD ./Middlewares/Third_Party/FatFs/src/option/syscall.o
START GROUP
LOAD D:/program files/STM32CubeIDE_1.16.1/STM32CubeIDE/plugins/com.st.stm32cube.ide.mcu.externaltools.gnu-tools-for-stm32.12.3.rel1.win32_1.0.200.202406191623/tools/bin/../lib/gcc/arm-none-eabi/12.3.1/../../../../arm-none-eabi/lib/thumb/v7e-m+fp/hard\libc_nano.a
LOAD D:/program files/STM32CubeIDE_1.16.1/STM32CubeIDE/plugins/com.st.stm32cube.ide.mcu.externaltools.gnu-tools-for-stm32.12.3.rel1.win32_1.0.200.202406191623/tools/bin/../lib/gcc/arm-none-eabi/12.3.1/../../../../arm-none-eabi/lib/thumb/v7e-m+fp/hard\libm.a
END GROUP
START GROUP
LOAD D:/program files/STM32CubeIDE_1.16.1/STM32CubeIDE/plugins/com.st.stm32cube.ide.mcu.externaltools.gnu-tools-for-stm32.12.3.rel1.win32_1.0.200.202406191623/tools/bin/../lib/gcc/arm-none-eabi/12.3.1/thumb/v7e-m+fp/hard\libgcc.a
LOAD D:/program files/STM32CubeIDE_1.16.1/STM32CubeIDE/plugins/com.st.stm32cube.ide.mcu.externaltools.gnu-tools-for-stm32.12.3.rel1.win32_1.0.200.202406191623/tools/bin/../lib/gcc/arm-none-eabi/12.3.1/../../../../arm-none-eabi/lib/thumb/v7e-m+fp/hard\libc_nano.a
END GROUP
START GROUP
LOAD D:/program files/STM32CubeIDE_1.16.1/STM32CubeIDE/plugins/com.st.stm32cube.ide.mcu.externaltools.gnu-tools-for-stm32.12.3.rel1.win32_1.0.200.202406191623/tools/bin/../lib/gcc/arm-none-eabi/12.3.1/thumb/v7e-m+fp/hard\libgcc.a
LOAD D:/program files/STM32CubeIDE_1.16.1/STM32CubeIDE/plugins/com.st.stm32cube.ide.mcu.externaltools.gnu-tools-for-stm32.12.3.rel1.win32_1.0.200.202406191623/tools/bin/../lib/gcc/arm-none-eabi/12.3.1/../../../../arm-none-eabi/lib/thumb/v7e-m+fp/hard\libc_nano.a
LOAD D:/program files/STM32CubeIDE_1.16.1/STM32CubeIDE/plugins/com.st.stm32cube.ide.mcu.externaltools.gnu-tools-for-stm32.12.3.rel1.win32_1.0.200.202406191623/tools/bin/../lib/gcc/arm-none-eabi/12.3.1/../../../../arm-none-eabi/lib/thumb/v7e-m+fp/hard\libnosys.a
END GROUP
START GROUP
LOAD D:/program files/STM32CubeIDE_1.16.1/STM32CubeIDE/plugins/com.st.stm32cube.ide.mcu.externaltools.gnu-tools-for-stm32.12.3.rel1.win32_1.0.200.202406191623/tools/bin/../lib/gcc/arm-none-eabi/12.3.1/thumb/v7e-m+fp/hard\libgcc.a
LOAD D:/program files/STM32CubeIDE_1.16.1/STM32CubeIDE/plugins/com.st.stm32cube.ide.mcu.externaltools.gnu-tools-for-stm32.12.3.rel1.win32_1.0.200.202406191623/tools/bin/../lib/gcc/arm-none-eabi/12.3.1/../../../../arm-none-eabi/lib/thumb/v7e-m+fp/hard\libc_nano.a
LOAD D:/program files/STM32CubeIDE_1.16.1/STM32CubeIDE/plugins/com.st.stm32cube.ide.mcu.externaltools.gnu-tools-for-stm32.12.3.rel1.win32_1.0.200.202406191623/tools/bin/../lib/gcc/arm-none-eabi/12.3.1/../../../../arm-none-eabi/lib/thumb/v7e-m+fp/hard\libnosys.a
END GROUP
LOAD D:/program files/STM32CubeIDE_1.16.1/STM32CubeIDE/plugins/com.st.stm32cube.ide.mcu.externaltools.gnu-tools-for-stm32.12.3.rel1.win32_1.0.200.202406191623/tools/bin/../lib/gcc/arm-none-eabi/12.3.1/thumb/v7e-m+fp/hard/crtend.o
LOAD D:/program files/STM32CubeIDE_1.16.1/STM32CubeIDE/plugins/com.st.stm32cube.ide.mcu.externaltools.gnu-tools-for-stm32.12.3.rel1.win32_1.0.200.202406191623/tools/bin/../lib/gcc/arm-none-eabi/12.3.1/thumb/v7e-m+fp/hard/crtn.o
                0x20050000                        _estack = (ORIGIN (RAM) + LENGTH (RAM))
                0x00000200                        _Min_Heap_Size = 0x200
                0x00000400                        _Min_Stack_Size = 0x400

.isr_vector     0x08000000      0x1c8
                0x08000000                        . = ALIGN (0x4)
 *(.isr_vector)
 .isr_vector    0x08000000      0x1c8 ./Core/Startup/startup_stm32f746zgtx.o
                0x08000000                g_pfnVectors
                0x080001c8                        . = ALIGN (0x4)

.text           0x080001d0     0xc05c
                0x080001d0                        . = ALIGN (0x4)
 *(.text)
 .text          0x080001d0       0x40 D:/program files/STM32CubeIDE_1.16.1/STM32CubeIDE/plugins/com.st.stm32cube.ide.mcu.externaltools.gnu-tools-for-stm32.12.3.rel1.win32_1.0.200.202406191623/tools/bin/../lib/gcc/arm-none-eabi/12.3.1/thumb/v7e-m+fp/hard/crtbegin.o
 .text          0x08000210       0x10 D:/program files/STM32CubeIDE_1.16.1/STM32CubeIDE/plugins/com.st.stm32cube.ide.mcu.externaltools.gnu-tools-for-stm32.12.3.rel1.win32_1.0.200.202406191623/tools/bin/../lib/gcc/arm-none-eabi/12.3.1/../../../../arm-none-eabi/lib/thumb/v7e-m+fp/hard\libc_nano.a(libc_a-strlen.o)
                0x08000210                strlen
 .text          0x08000220       0xa0 D:/program files/STM32CubeIDE_1.16.1/STM32CubeIDE/plugins/com.st.stm32cube.ide.mcu.externaltools.gnu-tools-for-stm32.12.3.rel1.win32_1.0.200.202406191623/tools/bin/../lib/gcc/arm-none-eabi/12.3.1/../../../../arm-none-eabi/lib/thumb/v7e-m+fp/hard\libc_nano.a(libc_a-memchr.o)
                0x08000220                memchr
 .text          0x080002c0       0x30 D:/program files/STM32CubeIDE_1.16.1/STM32CubeIDE/plugins/com.st.stm32cube.ide.mcu.externaltools.gnu-tools-for-stm32.12.3.rel1.win32_1.0.200.202406191623/tools/bin/../lib/gcc/arm-none-eabi/12.3.1/thumb/v7e-m+fp/hard\libgcc.a(_aeabi_uldivmod.o)
                0x080002c0                __aeabi_uldivmod
 .text          0x080002f0      0x2bc D:/program files/STM32CubeIDE_1.16.1/STM32CubeIDE/plugins/com.st.stm32cube.ide.mcu.externaltools.gnu-tools-for-stm32.12.3.rel1.win32_1.0.200.202406191623/tools/bin/../lib/gcc/arm-none-eabi/12.3.1/thumb/v7e-m+fp/hard\libgcc.a(_udivmoddi4.o)
                0x080002f0                __udivmoddi4
 .text          0x080005ac        0x4 D:/program files/STM32CubeIDE_1.16.1/STM32CubeIDE/plugins/com.st.stm32cube.ide.mcu.externaltools.gnu-tools-for-stm32.12.3.rel1.win32_1.0.200.202406191623/tools/bin/../lib/gcc/arm-none-eabi/12.3.1/thumb/v7e-m+fp/hard\libgcc.a(_dvmd_tls.o)
                0x080005ac                __aeabi_idiv0
                0x080005ac                __aeabi_ldiv0
 *(.text*)
 .text.__lcd_delay_us
                0x080005b0       0x36 ./Components/Src/LCD.o
                0x080005b0                __lcd_delay_us
 *fill*         0x080005e6        0x2 
 .text.__lcd_i2c_write
                0x080005e8       0xb0 ./Components/Src/LCD.o
                0x080005e8                __lcd_i2c_write
 .text.__lcd_i2c_write_command
                0x08000698       0x20 ./Components/Src/LCD.o
                0x08000698                __lcd_i2c_write_command
 .text.__lcd_i2c_write_data
                0x080006b8       0x20 ./Components/Src/LCD.o
                0x080006b8                __lcd_i2c_write_data
 .text.LCD_I2C_Init
                0x080006d8       0xaa ./Components/Src/LCD.o
                0x080006d8                LCD_I2C_Init
 .text.LCD_I2C_printCustomChar
                0x08000782       0x1e ./Components/Src/LCD.o
                0x08000782                LCD_I2C_printCustomChar
 .text.LCD_I2C_Cursor
                0x080007a0       0x34 ./Components/Src/LCD.o
                0x080007a0                LCD_I2C_Cursor
 .text.LCD_I2C_SetCursor
                0x080007d4       0x40 ./Components/Src/LCD.o
                0x080007d4                LCD_I2C_SetCursor
 .text.LCD_I2C_Clear
                0x08000814       0x18 ./Components/Src/LCD.o
                0x08000814                LCD_I2C_Clear
 .text.LCD_I2C_DefineChar
                0x0800082c       0x4c ./Components/Src/LCD.o
                0x0800082c                LCD_I2C_DefineChar
 .text.LCD_I2C_DisplaySequentialGlossyText
                0x08000878       0xa4 ./Components/Src/LCD.o
                0x08000878                LCD_I2C_DisplaySequentialGlossyText
 .text.HAL_TIM_PWM_PulseFinishedCallback
                0x0800091c      0x124 ./Components/Src/TMC2209.o
                0x0800091c                HAL_TIM_PWM_PulseFinishedCallback
 .text.TMC2209_SetDirection
                0x08000a40       0x30 ./Components/Src/TMC2209.o
                0x08000a40                TMC2209_SetDirection
 .text.TMC2209_EnableDriver
                0x08000a70       0x24 ./Components/Src/TMC2209.o
                0x08000a70                TMC2209_EnableDriver
 .text.TMC2209_SetSpeed
                0x08000a94       0xc0 ./Components/Src/TMC2209.o
                0x08000a94                TMC2209_SetSpeed
 .text.TMC2209_Stop
                0x08000b54       0x2c ./Components/Src/TMC2209.o
                0x08000b54                TMC2209_Stop
 .text.TMC2209_Start
                0x08000b80       0x34 ./Components/Src/TMC2209.o
                0x08000b80                TMC2209_Start
 .text.TMC2209_Start_C
                0x08000bb4       0x34 ./Components/Src/TMC2209.o
                0x08000bb4                TMC2209_Start_C
 .text.TMC2209_CountSteps
                0x08000be8       0x38 ./Components/Src/TMC2209.o
 .text.TMC2209_MoveTo
                0x08000c20       0xe4 ./Components/Src/TMC2209.o
                0x08000c20                TMC2209_MoveTo
 .text.debug_print
                0x08000d04       0x2c ./Components/Src/TMC2209.o
                0x08000d04                debug_print
 .text.debug_print_hex
                0x08000d30       0xc4 ./Components/Src/TMC2209.o
                0x08000d30                debug_print_hex
 .text.calculate_CRC
                0x08000df4       0x7c ./Components/Src/TMC2209.o
                0x08000df4                calculate_CRC
 .text.TMC2209_WaitForReply
                0x08000e70       0x4c ./Components/Src/TMC2209.o
                0x08000e70                TMC2209_WaitForReply
 .text.TMC2209_sendCommand
                0x08000ebc       0xac ./Components/Src/TMC2209.o
                0x08000ebc                TMC2209_sendCommand
 .text.TMC2209_writeInit
                0x08000f68       0x66 ./Components/Src/TMC2209.o
                0x08000f68                TMC2209_writeInit
 *fill*         0x08000fce        0x2 
 .text.TMC2209_readInit
                0x08000fd0       0xf0 ./Components/Src/TMC2209.o
                0x08000fd0                TMC2209_readInit
 .text.setMicrosteppingResolution
                0x080010c0      0x1e4 ./Components/Src/TMC2209.o
                0x080010c0                setMicrosteppingResolution
 .text.configureGCONF
                0x080012a4       0x2c ./Components/Src/TMC2209.o
                0x080012a4                configureGCONF
 .text.TMC2209_setMotorsConfiguration
                0x080012d0       0xaa ./Components/Src/TMC2209.o
                0x080012d0                TMC2209_setMotorsConfiguration
 *fill*         0x0800137a        0x2 
 .text.initializeMotors
                0x0800137c      0x42c ./Components/Src/TMC2209_configs.o
                0x0800137c                initializeMotors
 .text.initializeAxis
                0x080017a8       0x9c ./Components/Src/TMC2209_configs.o
                0x080017a8                initializeAxis
 .text.initializeSystem
                0x08001844       0x4c ./Components/Src/TMC2209_configs.o
                0x08001844                initializeSystem
 .text.ENC_Init
                0x08001890       0x1c ./Components/Src/encoder.o
                0x08001890                ENC_Init
 .text.IsSensorTriggered
                0x080018ac       0x2e ./Components/Src/extras.o
                0x080018ac                IsSensorTriggered
 .text.PWM_Init
                0x080018da       0x30 ./Components/Src/servo.o
                0x080018da                PWM_Init
 *fill*         0x0800190a        0x2 
 .text.PWM_WriteDuty
                0x0800190c       0xec ./Components/Src/servo.o
                0x0800190c                PWM_WriteDuty
 .text.SERVO_Init
                0x080019f8       0x28 ./Components/Src/servo.o
                0x080019f8                SERVO_Init
 .text.SERVO_WritePosition
                0x08001a20       0x70 ./Components/Src/servo.o
                0x08001a20                SERVO_WritePosition
 .text.HAL_UART_RxCpltCallback
                0x08001a90       0x68 ./Components/Src/uart_handler.o
                0x08001a90                HAL_UART_RxCpltCallback
 .text.motorHoming
                0x08001af8       0xa0 ./Core/Src/calibration.o
                0x08001af8                motorHoming
 .text.MotorsHoming
                0x08001b98       0x88 ./Core/Src/calibration.o
                0x08001b98                MotorsHoming
 .text.MotorControl_ButtonHandler
                0x08001c20      0x54c ./Core/Src/calibration.o
                0x08001c20                MotorControl_ButtonHandler
 .text.HAL_GPIO_EXTI_Callback
                0x0800216c       0x28 ./Core/Src/main.o
                0x0800216c                HAL_GPIO_EXTI_Callback
 .text.main     0x08002194      0x1c0 ./Core/Src/main.o
                0x08002194                main
 .text.SystemClock_Config
                0x08002354       0xdc ./Core/Src/main.o
                0x08002354                SystemClock_Config
 .text.MX_I2C1_Init
                0x08002430       0x80 ./Core/Src/main.o
 .text.MX_SPI2_Init
                0x080024b0       0x7c ./Core/Src/main.o
 .text.MX_TIM1_Init
                0x0800252c      0x158 ./Core/Src/main.o
 .text.MX_TIM2_Init
                0x08002684       0xf0 ./Core/Src/main.o
 .text.MX_TIM3_Init
                0x08002774       0xf0 ./Core/Src/main.o
 .text.MX_TIM4_Init
                0x08002864       0xac ./Core/Src/main.o
 .text.MX_TIM5_Init
                0x08002910       0xb8 ./Core/Src/main.o
 .text.MX_TIM7_Init
                0x080029c8       0x6c ./Core/Src/main.o
 .text.MX_TIM9_Init
                0x08002a34       0xc4 ./Core/Src/main.o
 .text.MX_TIM14_Init
                0x08002af8       0x9c ./Core/Src/main.o
 .text.MX_UART4_Init
                0x08002b94       0x60 ./Core/Src/main.o
 .text.MX_UART5_Init
                0x08002bf4       0x60 ./Core/Src/main.o
 .text.MX_USART2_UART_Init
                0x08002c54       0x60 ./Core/Src/main.o
 .text.MX_USART3_UART_Init
                0x08002cb4       0x60 ./Core/Src/main.o
 .text.MX_USART6_UART_Init
                0x08002d14       0x60 ./Core/Src/main.o
 .text.MX_USB_OTG_FS_PCD_Init
                0x08002d74       0x5c ./Core/Src/main.o
 .text.MX_DMA_Init
                0x08002dd0       0x84 ./Core/Src/main.o
 .text.MX_GPIO_Init
                0x08002e54      0x250 ./Core/Src/main.o
 .text.Error_Handler
                0x080030a4        0xc ./Core/Src/main.o
                0x080030a4                Error_Handler
 .text.HAL_MspInit
                0x080030b0       0x48 ./Core/Src/stm32f7xx_hal_msp.o
                0x080030b0                HAL_MspInit
 .text.HAL_I2C_MspInit
                0x080030f8       0xc0 ./Core/Src/stm32f7xx_hal_msp.o
                0x080030f8                HAL_I2C_MspInit
 .text.HAL_SPI_MspInit
                0x080031b8       0xc4 ./Core/Src/stm32f7xx_hal_msp.o
                0x080031b8                HAL_SPI_MspInit
 .text.HAL_TIM_Base_MspInit
                0x0800327c      0x130 ./Core/Src/stm32f7xx_hal_msp.o
                0x0800327c                HAL_TIM_Base_MspInit
 .text.HAL_TIM_Encoder_MspInit
                0x080033ac       0x98 ./Core/Src/stm32f7xx_hal_msp.o
                0x080033ac                HAL_TIM_Encoder_MspInit
 .text.HAL_TIM_PWM_MspInit
                0x08003444       0x4c ./Core/Src/stm32f7xx_hal_msp.o
                0x08003444                HAL_TIM_PWM_MspInit
 .text.HAL_TIM_MspPostInit
                0x08003490      0x1e0 ./Core/Src/stm32f7xx_hal_msp.o
                0x08003490                HAL_TIM_MspPostInit
 .text.HAL_UART_MspInit
                0x08003670      0x510 ./Core/Src/stm32f7xx_hal_msp.o
                0x08003670                HAL_UART_MspInit
 .text.HAL_PCD_MspInit
                0x08003b80       0xf4 ./Core/Src/stm32f7xx_hal_msp.o
                0x08003b80                HAL_PCD_MspInit
 .text.NMI_Handler
                0x08003c74        0x8 ./Core/Src/stm32f7xx_it.o
                0x08003c74                NMI_Handler
 .text.HardFault_Handler
                0x08003c7c        0x8 ./Core/Src/stm32f7xx_it.o
                0x08003c7c                HardFault_Handler
 .text.MemManage_Handler
                0x08003c84        0x8 ./Core/Src/stm32f7xx_it.o
                0x08003c84                MemManage_Handler
 .text.BusFault_Handler
                0x08003c8c        0x8 ./Core/Src/stm32f7xx_it.o
                0x08003c8c                BusFault_Handler
 .text.UsageFault_Handler
                0x08003c94        0x8 ./Core/Src/stm32f7xx_it.o
                0x08003c94                UsageFault_Handler
 .text.SVC_Handler
                0x08003c9c        0xe ./Core/Src/stm32f7xx_it.o
                0x08003c9c                SVC_Handler
 .text.DebugMon_Handler
                0x08003caa        0xe ./Core/Src/stm32f7xx_it.o
                0x08003caa                DebugMon_Handler
 .text.PendSV_Handler
                0x08003cb8        0xe ./Core/Src/stm32f7xx_it.o
                0x08003cb8                PendSV_Handler
 .text.SysTick_Handler
                0x08003cc6        0xc ./Core/Src/stm32f7xx_it.o
                0x08003cc6                SysTick_Handler
 *fill*         0x08003cd2        0x2 
 .text.DMA1_Stream0_IRQHandler
                0x08003cd4       0x14 ./Core/Src/stm32f7xx_it.o
                0x08003cd4                DMA1_Stream0_IRQHandler
 .text.DMA1_Stream2_IRQHandler
                0x08003ce8       0x14 ./Core/Src/stm32f7xx_it.o
                0x08003ce8                DMA1_Stream2_IRQHandler
 .text.DMA1_Stream5_IRQHandler
                0x08003cfc       0x14 ./Core/Src/stm32f7xx_it.o
                0x08003cfc                DMA1_Stream5_IRQHandler
 .text.TIM1_CC_IRQHandler
                0x08003d10       0x14 ./Core/Src/stm32f7xx_it.o
                0x08003d10                TIM1_CC_IRQHandler
 .text.TIM2_IRQHandler
                0x08003d24       0x14 ./Core/Src/stm32f7xx_it.o
                0x08003d24                TIM2_IRQHandler
 .text.TIM3_IRQHandler
                0x08003d38       0x14 ./Core/Src/stm32f7xx_it.o
                0x08003d38                TIM3_IRQHandler
 .text.TIM4_IRQHandler
                0x08003d4c       0x14 ./Core/Src/stm32f7xx_it.o
                0x08003d4c                TIM4_IRQHandler
 .text.USART2_IRQHandler
                0x08003d60       0x14 ./Core/Src/stm32f7xx_it.o
                0x08003d60                USART2_IRQHandler
 .text.EXTI15_10_IRQHandler
                0x08003d74       0x10 ./Core/Src/stm32f7xx_it.o
                0x08003d74                EXTI15_10_IRQHandler
 .text.TIM5_IRQHandler
                0x08003d84       0x14 ./Core/Src/stm32f7xx_it.o
                0x08003d84                TIM5_IRQHandler
 .text.UART4_IRQHandler
                0x08003d98       0x14 ./Core/Src/stm32f7xx_it.o
                0x08003d98                UART4_IRQHandler
 .text.UART5_IRQHandler
                0x08003dac       0x14 ./Core/Src/stm32f7xx_it.o
                0x08003dac                UART5_IRQHandler
 .text.DMA2_Stream1_IRQHandler
                0x08003dc0       0x14 ./Core/Src/stm32f7xx_it.o
                0x08003dc0                DMA2_Stream1_IRQHandler
 .text.USART6_IRQHandler
                0x08003dd4       0x14 ./Core/Src/stm32f7xx_it.o
                0x08003dd4                USART6_IRQHandler
 .text._sbrk    0x08003de8       0x6c ./Core/Src/sysmem.o
                0x08003de8                _sbrk
 .text.SystemInit
                0x08003e54       0x24 ./Core/Src/system_stm32f7xx.o
                0x08003e54                SystemInit
 .text.Reset_Handler
                0x08003e78       0x50 ./Core/Startup/startup_stm32f746zgtx.o
                0x08003e78                Reset_Handler
 .text.Default_Handler
                0x08003ec8        0x2 ./Core/Startup/startup_stm32f746zgtx.o
                0x08003ec8                RTC_Alarm_IRQHandler
                0x08003ec8                EXTI2_IRQHandler
                0x08003ec8                TIM8_CC_IRQHandler
                0x08003ec8                UART8_IRQHandler
                0x08003ec8                SPI4_IRQHandler
                0x08003ec8                DMA2_Stream5_IRQHandler
                0x08003ec8                PVD_IRQHandler
                0x08003ec8                TAMP_STAMP_IRQHandler
                0x08003ec8                CAN2_RX1_IRQHandler
                0x08003ec8                EXTI3_IRQHandler
                0x08003ec8                TIM8_TRG_COM_TIM14_IRQHandler
                0x08003ec8                TIM1_UP_TIM10_IRQHandler
                0x08003ec8                TIM8_UP_TIM13_IRQHandler
                0x08003ec8                I2C3_ER_IRQHandler
                0x08003ec8                EXTI0_IRQHandler
                0x08003ec8                I2C2_EV_IRQHandler
                0x08003ec8                CAN1_RX0_IRQHandler
                0x08003ec8                FPU_IRQHandler
                0x08003ec8                OTG_HS_WKUP_IRQHandler
                0x08003ec8                LTDC_ER_IRQHandler
                0x08003ec8                CAN2_SCE_IRQHandler
                0x08003ec8                DMA2_Stream2_IRQHandler
                0x08003ec8                SPI1_IRQHandler
                0x08003ec8                TIM6_DAC_IRQHandler
                0x08003ec8                TIM1_BRK_TIM9_IRQHandler
                0x08003ec8                DCMI_IRQHandler
                0x08003ec8                CAN2_RX0_IRQHandler
                0x08003ec8                DMA2_Stream3_IRQHandler
                0x08003ec8                SAI2_IRQHandler
                0x08003ec8                USART3_IRQHandler
                0x08003ec8                CAN1_RX1_IRQHandler
                0x08003ec8                DMA2_Stream0_IRQHandler
                0x08003ec8                QUADSPI_IRQHandler
                0x08003ec8                I2C1_EV_IRQHandler
                0x08003ec8                DMA1_Stream6_IRQHandler
                0x08003ec8                DMA1_Stream1_IRQHandler
                0x08003ec8                RCC_IRQHandler
                0x08003ec8                TIM8_BRK_TIM12_IRQHandler
                0x08003ec8                Default_Handler
                0x08003ec8                CEC_IRQHandler
                0x08003ec8                ADC_IRQHandler
                0x08003ec8                DMA1_Stream7_IRQHandler
                0x08003ec8                SPI5_IRQHandler
                0x08003ec8                TIM7_IRQHandler
                0x08003ec8                SDMMC1_IRQHandler
                0x08003ec8                CAN2_TX_IRQHandler
                0x08003ec8                DMA2_Stream7_IRQHandler
                0x08003ec8                I2C3_EV_IRQHandler
                0x08003ec8                EXTI9_5_IRQHandler
                0x08003ec8                RTC_WKUP_IRQHandler
                0x08003ec8                LTDC_IRQHandler
                0x08003ec8                ETH_WKUP_IRQHandler
                0x08003ec8                SPDIF_RX_IRQHandler
                0x08003ec8                SPI2_IRQHandler
                0x08003ec8                OTG_HS_EP1_IN_IRQHandler
                0x08003ec8                CAN1_TX_IRQHandler
                0x08003ec8                EXTI4_IRQHandler
                0x08003ec8                RNG_IRQHandler
                0x08003ec8                ETH_IRQHandler
                0x08003ec8                OTG_HS_EP1_OUT_IRQHandler
                0x08003ec8                WWDG_IRQHandler
                0x08003ec8                SPI6_IRQHandler
                0x08003ec8                I2C4_EV_IRQHandler
                0x08003ec8                OTG_FS_WKUP_IRQHandler
                0x08003ec8                TIM1_TRG_COM_TIM11_IRQHandler
                0x08003ec8                OTG_HS_IRQHandler
                0x08003ec8                DMA2D_IRQHandler
                0x08003ec8                EXTI1_IRQHandler
                0x08003ec8                UART7_IRQHandler
                0x08003ec8                I2C2_ER_IRQHandler
                0x08003ec8                CAN1_SCE_IRQHandler
                0x08003ec8                FLASH_IRQHandler
                0x08003ec8                DMA2_Stream4_IRQHandler
                0x08003ec8                USART1_IRQHandler
                0x08003ec8                OTG_FS_IRQHandler
                0x08003ec8                SPI3_IRQHandler
                0x08003ec8                DMA1_Stream4_IRQHandler
                0x08003ec8                I2C1_ER_IRQHandler
                0x08003ec8                FMC_IRQHandler
                0x08003ec8                LPTIM1_IRQHandler
                0x08003ec8                I2C4_ER_IRQHandler
                0x08003ec8                DMA2_Stream6_IRQHandler
                0x08003ec8                SAI1_IRQHandler
                0x08003ec8                DMA1_Stream3_IRQHandler
 .text.HAL_Init
                0x08003eca       0x1a ./Drivers/STM32F7xx_HAL_Driver/Src/stm32f7xx_hal.o
                0x08003eca                HAL_Init
 .text.HAL_InitTick
                0x08003ee4       0x60 ./Drivers/STM32F7xx_HAL_Driver/Src/stm32f7xx_hal.o
                0x08003ee4                HAL_InitTick
 .text.HAL_IncTick
                0x08003f44       0x28 ./Drivers/STM32F7xx_HAL_Driver/Src/stm32f7xx_hal.o
                0x08003f44                HAL_IncTick
 .text.HAL_GetTick
                0x08003f6c       0x18 ./Drivers/STM32F7xx_HAL_Driver/Src/stm32f7xx_hal.o
                0x08003f6c                HAL_GetTick
 .text.HAL_Delay
                0x08003f84       0x48 ./Drivers/STM32F7xx_HAL_Driver/Src/stm32f7xx_hal.o
                0x08003f84                HAL_Delay
 .text.__NVIC_SetPriorityGrouping
                0x08003fcc       0x48 ./Drivers/STM32F7xx_HAL_Driver/Src/stm32f7xx_hal_cortex.o
 .text.__NVIC_GetPriorityGrouping
                0x08004014       0x1c ./Drivers/STM32F7xx_HAL_Driver/Src/stm32f7xx_hal_cortex.o
 .text.__NVIC_EnableIRQ
                0x08004030       0x3c ./Drivers/STM32F7xx_HAL_Driver/Src/stm32f7xx_hal_cortex.o
 .text.__NVIC_SetPriority
                0x0800406c       0x54 ./Drivers/STM32F7xx_HAL_Driver/Src/stm32f7xx_hal_cortex.o
 .text.NVIC_EncodePriority
                0x080040c0       0x66 ./Drivers/STM32F7xx_HAL_Driver/Src/stm32f7xx_hal_cortex.o
 *fill*         0x08004126        0x2 
 .text.SysTick_Config
                0x08004128       0x44 ./Drivers/STM32F7xx_HAL_Driver/Src/stm32f7xx_hal_cortex.o
 .text.HAL_NVIC_SetPriorityGrouping
                0x0800416c       0x16 ./Drivers/STM32F7xx_HAL_Driver/Src/stm32f7xx_hal_cortex.o
                0x0800416c                HAL_NVIC_SetPriorityGrouping
 .text.HAL_NVIC_SetPriority
                0x08004182       0x38 ./Drivers/STM32F7xx_HAL_Driver/Src/stm32f7xx_hal_cortex.o
                0x08004182                HAL_NVIC_SetPriority
 .text.HAL_NVIC_EnableIRQ
                0x080041ba       0x1c ./Drivers/STM32F7xx_HAL_Driver/Src/stm32f7xx_hal_cortex.o
                0x080041ba                HAL_NVIC_EnableIRQ
 .text.HAL_SYSTICK_Config
                0x080041d6       0x18 ./Drivers/STM32F7xx_HAL_Driver/Src/stm32f7xx_hal_cortex.o
                0x080041d6                HAL_SYSTICK_Config
 *fill*         0x080041ee        0x2 
 .text.HAL_DMA_Init
                0x080041f0      0x15c ./Drivers/STM32F7xx_HAL_Driver/Src/stm32f7xx_hal_dma.o
                0x080041f0                HAL_DMA_Init
 .text.HAL_DMA_Start_IT
                0x0800434c       0xc0 ./Drivers/STM32F7xx_HAL_Driver/Src/stm32f7xx_hal_dma.o
                0x0800434c                HAL_DMA_Start_IT
 .text.HAL_DMA_Abort
                0x0800440c       0xe0 ./Drivers/STM32F7xx_HAL_Driver/Src/stm32f7xx_hal_dma.o
                0x0800440c                HAL_DMA_Abort
 .text.HAL_DMA_Abort_IT
                0x080044ec       0x44 ./Drivers/STM32F7xx_HAL_Driver/Src/stm32f7xx_hal_dma.o
                0x080044ec                HAL_DMA_Abort_IT
 .text.HAL_DMA_IRQHandler
                0x08004530      0x314 ./Drivers/STM32F7xx_HAL_Driver/Src/stm32f7xx_hal_dma.o
                0x08004530                HAL_DMA_IRQHandler
 .text.DMA_SetConfig
                0x08004844       0x5c ./Drivers/STM32F7xx_HAL_Driver/Src/stm32f7xx_hal_dma.o
 .text.DMA_CalcBaseAndBitshift
                0x080048a0       0x6c ./Drivers/STM32F7xx_HAL_Driver/Src/stm32f7xx_hal_dma.o
 .text.DMA_CheckFifoParam
                0x0800490c       0xf8 ./Drivers/STM32F7xx_HAL_Driver/Src/stm32f7xx_hal_dma.o
 .text.HAL_GPIO_Init
                0x08004a04      0x358 ./Drivers/STM32F7xx_HAL_Driver/Src/stm32f7xx_hal_gpio.o
                0x08004a04                HAL_GPIO_Init
 .text.HAL_GPIO_ReadPin
                0x08004d5c       0x30 ./Drivers/STM32F7xx_HAL_Driver/Src/stm32f7xx_hal_gpio.o
                0x08004d5c                HAL_GPIO_ReadPin
 .text.HAL_GPIO_WritePin
                0x08004d8c       0x32 ./Drivers/STM32F7xx_HAL_Driver/Src/stm32f7xx_hal_gpio.o
                0x08004d8c                HAL_GPIO_WritePin
 *fill*         0x08004dbe        0x2 
 .text.HAL_GPIO_EXTI_IRQHandler
                0x08004dc0       0x30 ./Drivers/STM32F7xx_HAL_Driver/Src/stm32f7xx_hal_gpio.o
                0x08004dc0                HAL_GPIO_EXTI_IRQHandler
 .text.HAL_I2C_Init
                0x08004df0      0x138 ./Drivers/STM32F7xx_HAL_Driver/Src/stm32f7xx_hal_i2c.o
                0x08004df0                HAL_I2C_Init
 .text.HAL_I2C_Master_Transmit
                0x08004f28      0x230 ./Drivers/STM32F7xx_HAL_Driver/Src/stm32f7xx_hal_i2c.o
                0x08004f28                HAL_I2C_Master_Transmit
 .text.I2C_Flush_TXDR
                0x08005158       0x48 ./Drivers/STM32F7xx_HAL_Driver/Src/stm32f7xx_hal_i2c.o
 .text.I2C_WaitOnFlagUntilTimeout
                0x080051a0       0xb2 ./Drivers/STM32F7xx_HAL_Driver/Src/stm32f7xx_hal_i2c.o
 .text.I2C_WaitOnTXISFlagUntilTimeout
                0x08005252       0x8e ./Drivers/STM32F7xx_HAL_Driver/Src/stm32f7xx_hal_i2c.o
 .text.I2C_WaitOnSTOPFlagUntilTimeout
                0x080052e0       0x86 ./Drivers/STM32F7xx_HAL_Driver/Src/stm32f7xx_hal_i2c.o
 *fill*         0x08005366        0x2 
 .text.I2C_IsErrorOccurred
                0x08005368      0x1c0 ./Drivers/STM32F7xx_HAL_Driver/Src/stm32f7xx_hal_i2c.o
 .text.I2C_TransferConfig
                0x08005528       0x64 ./Drivers/STM32F7xx_HAL_Driver/Src/stm32f7xx_hal_i2c.o
 .text.HAL_I2CEx_ConfigAnalogFilter
                0x0800558c       0x96 ./Drivers/STM32F7xx_HAL_Driver/Src/stm32f7xx_hal_i2c_ex.o
                0x0800558c                HAL_I2CEx_ConfigAnalogFilter
 .text.HAL_I2CEx_ConfigDigitalFilter
                0x08005622       0x98 ./Drivers/STM32F7xx_HAL_Driver/Src/stm32f7xx_hal_i2c_ex.o
                0x08005622                HAL_I2CEx_ConfigDigitalFilter
 .text.HAL_PCD_Init
                0x080056ba      0x22c ./Drivers/STM32F7xx_HAL_Driver/Src/stm32f7xx_hal_pcd.o
                0x080056ba                HAL_PCD_Init
 *fill*         0x080058e6        0x2 
 .text.HAL_PCDEx_ActivateLPM
                0x080058e8       0x48 ./Drivers/STM32F7xx_HAL_Driver/Src/stm32f7xx_hal_pcd_ex.o
                0x080058e8                HAL_PCDEx_ActivateLPM
 .text.HAL_PWR_EnableBkUpAccess
                0x08005930       0x20 ./Drivers/STM32F7xx_HAL_Driver/Src/stm32f7xx_hal_pwr.o
                0x08005930                HAL_PWR_EnableBkUpAccess
 .text.HAL_PWREx_EnableOverDrive
                0x08005950       0xa0 ./Drivers/STM32F7xx_HAL_Driver/Src/stm32f7xx_hal_pwr_ex.o
                0x08005950                HAL_PWREx_EnableOverDrive
 .text.HAL_RCC_OscConfig
                0x080059f0      0x548 ./Drivers/STM32F7xx_HAL_Driver/Src/stm32f7xx_hal_rcc.o
                0x080059f0                HAL_RCC_OscConfig
 .text.HAL_RCC_ClockConfig
                0x08005f38      0x1d8 ./Drivers/STM32F7xx_HAL_Driver/Src/stm32f7xx_hal_rcc.o
                0x08005f38                HAL_RCC_ClockConfig
 .text.HAL_RCC_GetSysClockFreq
                0x08006110      0x20c ./Drivers/STM32F7xx_HAL_Driver/Src/stm32f7xx_hal_rcc.o
                0x08006110                HAL_RCC_GetSysClockFreq
 .text.HAL_RCC_GetHCLKFreq
                0x0800631c       0x18 ./Drivers/STM32F7xx_HAL_Driver/Src/stm32f7xx_hal_rcc.o
                0x0800631c                HAL_RCC_GetHCLKFreq
 .text.HAL_RCC_GetPCLK1Freq
                0x08006334       0x28 ./Drivers/STM32F7xx_HAL_Driver/Src/stm32f7xx_hal_rcc.o
                0x08006334                HAL_RCC_GetPCLK1Freq
 .text.HAL_RCC_GetPCLK2Freq
                0x0800635c       0x28 ./Drivers/STM32F7xx_HAL_Driver/Src/stm32f7xx_hal_rcc.o
                0x0800635c                HAL_RCC_GetPCLK2Freq
 .text.HAL_RCCEx_PeriphCLKConfig
                0x08006384      0x7e0 ./Drivers/STM32F7xx_HAL_Driver/Src/stm32f7xx_hal_rcc_ex.o
                0x08006384                HAL_RCCEx_PeriphCLKConfig
 .text.HAL_SPI_Init
                0x08006b64      0x156 ./Drivers/STM32F7xx_HAL_Driver/Src/stm32f7xx_hal_spi.o
                0x08006b64                HAL_SPI_Init
 .text.HAL_SPI_Transmit
                0x08006cba      0x2ea ./Drivers/STM32F7xx_HAL_Driver/Src/stm32f7xx_hal_spi.o
                0x08006cba                HAL_SPI_Transmit
 .text.HAL_SPI_TransmitReceive
                0x08006fa4      0x444 ./Drivers/STM32F7xx_HAL_Driver/Src/stm32f7xx_hal_spi.o
                0x08006fa4                HAL_SPI_TransmitReceive
 .text.SPI_WaitFlagStateUntilTimeout
                0x080073e8      0x110 ./Drivers/STM32F7xx_HAL_Driver/Src/stm32f7xx_hal_spi.o
 .text.SPI_WaitFifoStateUntilTimeout
                0x080074f8      0x12c ./Drivers/STM32F7xx_HAL_Driver/Src/stm32f7xx_hal_spi.o
 .text.SPI_EndRxTxTransaction
                0x08007624       0xd4 ./Drivers/STM32F7xx_HAL_Driver/Src/stm32f7xx_hal_spi.o
 .text.HAL_TIM_Base_Init
                0x080076f8       0xae ./Drivers/STM32F7xx_HAL_Driver/Src/stm32f7xx_hal_tim.o
                0x080076f8                HAL_TIM_Base_Init
 *fill*         0x080077a6        0x2 
 .text.HAL_TIM_Base_Start
                0x080077a8       0xe0 ./Drivers/STM32F7xx_HAL_Driver/Src/stm32f7xx_hal_tim.o
                0x080077a8                HAL_TIM_Base_Start
 .text.HAL_TIM_Base_Stop
                0x08007888       0x4e ./Drivers/STM32F7xx_HAL_Driver/Src/stm32f7xx_hal_tim.o
                0x08007888                HAL_TIM_Base_Stop
 .text.HAL_TIM_PWM_Init
                0x080078d6       0xae ./Drivers/STM32F7xx_HAL_Driver/Src/stm32f7xx_hal_tim.o
                0x080078d6                HAL_TIM_PWM_Init
 .text.HAL_TIM_PWM_Start
                0x08007984      0x1f4 ./Drivers/STM32F7xx_HAL_Driver/Src/stm32f7xx_hal_tim.o
                0x08007984                HAL_TIM_PWM_Start
 .text.HAL_TIM_PWM_Start_IT
                0x08007b78      0x290 ./Drivers/STM32F7xx_HAL_Driver/Src/stm32f7xx_hal_tim.o
                0x08007b78                HAL_TIM_PWM_Start_IT
 .text.HAL_TIM_PWM_Stop_IT
                0x08007e08      0x19c ./Drivers/STM32F7xx_HAL_Driver/Src/stm32f7xx_hal_tim.o
                0x08007e08                HAL_TIM_PWM_Stop_IT
 .text.HAL_TIM_Encoder_Init
                0x08007fa4      0x14c ./Drivers/STM32F7xx_HAL_Driver/Src/stm32f7xx_hal_tim.o
                0x08007fa4                HAL_TIM_Encoder_Init
 .text.HAL_TIM_Encoder_Start
                0x080080f0      0x11c ./Drivers/STM32F7xx_HAL_Driver/Src/stm32f7xx_hal_tim.o
                0x080080f0                HAL_TIM_Encoder_Start
 .text.HAL_TIM_IRQHandler
                0x0800820c      0x20e ./Drivers/STM32F7xx_HAL_Driver/Src/stm32f7xx_hal_tim.o
                0x0800820c                HAL_TIM_IRQHandler
 *fill*         0x0800841a        0x2 
 .text.HAL_TIM_PWM_ConfigChannel
                0x0800841c      0x228 ./Drivers/STM32F7xx_HAL_Driver/Src/stm32f7xx_hal_tim.o
                0x0800841c                HAL_TIM_PWM_ConfigChannel
 .text.HAL_TIM_ConfigClockSource
                0x08008644      0x194 ./Drivers/STM32F7xx_HAL_Driver/Src/stm32f7xx_hal_tim.o
                0x08008644                HAL_TIM_ConfigClockSource
 .text.HAL_TIM_PeriodElapsedCallback
                0x080087d8       0x14 ./Drivers/STM32F7xx_HAL_Driver/Src/stm32f7xx_hal_tim.o
                0x080087d8                HAL_TIM_PeriodElapsedCallback
 .text.HAL_TIM_OC_DelayElapsedCallback
                0x080087ec       0x14 ./Drivers/STM32F7xx_HAL_Driver/Src/stm32f7xx_hal_tim.o
                0x080087ec                HAL_TIM_OC_DelayElapsedCallback
 .text.HAL_TIM_IC_CaptureCallback
                0x08008800       0x14 ./Drivers/STM32F7xx_HAL_Driver/Src/stm32f7xx_hal_tim.o
                0x08008800                HAL_TIM_IC_CaptureCallback
 .text.HAL_TIM_TriggerCallback
                0x08008814       0x14 ./Drivers/STM32F7xx_HAL_Driver/Src/stm32f7xx_hal_tim.o
                0x08008814                HAL_TIM_TriggerCallback
 .text.TIM_Base_SetConfig
                0x08008828      0x158 ./Drivers/STM32F7xx_HAL_Driver/Src/stm32f7xx_hal_tim.o
                0x08008828                TIM_Base_SetConfig
 .text.TIM_OC1_SetConfig
                0x08008980       0xe4 ./Drivers/STM32F7xx_HAL_Driver/Src/stm32f7xx_hal_tim.o
 .text.TIM_OC2_SetConfig
                0x08008a64       0xf0 ./Drivers/STM32F7xx_HAL_Driver/Src/stm32f7xx_hal_tim.o
                0x08008a64                TIM_OC2_SetConfig
 .text.TIM_OC3_SetConfig
                0x08008b54       0xec ./Drivers/STM32F7xx_HAL_Driver/Src/stm32f7xx_hal_tim.o
 .text.TIM_OC4_SetConfig
                0x08008c40       0xb0 ./Drivers/STM32F7xx_HAL_Driver/Src/stm32f7xx_hal_tim.o
 .text.TIM_OC5_SetConfig
                0x08008cf0       0xa4 ./Drivers/STM32F7xx_HAL_Driver/Src/stm32f7xx_hal_tim.o
 .text.TIM_OC6_SetConfig
                0x08008d94       0xa8 ./Drivers/STM32F7xx_HAL_Driver/Src/stm32f7xx_hal_tim.o
 .text.TIM_TI1_ConfigInputStage
                0x08008e3c       0x5e ./Drivers/STM32F7xx_HAL_Driver/Src/stm32f7xx_hal_tim.o
 .text.TIM_TI2_ConfigInputStage
                0x08008e9a       0x60 ./Drivers/STM32F7xx_HAL_Driver/Src/stm32f7xx_hal_tim.o
 .text.TIM_ITRx_SetConfig
                0x08008efa       0x36 ./Drivers/STM32F7xx_HAL_Driver/Src/stm32f7xx_hal_tim.o
 .text.TIM_ETR_SetConfig
                0x08008f30       0x40 ./Drivers/STM32F7xx_HAL_Driver/Src/stm32f7xx_hal_tim.o
                0x08008f30                TIM_ETR_SetConfig
 .text.TIM_CCxChannelCmd
                0x08008f70       0x4a ./Drivers/STM32F7xx_HAL_Driver/Src/stm32f7xx_hal_tim.o
                0x08008f70                TIM_CCxChannelCmd
 *fill*         0x08008fba        0x2 
 .text.HAL_TIMEx_MasterConfigSynchronization
                0x08008fbc      0x11c ./Drivers/STM32F7xx_HAL_Driver/Src/stm32f7xx_hal_tim_ex.o
                0x08008fbc                HAL_TIMEx_MasterConfigSynchronization
 .text.HAL_TIMEx_ConfigBreakDeadTime
                0x080090d8       0xfc ./Drivers/STM32F7xx_HAL_Driver/Src/stm32f7xx_hal_tim_ex.o
                0x080090d8                HAL_TIMEx_ConfigBreakDeadTime
 .text.HAL_TIMEx_CommutCallback
                0x080091d4       0x14 ./Drivers/STM32F7xx_HAL_Driver/Src/stm32f7xx_hal_tim_ex.o
                0x080091d4                HAL_TIMEx_CommutCallback
 .text.HAL_TIMEx_BreakCallback
                0x080091e8       0x14 ./Drivers/STM32F7xx_HAL_Driver/Src/stm32f7xx_hal_tim_ex.o
                0x080091e8                HAL_TIMEx_BreakCallback
 .text.HAL_TIMEx_Break2Callback
                0x080091fc       0x14 ./Drivers/STM32F7xx_HAL_Driver/Src/stm32f7xx_hal_tim_ex.o
                0x080091fc                HAL_TIMEx_Break2Callback
 .text.HAL_UART_Init
                0x08009210       0x9c ./Drivers/STM32F7xx_HAL_Driver/Src/stm32f7xx_hal_uart.o
                0x08009210                HAL_UART_Init
 .text.HAL_UART_Transmit
                0x080092ac      0x112 ./Drivers/STM32F7xx_HAL_Driver/Src/stm32f7xx_hal_uart.o
                0x080092ac                HAL_UART_Transmit
 .text.HAL_UART_Receive_DMA
                0x080093be       0x88 ./Drivers/STM32F7xx_HAL_Driver/Src/stm32f7xx_hal_uart.o
                0x080093be                HAL_UART_Receive_DMA
 *fill*         0x08009446        0x2 
 .text.HAL_UART_IRQHandler
                0x08009448      0x5a4 ./Drivers/STM32F7xx_HAL_Driver/Src/stm32f7xx_hal_uart.o
                0x08009448                HAL_UART_IRQHandler
 .text.HAL_UART_TxCpltCallback
                0x080099ec       0x14 ./Drivers/STM32F7xx_HAL_Driver/Src/stm32f7xx_hal_uart.o
                0x080099ec                HAL_UART_TxCpltCallback
 .text.HAL_UART_RxHalfCpltCallback
                0x08009a00       0x14 ./Drivers/STM32F7xx_HAL_Driver/Src/stm32f7xx_hal_uart.o
                0x08009a00                HAL_UART_RxHalfCpltCallback
 .text.HAL_UART_ErrorCallback
                0x08009a14       0x14 ./Drivers/STM32F7xx_HAL_Driver/Src/stm32f7xx_hal_uart.o
                0x08009a14                HAL_UART_ErrorCallback
 .text.HAL_UARTEx_RxEventCallback
                0x08009a28       0x18 ./Drivers/STM32F7xx_HAL_Driver/Src/stm32f7xx_hal_uart.o
                0x08009a28                HAL_UARTEx_RxEventCallback
 .text.UART_SetConfig
                0x08009a40      0x4c8 ./Drivers/STM32F7xx_HAL_Driver/Src/stm32f7xx_hal_uart.o
                0x08009a40                UART_SetConfig
 .text.UART_AdvFeatureConfig
                0x08009f08      0x144 ./Drivers/STM32F7xx_HAL_Driver/Src/stm32f7xx_hal_uart.o
                0x08009f08                UART_AdvFeatureConfig
 .text.UART_CheckIdleState
                0x0800a04c       0xae ./Drivers/STM32F7xx_HAL_Driver/Src/stm32f7xx_hal_uart.o
                0x0800a04c                UART_CheckIdleState
 .text.UART_WaitOnFlagUntilTimeout
                0x0800a0fa       0xda ./Drivers/STM32F7xx_HAL_Driver/Src/stm32f7xx_hal_uart.o
                0x0800a0fa                UART_WaitOnFlagUntilTimeout
 .text.UART_Start_Receive_DMA
                0x0800a1d4      0x140 ./Drivers/STM32F7xx_HAL_Driver/Src/stm32f7xx_hal_uart.o
                0x0800a1d4                UART_Start_Receive_DMA
 .text.UART_EndTxTransfer
                0x0800a314       0x4c ./Drivers/STM32F7xx_HAL_Driver/Src/stm32f7xx_hal_uart.o
 .text.UART_EndRxTransfer
                0x0800a360       0xc8 ./Drivers/STM32F7xx_HAL_Driver/Src/stm32f7xx_hal_uart.o
 .text.UART_DMAReceiveCplt
                0x0800a428      0x128 ./Drivers/STM32F7xx_HAL_Driver/Src/stm32f7xx_hal_uart.o
 .text.UART_DMARxHalfCplt
                0x0800a550       0x3e ./Drivers/STM32F7xx_HAL_Driver/Src/stm32f7xx_hal_uart.o
 .text.UART_DMAError
                0x0800a58e       0x7e ./Drivers/STM32F7xx_HAL_Driver/Src/stm32f7xx_hal_uart.o
 .text.UART_DMAAbortOnError
                0x0800a60c       0x2c ./Drivers/STM32F7xx_HAL_Driver/Src/stm32f7xx_hal_uart.o
 .text.UART_EndTransmit_IT
                0x0800a638       0x54 ./Drivers/STM32F7xx_HAL_Driver/Src/stm32f7xx_hal_uart.o
 .text.USB_CoreInit
                0x0800a68c       0xb4 ./Drivers/STM32F7xx_HAL_Driver/Src/stm32f7xx_ll_usb.o
                0x0800a68c                USB_CoreInit
 .text.USB_DisableGlobalInt
                0x0800a740       0x22 ./Drivers/STM32F7xx_HAL_Driver/Src/stm32f7xx_ll_usb.o
                0x0800a740                USB_DisableGlobalInt
 .text.USB_SetCurrentMode
                0x0800a762       0x98 ./Drivers/STM32F7xx_HAL_Driver/Src/stm32f7xx_ll_usb.o
                0x0800a762                USB_SetCurrentMode
 *fill*         0x0800a7fa        0x2 
 .text.USB_DevInit
                0x0800a7fc      0x2bc ./Drivers/STM32F7xx_HAL_Driver/Src/stm32f7xx_ll_usb.o
                0x0800a7fc                USB_DevInit
 .text.USB_FlushTxFifo
                0x0800aab8       0x64 ./Drivers/STM32F7xx_HAL_Driver/Src/stm32f7xx_ll_usb.o
                0x0800aab8                USB_FlushTxFifo
 .text.USB_FlushRxFifo
                0x0800ab1c       0x5c ./Drivers/STM32F7xx_HAL_Driver/Src/stm32f7xx_ll_usb.o
                0x0800ab1c                USB_FlushRxFifo
 .text.USB_SetDevSpeed
                0x0800ab78       0x32 ./Drivers/STM32F7xx_HAL_Driver/Src/stm32f7xx_ll_usb.o
                0x0800ab78                USB_SetDevSpeed
 .text.USB_DevDisconnect
                0x0800abaa       0x42 ./Drivers/STM32F7xx_HAL_Driver/Src/stm32f7xx_ll_usb.o
                0x0800abaa                USB_DevDisconnect
 .text.USB_GetMode
                0x0800abec       0x1c ./Drivers/STM32F7xx_HAL_Driver/Src/stm32f7xx_ll_usb.o
                0x0800abec                USB_GetMode
 .text.USB_CoreReset
                0x0800ac08       0x62 ./Drivers/STM32F7xx_HAL_Driver/Src/stm32f7xx_ll_usb.o
 *fill*         0x0800ac6a        0x2 
 .text.MX_FATFS_Init
                0x0800ac6c       0x24 ./FATFS/App/fatfs.o
                0x0800ac6c                MX_FATFS_Init
 .text.USER_initialize
                0x0800ac90       0x1c ./FATFS/Target/user_diskio.o
                0x0800ac90                USER_initialize
 .text.USER_status
                0x0800acac       0x1c ./FATFS/Target/user_diskio.o
                0x0800acac                USER_status
 .text.USER_read
                0x0800acc8       0x26 ./FATFS/Target/user_diskio.o
                0x0800acc8                USER_read
 .text.USER_write
                0x0800acee       0x26 ./FATFS/Target/user_diskio.o
                0x0800acee                USER_write
 .text.USER_ioctl
                0x0800ad14       0x26 ./FATFS/Target/user_diskio.o
                0x0800ad14                USER_ioctl
 *fill*         0x0800ad3a        0x2 
 .text.SPI_Timer_On
                0x0800ad3c       0x28 ./FATFS/Target/user_diskio_spi.o
                0x0800ad3c                SPI_Timer_On
 .text.SPI_Timer_Status
                0x0800ad64       0x2c ./FATFS/Target/user_diskio_spi.o
                0x0800ad64                SPI_Timer_Status
 .text.xchg_spi
                0x0800ad90       0x2c ./FATFS/Target/user_diskio_spi.o
 .text.rcvr_spi_multi
                0x0800adbc       0x38 ./FATFS/Target/user_diskio_spi.o
 .text.xmit_spi_multi
                0x0800adf4       0x28 ./FATFS/Target/user_diskio_spi.o
 .text.wait_ready
                0x0800ae1c       0x46 ./FATFS/Target/user_diskio_spi.o
 *fill*         0x0800ae62        0x2 
 .text.despiselect
                0x0800ae64       0x20 ./FATFS/Target/user_diskio_spi.o
 .text.spiselect
                0x0800ae84       0x38 ./FATFS/Target/user_diskio_spi.o
 .text.rcvr_datablock
                0x0800aebc       0x52 ./FATFS/Target/user_diskio_spi.o
 .text.xmit_datablock
                0x0800af0e       0x64 ./FATFS/Target/user_diskio_spi.o
 .text.send_cmd
                0x0800af72       0xde ./FATFS/Target/user_diskio_spi.o
 .text.USER_SPI_initialize
                0x0800b050      0x1e8 ./FATFS/Target/user_diskio_spi.o
                0x0800b050                USER_SPI_initialize
 .text.USER_SPI_status
                0x0800b238       0x2c ./FATFS/Target/user_diskio_spi.o
                0x0800b238                USER_SPI_status
 .text.USER_SPI_read
                0x0800b264       0xcc ./FATFS/Target/user_diskio_spi.o
                0x0800b264                USER_SPI_read
 .text.USER_SPI_write
                0x0800b330       0xf8 ./FATFS/Target/user_diskio_spi.o
                0x0800b330                USER_SPI_write
 .text.USER_SPI_ioctl
                0x0800b428      0x2e0 ./FATFS/Target/user_diskio_spi.o
                0x0800b428                USER_SPI_ioctl
 .text.FATFS_LinkDriverEx
                0x0800b708       0x98 ./Middlewares/Third_Party/FatFs/src/ff_gen_drv.o
                0x0800b708                FATFS_LinkDriverEx
 .text.FATFS_LinkDriver
                0x0800b7a0       0x1e ./Middlewares/Third_Party/FatFs/src/ff_gen_drv.o
                0x0800b7a0                FATFS_LinkDriver
 *fill*         0x0800b7be        0x2 
 .text.snprintf
                0x0800b7c0       0x68 D:/program files/STM32CubeIDE_1.16.1/STM32CubeIDE/plugins/com.st.stm32cube.ide.mcu.externaltools.gnu-tools-for-stm32.12.3.rel1.win32_1.0.200.202406191623/tools/bin/../lib/gcc/arm-none-eabi/12.3.1/../../../../arm-none-eabi/lib/thumb/v7e-m+fp/hard\libc_nano.a(libc_a-snprintf.o)
                0x0800b7c0                sniprintf
                0x0800b7c0                snprintf
 .text.sprintf  0x0800b828       0x40 D:/program files/STM32CubeIDE_1.16.1/STM32CubeIDE/plugins/com.st.stm32cube.ide.mcu.externaltools.gnu-tools-for-stm32.12.3.rel1.win32_1.0.200.202406191623/tools/bin/../lib/gcc/arm-none-eabi/12.3.1/../../../../arm-none-eabi/lib/thumb/v7e-m+fp/hard\libc_nano.a(libc_a-sprintf.o)
                0x0800b828                siprintf
                0x0800b828                sprintf
 .text.memset   0x0800b868       0x10 D:/program files/STM32CubeIDE_1.16.1/STM32CubeIDE/plugins/com.st.stm32cube.ide.mcu.externaltools.gnu-tools-for-stm32.12.3.rel1.win32_1.0.200.202406191623/tools/bin/../lib/gcc/arm-none-eabi/12.3.1/../../../../arm-none-eabi/lib/thumb/v7e-m+fp/hard\libc_nano.a(libc_a-memset.o)
                0x0800b868                memset
 .text.__errno  0x0800b878        0xc D:/program files/STM32CubeIDE_1.16.1/STM32CubeIDE/plugins/com.st.stm32cube.ide.mcu.externaltools.gnu-tools-for-stm32.12.3.rel1.win32_1.0.200.202406191623/tools/bin/../lib/gcc/arm-none-eabi/12.3.1/../../../../arm-none-eabi/lib/thumb/v7e-m+fp/hard\libc_nano.a(libc_a-errno.o)
                0x0800b878                __errno
 .text.__libc_init_array
                0x0800b884       0x48 D:/program files/STM32CubeIDE_1.16.1/STM32CubeIDE/plugins/com.st.stm32cube.ide.mcu.externaltools.gnu-tools-for-stm32.12.3.rel1.win32_1.0.200.202406191623/tools/bin/../lib/gcc/arm-none-eabi/12.3.1/../../../../arm-none-eabi/lib/thumb/v7e-m+fp/hard\libc_nano.a(libc_a-init.o)
                0x0800b884                __libc_init_array
 .text.__retarget_lock_acquire_recursive
                0x0800b8cc        0x2 D:/program files/STM32CubeIDE_1.16.1/STM32CubeIDE/plugins/com.st.stm32cube.ide.mcu.externaltools.gnu-tools-for-stm32.12.3.rel1.win32_1.0.200.202406191623/tools/bin/../lib/gcc/arm-none-eabi/12.3.1/../../../../arm-none-eabi/lib/thumb/v7e-m+fp/hard\libc_nano.a(libc_a-lock.o)
                0x0800b8cc                __retarget_lock_acquire_recursive
 .text.__retarget_lock_release_recursive
                0x0800b8ce        0x2 D:/program files/STM32CubeIDE_1.16.1/STM32CubeIDE/plugins/com.st.stm32cube.ide.mcu.externaltools.gnu-tools-for-stm32.12.3.rel1.win32_1.0.200.202406191623/tools/bin/../lib/gcc/arm-none-eabi/12.3.1/../../../../arm-none-eabi/lib/thumb/v7e-m+fp/hard\libc_nano.a(libc_a-lock.o)
                0x0800b8ce                __retarget_lock_release_recursive
 .text.memcpy   0x0800b8d0       0x1c D:/program files/STM32CubeIDE_1.16.1/STM32CubeIDE/plugins/com.st.stm32cube.ide.mcu.externaltools.gnu-tools-for-stm32.12.3.rel1.win32_1.0.200.202406191623/tools/bin/../lib/gcc/arm-none-eabi/12.3.1/../../../../arm-none-eabi/lib/thumb/v7e-m+fp/hard\libc_nano.a(libc_a-memcpy-stub.o)
                0x0800b8d0                memcpy
 .text._free_r  0x0800b8ec       0x94 D:/program files/STM32CubeIDE_1.16.1/STM32CubeIDE/plugins/com.st.stm32cube.ide.mcu.externaltools.gnu-tools-for-stm32.12.3.rel1.win32_1.0.200.202406191623/tools/bin/../lib/gcc/arm-none-eabi/12.3.1/../../../../arm-none-eabi/lib/thumb/v7e-m+fp/hard\libc_nano.a(libc_a-freer.o)
                0x0800b8ec                _free_r
 .text.sbrk_aligned
                0x0800b980       0x44 D:/program files/STM32CubeIDE_1.16.1/STM32CubeIDE/plugins/com.st.stm32cube.ide.mcu.externaltools.gnu-tools-for-stm32.12.3.rel1.win32_1.0.200.202406191623/tools/bin/../lib/gcc/arm-none-eabi/12.3.1/../../../../arm-none-eabi/lib/thumb/v7e-m+fp/hard\libc_nano.a(libc_a-mallocr.o)
 .text._malloc_r
                0x0800b9c4      0x100 D:/program files/STM32CubeIDE_1.16.1/STM32CubeIDE/plugins/com.st.stm32cube.ide.mcu.externaltools.gnu-tools-for-stm32.12.3.rel1.win32_1.0.200.202406191623/tools/bin/../lib/gcc/arm-none-eabi/12.3.1/../../../../arm-none-eabi/lib/thumb/v7e-m+fp/hard\libc_nano.a(libc_a-mallocr.o)
                0x0800b9c4                _malloc_r
 .text.__malloc_lock
                0x0800bac4        0xc D:/program files/STM32CubeIDE_1.16.1/STM32CubeIDE/plugins/com.st.stm32cube.ide.mcu.externaltools.gnu-tools-for-stm32.12.3.rel1.win32_1.0.200.202406191623/tools/bin/../lib/gcc/arm-none-eabi/12.3.1/../../../../arm-none-eabi/lib/thumb/v7e-m+fp/hard\libc_nano.a(libc_a-mlock.o)
                0x0800bac4                __malloc_lock
 .text.__malloc_unlock
                0x0800bad0        0xc D:/program files/STM32CubeIDE_1.16.1/STM32CubeIDE/plugins/com.st.stm32cube.ide.mcu.externaltools.gnu-tools-for-stm32.12.3.rel1.win32_1.0.200.202406191623/tools/bin/../lib/gcc/arm-none-eabi/12.3.1/../../../../arm-none-eabi/lib/thumb/v7e-m+fp/hard\libc_nano.a(libc_a-mlock.o)
                0x0800bad0                __malloc_unlock
 .text.__ssputs_r
                0x0800badc       0xb6 D:/program files/STM32CubeIDE_1.16.1/STM32CubeIDE/plugins/com.st.stm32cube.ide.mcu.externaltools.gnu-tools-for-stm32.12.3.rel1.win32_1.0.200.202406191623/tools/bin/../lib/gcc/arm-none-eabi/12.3.1/../../../../arm-none-eabi/lib/thumb/v7e-m+fp/hard\libc_nano.a(libc_a-nano-svfprintf.o)
                0x0800badc                __ssputs_r
 *fill*         0x0800bb92        0x2 
 .text._svfprintf_r
                0x0800bb94      0x1f8 D:/program files/STM32CubeIDE_1.16.1/STM32CubeIDE/plugins/com.st.stm32cube.ide.mcu.externaltools.gnu-tools-for-stm32.12.3.rel1.win32_1.0.200.202406191623/tools/bin/../lib/gcc/arm-none-eabi/12.3.1/../../../../arm-none-eabi/lib/thumb/v7e-m+fp/hard\libc_nano.a(libc_a-nano-svfprintf.o)
                0x0800bb94                _svfiprintf_r
                0x0800bb94                _svfprintf_r
 .text._printf_common
                0x0800bd8c       0xda D:/program files/STM32CubeIDE_1.16.1/STM32CubeIDE/plugins/com.st.stm32cube.ide.mcu.externaltools.gnu-tools-for-stm32.12.3.rel1.win32_1.0.200.202406191623/tools/bin/../lib/gcc/arm-none-eabi/12.3.1/../../../../arm-none-eabi/lib/thumb/v7e-m+fp/hard\libc_nano.a(libc_a-nano-vfprintf_i.o)
                0x0800bd8c                _printf_common
 *fill*         0x0800be66        0x2 
 .text._printf_i
                0x0800be68      0x240 D:/program files/STM32CubeIDE_1.16.1/STM32CubeIDE/plugins/com.st.stm32cube.ide.mcu.externaltools.gnu-tools-for-stm32.12.3.rel1.win32_1.0.200.202406191623/tools/bin/../lib/gcc/arm-none-eabi/12.3.1/../../../../arm-none-eabi/lib/thumb/v7e-m+fp/hard\libc_nano.a(libc_a-nano-vfprintf_i.o)
                0x0800be68                _printf_i
 .text.memmove  0x0800c0a8       0x34 D:/program files/STM32CubeIDE_1.16.1/STM32CubeIDE/plugins/com.st.stm32cube.ide.mcu.externaltools.gnu-tools-for-stm32.12.3.rel1.win32_1.0.200.202406191623/tools/bin/../lib/gcc/arm-none-eabi/12.3.1/../../../../arm-none-eabi/lib/thumb/v7e-m+fp/hard\libc_nano.a(libc_a-memmove.o)
                0x0800c0a8                memmove
 .text._sbrk_r  0x0800c0dc       0x20 D:/program files/STM32CubeIDE_1.16.1/STM32CubeIDE/plugins/com.st.stm32cube.ide.mcu.externaltools.gnu-tools-for-stm32.12.3.rel1.win32_1.0.200.202406191623/tools/bin/../lib/gcc/arm-none-eabi/12.3.1/../../../../arm-none-eabi/lib/thumb/v7e-m+fp/hard\libc_nano.a(libc_a-sbrkr.o)
                0x0800c0dc                _sbrk_r
 .text._realloc_r
                0x0800c0fc       0x5c D:/program files/STM32CubeIDE_1.16.1/STM32CubeIDE/plugins/com.st.stm32cube.ide.mcu.externaltools.gnu-tools-for-stm32.12.3.rel1.win32_1.0.200.202406191623/tools/bin/../lib/gcc/arm-none-eabi/12.3.1/../../../../arm-none-eabi/lib/thumb/v7e-m+fp/hard\libc_nano.a(libc_a-reallocr.o)
                0x0800c0fc                _realloc_r
 .text._malloc_usable_size_r
                0x0800c158       0x10 D:/program files/STM32CubeIDE_1.16.1/STM32CubeIDE/plugins/com.st.stm32cube.ide.mcu.externaltools.gnu-tools-for-stm32.12.3.rel1.win32_1.0.200.202406191623/tools/bin/../lib/gcc/arm-none-eabi/12.3.1/../../../../arm-none-eabi/lib/thumb/v7e-m+fp/hard\libc_nano.a(libc_a-msizer.o)
                0x0800c158                _malloc_usable_size_r
 .text.fmaxf    0x0800c168       0x3a D:/program files/STM32CubeIDE_1.16.1/STM32CubeIDE/plugins/com.st.stm32cube.ide.mcu.externaltools.gnu-tools-for-stm32.12.3.rel1.win32_1.0.200.202406191623/tools/bin/../lib/gcc/arm-none-eabi/12.3.1/../../../../arm-none-eabi/lib/thumb/v7e-m+fp/hard\libm.a(libm_a-sf_fmax.o)
                0x0800c168                fmaxf
 .text.fminf    0x0800c1a2       0x3a D:/program files/STM32CubeIDE_1.16.1/STM32CubeIDE/plugins/com.st.stm32cube.ide.mcu.externaltools.gnu-tools-for-stm32.12.3.rel1.win32_1.0.200.202406191623/tools/bin/../lib/gcc/arm-none-eabi/12.3.1/../../../../arm-none-eabi/lib/thumb/v7e-m+fp/hard\libm.a(libm_a-sf_fmin.o)
                0x0800c1a2                fminf
 .text.__fpclassifyf
                0x0800c1dc       0x38 D:/program files/STM32CubeIDE_1.16.1/STM32CubeIDE/plugins/com.st.stm32cube.ide.mcu.externaltools.gnu-tools-for-stm32.12.3.rel1.win32_1.0.200.202406191623/tools/bin/../lib/gcc/arm-none-eabi/12.3.1/../../../../arm-none-eabi/lib/thumb/v7e-m+fp/hard\libm.a(libm_a-sf_fpclassify.o)
                0x0800c1dc                __fpclassifyf
 *(.glue_7)
 .glue_7        0x0800c214        0x0 linker stubs
 *(.glue_7t)
 .glue_7t       0x0800c214        0x0 linker stubs
 *(.eh_frame)
 .eh_frame      0x0800c214        0x0 D:/program files/STM32CubeIDE_1.16.1/STM32CubeIDE/plugins/com.st.stm32cube.ide.mcu.externaltools.gnu-tools-for-stm32.12.3.rel1.win32_1.0.200.202406191623/tools/bin/../lib/gcc/arm-none-eabi/12.3.1/thumb/v7e-m+fp/hard/crtbegin.o
 *(.init)
 .init          0x0800c214        0x4 D:/program files/STM32CubeIDE_1.16.1/STM32CubeIDE/plugins/com.st.stm32cube.ide.mcu.externaltools.gnu-tools-for-stm32.12.3.rel1.win32_1.0.200.202406191623/tools/bin/../lib/gcc/arm-none-eabi/12.3.1/thumb/v7e-m+fp/hard/crti.o
                0x0800c214                _init
 .init          0x0800c218        0x8 D:/program files/STM32CubeIDE_1.16.1/STM32CubeIDE/plugins/com.st.stm32cube.ide.mcu.externaltools.gnu-tools-for-stm32.12.3.rel1.win32_1.0.200.202406191623/tools/bin/../lib/gcc/arm-none-eabi/12.3.1/thumb/v7e-m+fp/hard/crtn.o
 *(.fini)
 .fini          0x0800c220        0x4 D:/program files/STM32CubeIDE_1.16.1/STM32CubeIDE/plugins/com.st.stm32cube.ide.mcu.externaltools.gnu-tools-for-stm32.12.3.rel1.win32_1.0.200.202406191623/tools/bin/../lib/gcc/arm-none-eabi/12.3.1/thumb/v7e-m+fp/hard/crti.o
                0x0800c220                _fini
 .fini          0x0800c224        0x8 D:/program files/STM32CubeIDE_1.16.1/STM32CubeIDE/plugins/com.st.stm32cube.ide.mcu.externaltools.gnu-tools-for-stm32.12.3.rel1.win32_1.0.200.202406191623/tools/bin/../lib/gcc/arm-none-eabi/12.3.1/thumb/v7e-m+fp/hard/crtn.o
                0x0800c22c                        . = ALIGN (0x4)
                0x0800c22c                        _etext = .

.vfp11_veneer   0x0800c22c        0x0
 .vfp11_veneer  0x0800c22c        0x0 linker stubs

.v4_bx          0x0800c22c        0x0
 .v4_bx         0x0800c22c        0x0 linker stubs

.iplt           0x0800c22c        0x0
 .iplt          0x0800c22c        0x0 D:/program files/STM32CubeIDE_1.16.1/STM32CubeIDE/plugins/com.st.stm32cube.ide.mcu.externaltools.gnu-tools-for-stm32.12.3.rel1.win32_1.0.200.202406191623/tools/bin/../lib/gcc/arm-none-eabi/12.3.1/thumb/v7e-m+fp/hard/crtbegin.o

.rodata         0x0800c22c      0x6b8
                0x0800c22c                        . = ALIGN (0x4)
 *(.rodata)
 .rodata        0x0800c22c      0x103 ./Components/Src/LCD.o
 *fill*         0x0800c32f        0x1 
 .rodata        0x0800c330      0x54c ./Components/Src/TMC2209.o
 .rodata        0x0800c87c        0xe ./Components/Src/TMC2209_configs.o
 *(.rodata*)
 *fill*         0x0800c88a        0x2 
 .rodata.LCD_ROW_16
                0x0800c88c        0x4 ./Components/Src/LCD.o
                0x0800c88c                LCD_ROW_16
 .rodata.AHBPrescTable
                0x0800c890       0x10 ./Core/Src/system_stm32f7xx.o
                0x0800c890                AHBPrescTable
 .rodata.APBPrescTable
                0x0800c8a0        0x8 ./Core/Src/system_stm32f7xx.o
                0x0800c8a0                APBPrescTable
 .rodata.flagBitshiftOffset.0
                0x0800c8a8        0x8 ./Drivers/STM32F7xx_HAL_Driver/Src/stm32f7xx_hal_dma.o
 .rodata._svfprintf_r.str1.1
                0x0800c8b0       0x11 D:/program files/STM32CubeIDE_1.16.1/STM32CubeIDE/plugins/com.st.stm32cube.ide.mcu.externaltools.gnu-tools-for-stm32.12.3.rel1.win32_1.0.200.202406191623/tools/bin/../lib/gcc/arm-none-eabi/12.3.1/../../../../arm-none-eabi/lib/thumb/v7e-m+fp/hard\libc_nano.a(libc_a-nano-svfprintf.o)
 .rodata._printf_i.str1.1
                0x0800c8c1       0x22 D:/program files/STM32CubeIDE_1.16.1/STM32CubeIDE/plugins/com.st.stm32cube.ide.mcu.externaltools.gnu-tools-for-stm32.12.3.rel1.win32_1.0.200.202406191623/tools/bin/../lib/gcc/arm-none-eabi/12.3.1/../../../../arm-none-eabi/lib/thumb/v7e-m+fp/hard\libc_nano.a(libc_a-nano-vfprintf_i.o)
                0x0800c8e4                        . = ALIGN (0x4)
 *fill*         0x0800c8e3        0x1 

.ARM.extab      0x0800c8e4        0x0
                0x0800c8e4                        . = ALIGN (0x4)
 *(.ARM.extab* .gnu.linkonce.armextab.*)
                0x0800c8e4                        . = ALIGN (0x4)

.ARM            0x0800c8e4        0x8
                0x0800c8e4                        . = ALIGN (0x4)
                0x0800c8e4                        __exidx_start = .
 *(.ARM.exidx*)
 .ARM.exidx     0x0800c8e4        0x8 D:/program files/STM32CubeIDE_1.16.1/STM32CubeIDE/plugins/com.st.stm32cube.ide.mcu.externaltools.gnu-tools-for-stm32.12.3.rel1.win32_1.0.200.202406191623/tools/bin/../lib/gcc/arm-none-eabi/12.3.1/../../../../arm-none-eabi/lib/thumb/v7e-m+fp/hard\libc_nano.a(libc_a-strlen.o)
 .ARM.exidx     0x0800c8ec        0x0 D:/program files/STM32CubeIDE_1.16.1/STM32CubeIDE/plugins/com.st.stm32cube.ide.mcu.externaltools.gnu-tools-for-stm32.12.3.rel1.win32_1.0.200.202406191623/tools/bin/../lib/gcc/arm-none-eabi/12.3.1/../../../../arm-none-eabi/lib/thumb/v7e-m+fp/hard\libc_nano.a(libc_a-memchr.o)
                                  0x8 (size before relaxing)
 .ARM.exidx     0x0800c8ec        0x0 D:/program files/STM32CubeIDE_1.16.1/STM32CubeIDE/plugins/com.st.stm32cube.ide.mcu.externaltools.gnu-tools-for-stm32.12.3.rel1.win32_1.0.200.202406191623/tools/bin/../lib/gcc/arm-none-eabi/12.3.1/thumb/v7e-m+fp/hard\libgcc.a(_udivmoddi4.o)
                                  0x8 (size before relaxing)
                0x0800c8ec                        __exidx_end = .
                0x0800c8ec                        . = ALIGN (0x4)

.preinit_array  0x0800c8ec        0x0
                0x0800c8ec                        . = ALIGN (0x4)
                0x0800c8ec                        PROVIDE (__preinit_array_start = .)
 *(.preinit_array*)
                0x0800c8ec                        PROVIDE (__preinit_array_end = .)
                0x0800c8ec                        . = ALIGN (0x4)

.init_array     0x0800c8ec        0x4
                0x0800c8ec                        . = ALIGN (0x4)
                0x0800c8ec                        PROVIDE (__init_array_start = .)
 *(SORT_BY_NAME(.init_array.*))
 *(.init_array*)
 .init_array    0x0800c8ec        0x4 D:/program files/STM32CubeIDE_1.16.1/STM32CubeIDE/plugins/com.st.stm32cube.ide.mcu.externaltools.gnu-tools-for-stm32.12.3.rel1.win32_1.0.200.202406191623/tools/bin/../lib/gcc/arm-none-eabi/12.3.1/thumb/v7e-m+fp/hard/crtbegin.o
                0x0800c8f0                        PROVIDE (__init_array_end = .)
                0x0800c8f0                        . = ALIGN (0x4)

.fini_array     0x0800c8f0        0x4
                0x0800c8f0                        . = ALIGN (0x4)
                [!provide]                        PROVIDE (__fini_array_start = .)
 *(SORT_BY_NAME(.fini_array.*))
 *(.fini_array*)
 .fini_array    0x0800c8f0        0x4 D:/program files/STM32CubeIDE_1.16.1/STM32CubeIDE/plugins/com.st.stm32cube.ide.mcu.externaltools.gnu-tools-for-stm32.12.3.rel1.win32_1.0.200.202406191623/tools/bin/../lib/gcc/arm-none-eabi/12.3.1/thumb/v7e-m+fp/hard/crtbegin.o
                [!provide]                        PROVIDE (__fini_array_end = .)
                0x0800c8f4                        . = ALIGN (0x4)
                0x0800c8f4                        _sidata = LOADADDR (.data)

.rel.dyn        0x0800c8f4        0x0
 .rel.iplt      0x0800c8f4        0x0 D:/program files/STM32CubeIDE_1.16.1/STM32CubeIDE/plugins/com.st.stm32cube.ide.mcu.externaltools.gnu-tools-for-stm32.12.3.rel1.win32_1.0.200.202406191623/tools/bin/../lib/gcc/arm-none-eabi/12.3.1/thumb/v7e-m+fp/hard/crtbegin.o

.data           0x20000000       0xc0 load address 0x0800c8f4
                0x20000000                        . = ALIGN (0x4)
                0x20000000                        _sdata = .
 *(.data)
 *(.data*)
 .data.henc1    0x20000000       0x18 ./Components/Src/encoder_config.o
                0x20000000                henc1
 .data.hlcd3    0x20000018       0x14 ./Components/Src/lcd_config.o
                0x20000018                hlcd3
 .data.hservo1  0x2000002c       0x10 ./Core/Src/main.o
                0x2000002c                hservo1
 .data.hservo2  0x2000003c       0x10 ./Core/Src/main.o
                0x2000003c                hservo2
 .data.SystemCoreClock
                0x2000004c        0x4 ./Core/Src/system_stm32f7xx.o
                0x2000004c                SystemCoreClock
 .data.uwTickPrio
                0x20000050        0x4 ./Drivers/STM32F7xx_HAL_Driver/Src/stm32f7xx_hal.o
                0x20000050                uwTickPrio
 .data.uwTickFreq
                0x20000054        0x1 ./Drivers/STM32F7xx_HAL_Driver/Src/stm32f7xx_hal.o
                0x20000054                uwTickFreq
 *fill*         0x20000055        0x3 
 .data.USER_Driver
                0x20000058       0x14 ./FATFS/Target/user_diskio.o
                0x20000058                USER_Driver
 .data.Stat     0x2000006c        0x1 ./FATFS/Target/user_diskio_spi.o
 *fill*         0x2000006d        0x3 
 .data._impure_ptr
                0x20000070        0x4 D:/program files/STM32CubeIDE_1.16.1/STM32CubeIDE/plugins/com.st.stm32cube.ide.mcu.externaltools.gnu-tools-for-stm32.12.3.rel1.win32_1.0.200.202406191623/tools/bin/../lib/gcc/arm-none-eabi/12.3.1/../../../../arm-none-eabi/lib/thumb/v7e-m+fp/hard\libc_nano.a(libc_a-impure.o)
                0x20000070                _impure_ptr
 .data._impure_data
                0x20000074       0x4c D:/program files/STM32CubeIDE_1.16.1/STM32CubeIDE/plugins/com.st.stm32cube.ide.mcu.externaltools.gnu-tools-for-stm32.12.3.rel1.win32_1.0.200.202406191623/tools/bin/../lib/gcc/arm-none-eabi/12.3.1/../../../../arm-none-eabi/lib/thumb/v7e-m+fp/hard\libc_nano.a(libc_a-impure.o)
                0x20000074                _impure_data
 *(.RamFunc)
 *(.RamFunc*)
                0x200000c0                        . = ALIGN (0x4)
                0x200000c0                        _edata = .

.igot.plt       0x200000c0        0x0 load address 0x0800c9b4
 .igot.plt      0x200000c0        0x0 D:/program files/STM32CubeIDE_1.16.1/STM32CubeIDE/plugins/com.st.stm32cube.ide.mcu.externaltools.gnu-tools-for-stm32.12.3.rel1.win32_1.0.200.202406191623/tools/bin/../lib/gcc/arm-none-eabi/12.3.1/thumb/v7e-m+fp/hard/crtbegin.o
                0x200000c0                        . = ALIGN (0x4)

.bss            0x200000c0      0xff4 load address 0x0800c9b4
                0x200000c0                        _sbss = .
                0x200000c0                        __bss_start__ = _sbss
 *(.bss)
 .bss           0x200000c0       0x1c D:/program files/STM32CubeIDE_1.16.1/STM32CubeIDE/plugins/com.st.stm32cube.ide.mcu.externaltools.gnu-tools-for-stm32.12.3.rel1.win32_1.0.200.202406191623/tools/bin/../lib/gcc/arm-none-eabi/12.3.1/thumb/v7e-m+fp/hard/crtbegin.o
 *(.bss*)
 .bss.__lcd_i2c_buffer
                0x200000dc        0x6 ./Components/Src/LCD.o
                0x200000dc                __lcd_i2c_buffer
 .bss.Pressed   0x200000e2        0x1 ./Components/Src/TMC2209.o
                0x200000e2                Pressed
 .bss.direction
                0x200000e3        0x1 ./Components/Src/TMC2209.o
                0x200000e3                direction
 .bss.stepsTaken
                0x200000e4       0x10 ./Components/Src/TMC2209.o
                0x200000e4                stepsTaken
 .bss.rxData    0x200000f4        0x9 ./Components/Src/uart_handler.o
                0x200000f4                rxData
 *fill*         0x200000fd        0x3 
 .bss.rxBuffer  0x20000100        0x8 ./Components/Src/uart_handler.o
                0x20000100                rxBuffer
 .bss.rxBufferReady
                0x20000108        0x1 ./Components/Src/uart_handler.o
                0x20000108                rxBufferReady
 .bss.motorGroup
                0x20000109        0x1 ./Core/Src/calibration.o
                0x20000109                motorGroup
 *fill*         0x2000010a        0x2 
 .bss.StepsBack
                0x2000010c       0x10 ./Core/Src/calibration.o
                0x2000010c                StepsBack
 .bss.CtrPressedFlag.1
                0x2000011c        0x1 ./Core/Src/calibration.o
 *fill*         0x2000011d        0x3 
 .bss.lastPressTime.0
                0x20000120        0x4 ./Core/Src/calibration.o
 .bss.hi2c1     0x20000124       0x54 ./Core/Src/main.o
                0x20000124                hi2c1
 .bss.hspi2     0x20000178       0x64 ./Core/Src/main.o
                0x20000178                hspi2
 .bss.htim1     0x200001dc       0x4c ./Core/Src/main.o
                0x200001dc                htim1
 .bss.htim2     0x20000228       0x4c ./Core/Src/main.o
                0x20000228                htim2
 .bss.htim3     0x20000274       0x4c ./Core/Src/main.o
                0x20000274                htim3
 .bss.htim4     0x200002c0       0x4c ./Core/Src/main.o
                0x200002c0                htim4
 .bss.htim5     0x2000030c       0x4c ./Core/Src/main.o
                0x2000030c                htim5
 .bss.htim7     0x20000358       0x4c ./Core/Src/main.o
                0x20000358                htim7
 .bss.htim9     0x200003a4       0x4c ./Core/Src/main.o
                0x200003a4                htim9
 .bss.htim14    0x200003f0       0x4c ./Core/Src/main.o
                0x200003f0                htim14
 .bss.huart4    0x2000043c       0x88 ./Core/Src/main.o
                0x2000043c                huart4
 .bss.huart5    0x200004c4       0x88 ./Core/Src/main.o
                0x200004c4                huart5
 .bss.huart2    0x2000054c       0x88 ./Core/Src/main.o
                0x2000054c                huart2
 .bss.huart3    0x200005d4       0x88 ./Core/Src/main.o
                0x200005d4                huart3
 .bss.huart6    0x2000065c       0x88 ./Core/Src/main.o
                0x2000065c                huart6
 .bss.hdma_uart4_rx
                0x200006e4       0x60 ./Core/Src/main.o
                0x200006e4                hdma_uart4_rx
 .bss.hdma_uart5_rx
                0x20000744       0x60 ./Core/Src/main.o
                0x20000744                hdma_uart5_rx
 .bss.hdma_usart2_rx
                0x200007a4       0x60 ./Core/Src/main.o
                0x200007a4                hdma_usart2_rx
 .bss.hdma_usart6_rx
                0x20000804       0x60 ./Core/Src/main.o
                0x20000804                hdma_usart6_rx
 .bss.hpcd_USB_OTG_FS
                0x20000864      0x4e0 ./Core/Src/main.o
                0x20000864                hpcd_USB_OTG_FS
 .bss.motors    0x20000d44      0x1a0 ./Core/Src/main.o
                0x20000d44                motors
 .bss.axes      0x20000ee4       0x50 ./Core/Src/main.o
                0x20000ee4                axes
 .bss.flagUserBtn
                0x20000f34        0x1 ./Core/Src/main.o
                0x20000f34                flagUserBtn
 .bss.ES1       0x20000f35        0x1 ./Core/Src/main.o
                0x20000f35                ES1
 .bss.ES2       0x20000f36        0x1 ./Core/Src/main.o
                0x20000f36                ES2
 .bss.ES3       0x20000f37        0x1 ./Core/Src/main.o
                0x20000f37                ES3
 .bss.ES4       0x20000f38        0x1 ./Core/Src/main.o
                0x20000f38                ES4
 .bss.Btn1      0x20000f39        0x1 ./Core/Src/main.o
                0x20000f39                Btn1
 .bss.Btn2      0x20000f3a        0x1 ./Core/Src/main.o
                0x20000f3a                Btn2
 .bss.Btn3      0x20000f3b        0x1 ./Core/Src/main.o
                0x20000f3b                Btn3
 .bss.Btn4      0x20000f3c        0x1 ./Core/Src/main.o
                0x20000f3c                Btn4
 .bss.Btn5      0x20000f3d        0x1 ./Core/Src/main.o
                0x20000f3d                Btn5
 .bss.homingFlag
                0x20000f3e        0x1 ./Core/Src/main.o
                0x20000f3e                homingFlag
 *fill*         0x20000f3f        0x1 
 .bss.__sbrk_heap_end
                0x20000f40        0x4 ./Core/Src/sysmem.o
 .bss.uwTick    0x20000f44        0x4 ./Drivers/STM32F7xx_HAL_Driver/Src/stm32f7xx_hal.o
                0x20000f44                uwTick
 .bss.retUSER   0x20000f48        0x1 ./FATFS/App/fatfs.o
                0x20000f48                retUSER
 *fill*         0x20000f49        0x3 
 .bss.USERPath  0x20000f4c        0x4 ./FATFS/App/fatfs.o
                0x20000f4c                USERPath
 .bss.flag      0x20000f50        0x4 ./FATFS/Target/user_diskio_spi.o
                0x20000f50                flag
 .bss.CardType  0x20000f54        0x1 ./FATFS/Target/user_diskio_spi.o
 *fill*         0x20000f55        0x3 
 .bss.spiTimerTickStart
                0x20000f58        0x4 ./FATFS/Target/user_diskio_spi.o
                0x20000f58                spiTimerTickStart
 .bss.spiTimerTickDelay
                0x20000f5c        0x4 ./FATFS/Target/user_diskio_spi.o
                0x20000f5c                spiTimerTickDelay
 .bss.disk      0x20000f60        0xc ./Middlewares/Third_Party/FatFs/src/ff_gen_drv.o
                0x20000f60                disk
 .bss.__sf      0x20000f6c      0x138 D:/program files/STM32CubeIDE_1.16.1/STM32CubeIDE/plugins/com.st.stm32cube.ide.mcu.externaltools.gnu-tools-for-stm32.12.3.rel1.win32_1.0.200.202406191623/tools/bin/../lib/gcc/arm-none-eabi/12.3.1/../../../../arm-none-eabi/lib/thumb/v7e-m+fp/hard\libc_nano.a(libc_a-findfp.o)
                0x20000f6c                __sf
 .bss.errno     0x200010a4        0x4 D:/program files/STM32CubeIDE_1.16.1/STM32CubeIDE/plugins/com.st.stm32cube.ide.mcu.externaltools.gnu-tools-for-stm32.12.3.rel1.win32_1.0.200.202406191623/tools/bin/../lib/gcc/arm-none-eabi/12.3.1/../../../../arm-none-eabi/lib/thumb/v7e-m+fp/hard\libc_nano.a(libc_a-reent.o)
                0x200010a4                errno
 .bss.__lock___malloc_recursive_mutex
                0x200010a8        0x1 D:/program files/STM32CubeIDE_1.16.1/STM32CubeIDE/plugins/com.st.stm32cube.ide.mcu.externaltools.gnu-tools-for-stm32.12.3.rel1.win32_1.0.200.202406191623/tools/bin/../lib/gcc/arm-none-eabi/12.3.1/../../../../arm-none-eabi/lib/thumb/v7e-m+fp/hard\libc_nano.a(libc_a-lock.o)
                0x200010a8                __lock___malloc_recursive_mutex
 *fill*         0x200010a9        0x3 
 .bss.__malloc_sbrk_start
                0x200010ac        0x4 D:/program files/STM32CubeIDE_1.16.1/STM32CubeIDE/plugins/com.st.stm32cube.ide.mcu.externaltools.gnu-tools-for-stm32.12.3.rel1.win32_1.0.200.202406191623/tools/bin/../lib/gcc/arm-none-eabi/12.3.1/../../../../arm-none-eabi/lib/thumb/v7e-m+fp/hard\libc_nano.a(libc_a-mallocr.o)
                0x200010ac                __malloc_sbrk_start
 .bss.__malloc_free_list
                0x200010b0        0x4 D:/program files/STM32CubeIDE_1.16.1/STM32CubeIDE/plugins/com.st.stm32cube.ide.mcu.externaltools.gnu-tools-for-stm32.12.3.rel1.win32_1.0.200.202406191623/tools/bin/../lib/gcc/arm-none-eabi/12.3.1/../../../../arm-none-eabi/lib/thumb/v7e-m+fp/hard\libc_nano.a(libc_a-mallocr.o)
                0x200010b0                __malloc_free_list
 *(COMMON)
                0x200010b4                        . = ALIGN (0x4)
                0x200010b4                        _ebss = .
                0x200010b4                        __bss_end__ = _ebss

._user_heap_stack
                0x200010b4      0x604 load address 0x0800c9b4
                0x200010b8                        . = ALIGN (0x8)
 *fill*         0x200010b4        0x4 
                [!provide]                        PROVIDE (end = .)
                0x200010b8                        PROVIDE (_end = .)
                0x200012b8                        . = (. + _Min_Heap_Size)
 *fill*         0x200010b8      0x200 
                0x200016b8                        . = (. + _Min_Stack_Size)
 *fill*         0x200012b8      0x400 
                0x200016b8                        . = ALIGN (0x8)

/DISCARD/
 libc.a(*)
 libm.a(*)
 libgcc.a(*)

.ARM.attributes
                0x00000000       0x30
 *(.ARM.attributes)
 .ARM.attributes
                0x00000000       0x22 D:/program files/STM32CubeIDE_1.16.1/STM32CubeIDE/plugins/com.st.stm32cube.ide.mcu.externaltools.gnu-tools-for-stm32.12.3.rel1.win32_1.0.200.202406191623/tools/bin/../lib/gcc/arm-none-eabi/12.3.1/thumb/v7e-m+fp/hard/crti.o
 .ARM.attributes
                0x00000022       0x34 D:/program files/STM32CubeIDE_1.16.1/STM32CubeIDE/plugins/com.st.stm32cube.ide.mcu.externaltools.gnu-tools-for-stm32.12.3.rel1.win32_1.0.200.202406191623/tools/bin/../lib/gcc/arm-none-eabi/12.3.1/thumb/v7e-m+fp/hard/crtbegin.o
 .ARM.attributes
                0x00000056       0x34 ./Components/Src/LCD.o
 .ARM.attributes
                0x0000008a       0x34 ./Components/Src/TMC2209.o
 .ARM.attributes
                0x000000be       0x34 ./Components/Src/TMC2209_configs.o
 .ARM.attributes
                0x000000f2       0x34 ./Components/Src/encoder.o
 .ARM.attributes
                0x00000126       0x34 ./Components/Src/encoder_config.o
 .ARM.attributes
                0x0000015a       0x34 ./Components/Src/extras.o
 .ARM.attributes
                0x0000018e       0x34 ./Components/Src/lcd_config.o
 .ARM.attributes
                0x000001c2       0x34 ./Components/Src/servo.o
 .ARM.attributes
                0x000001f6       0x34 ./Components/Src/uart_handler.o
 .ARM.attributes
                0x0000022a       0x34 ./Core/Src/calibration.o
 .ARM.attributes
                0x0000025e       0x34 ./Core/Src/main.o
 .ARM.attributes
                0x00000292       0x34 ./Core/Src/stm32f7xx_hal_msp.o
 .ARM.attributes
                0x000002c6       0x34 ./Core/Src/stm32f7xx_it.o
 .ARM.attributes
                0x000002fa       0x34 ./Core/Src/sysmem.o
 .ARM.attributes
                0x0000032e       0x34 ./Core/Src/system_stm32f7xx.o
 .ARM.attributes
                0x00000362       0x21 ./Core/Startup/startup_stm32f746zgtx.o
 .ARM.attributes
                0x00000383       0x34 ./Drivers/STM32F7xx_HAL_Driver/Src/stm32f7xx_hal.o
 .ARM.attributes
                0x000003b7       0x34 ./Drivers/STM32F7xx_HAL_Driver/Src/stm32f7xx_hal_cortex.o
 .ARM.attributes
                0x000003eb       0x34 ./Drivers/STM32F7xx_HAL_Driver/Src/stm32f7xx_hal_dma.o
 .ARM.attributes
                0x0000041f       0x34 ./Drivers/STM32F7xx_HAL_Driver/Src/stm32f7xx_hal_gpio.o
 .ARM.attributes
                0x00000453       0x34 ./Drivers/STM32F7xx_HAL_Driver/Src/stm32f7xx_hal_i2c.o
 .ARM.attributes
                0x00000487       0x34 ./Drivers/STM32F7xx_HAL_Driver/Src/stm32f7xx_hal_i2c_ex.o
 .ARM.attributes
                0x000004bb       0x34 ./Drivers/STM32F7xx_HAL_Driver/Src/stm32f7xx_hal_pcd.o
 .ARM.attributes
                0x000004ef       0x34 ./Drivers/STM32F7xx_HAL_Driver/Src/stm32f7xx_hal_pcd_ex.o
 .ARM.attributes
                0x00000523       0x34 ./Drivers/STM32F7xx_HAL_Driver/Src/stm32f7xx_hal_pwr.o
 .ARM.attributes
                0x00000557       0x34 ./Drivers/STM32F7xx_HAL_Driver/Src/stm32f7xx_hal_pwr_ex.o
 .ARM.attributes
                0x0000058b       0x34 ./Drivers/STM32F7xx_HAL_Driver/Src/stm32f7xx_hal_rcc.o
 .ARM.attributes
                0x000005bf       0x34 ./Drivers/STM32F7xx_HAL_Driver/Src/stm32f7xx_hal_rcc_ex.o
 .ARM.attributes
                0x000005f3       0x34 ./Drivers/STM32F7xx_HAL_Driver/Src/stm32f7xx_hal_spi.o
 .ARM.attributes
                0x00000627       0x34 ./Drivers/STM32F7xx_HAL_Driver/Src/stm32f7xx_hal_tim.o
 .ARM.attributes
                0x0000065b       0x34 ./Drivers/STM32F7xx_HAL_Driver/Src/stm32f7xx_hal_tim_ex.o
 .ARM.attributes
                0x0000068f       0x34 ./Drivers/STM32F7xx_HAL_Driver/Src/stm32f7xx_hal_uart.o
 .ARM.attributes
                0x000006c3       0x34 ./Drivers/STM32F7xx_HAL_Driver/Src/stm32f7xx_ll_usb.o
 .ARM.attributes
                0x000006f7       0x34 ./FATFS/App/fatfs.o
 .ARM.attributes
                0x0000072b       0x34 ./FATFS/Target/user_diskio.o
 .ARM.attributes
                0x0000075f       0x34 ./FATFS/Target/user_diskio_spi.o
 .ARM.attributes
                0x00000793       0x34 ./Middlewares/Third_Party/FatFs/src/ff_gen_drv.o
 .ARM.attributes
                0x000007c7       0x34 D:/program files/STM32CubeIDE_1.16.1/STM32CubeIDE/plugins/com.st.stm32cube.ide.mcu.externaltools.gnu-tools-for-stm32.12.3.rel1.win32_1.0.200.202406191623/tools/bin/../lib/gcc/arm-none-eabi/12.3.1/../../../../arm-none-eabi/lib/thumb/v7e-m+fp/hard\libc_nano.a(libc_a-findfp.o)
 .ARM.attributes
                0x000007fb       0x34 D:/program files/STM32CubeIDE_1.16.1/STM32CubeIDE/plugins/com.st.stm32cube.ide.mcu.externaltools.gnu-tools-for-stm32.12.3.rel1.win32_1.0.200.202406191623/tools/bin/../lib/gcc/arm-none-eabi/12.3.1/../../../../arm-none-eabi/lib/thumb/v7e-m+fp/hard\libc_nano.a(libc_a-snprintf.o)
 .ARM.attributes
                0x0000082f       0x34 D:/program files/STM32CubeIDE_1.16.1/STM32CubeIDE/plugins/com.st.stm32cube.ide.mcu.externaltools.gnu-tools-for-stm32.12.3.rel1.win32_1.0.200.202406191623/tools/bin/../lib/gcc/arm-none-eabi/12.3.1/../../../../arm-none-eabi/lib/thumb/v7e-m+fp/hard\libc_nano.a(libc_a-sprintf.o)
 .ARM.attributes
                0x00000863       0x34 D:/program files/STM32CubeIDE_1.16.1/STM32CubeIDE/plugins/com.st.stm32cube.ide.mcu.externaltools.gnu-tools-for-stm32.12.3.rel1.win32_1.0.200.202406191623/tools/bin/../lib/gcc/arm-none-eabi/12.3.1/../../../../arm-none-eabi/lib/thumb/v7e-m+fp/hard\libc_nano.a(libc_a-memset.o)
 .ARM.attributes
                0x00000897       0x34 D:/program files/STM32CubeIDE_1.16.1/STM32CubeIDE/plugins/com.st.stm32cube.ide.mcu.externaltools.gnu-tools-for-stm32.12.3.rel1.win32_1.0.200.202406191623/tools/bin/../lib/gcc/arm-none-eabi/12.3.1/../../../../arm-none-eabi/lib/thumb/v7e-m+fp/hard\libc_nano.a(libc_a-reent.o)
 .ARM.attributes
                0x000008cb       0x34 D:/program files/STM32CubeIDE_1.16.1/STM32CubeIDE/plugins/com.st.stm32cube.ide.mcu.externaltools.gnu-tools-for-stm32.12.3.rel1.win32_1.0.200.202406191623/tools/bin/../lib/gcc/arm-none-eabi/12.3.1/../../../../arm-none-eabi/lib/thumb/v7e-m+fp/hard\libc_nano.a(libc_a-impure.o)
 .ARM.attributes
                0x000008ff       0x34 D:/program files/STM32CubeIDE_1.16.1/STM32CubeIDE/plugins/com.st.stm32cube.ide.mcu.externaltools.gnu-tools-for-stm32.12.3.rel1.win32_1.0.200.202406191623/tools/bin/../lib/gcc/arm-none-eabi/12.3.1/../../../../arm-none-eabi/lib/thumb/v7e-m+fp/hard\libc_nano.a(libc_a-errno.o)
 .ARM.attributes
                0x00000933       0x34 D:/program files/STM32CubeIDE_1.16.1/STM32CubeIDE/plugins/com.st.stm32cube.ide.mcu.externaltools.gnu-tools-for-stm32.12.3.rel1.win32_1.0.200.202406191623/tools/bin/../lib/gcc/arm-none-eabi/12.3.1/../../../../arm-none-eabi/lib/thumb/v7e-m+fp/hard\libc_nano.a(libc_a-init.o)
 .ARM.attributes
                0x00000967       0x34 D:/program files/STM32CubeIDE_1.16.1/STM32CubeIDE/plugins/com.st.stm32cube.ide.mcu.externaltools.gnu-tools-for-stm32.12.3.rel1.win32_1.0.200.202406191623/tools/bin/../lib/gcc/arm-none-eabi/12.3.1/../../../../arm-none-eabi/lib/thumb/v7e-m+fp/hard\libc_nano.a(libc_a-lock.o)
 .ARM.attributes
                0x0000099b       0x34 D:/program files/STM32CubeIDE_1.16.1/STM32CubeIDE/plugins/com.st.stm32cube.ide.mcu.externaltools.gnu-tools-for-stm32.12.3.rel1.win32_1.0.200.202406191623/tools/bin/../lib/gcc/arm-none-eabi/12.3.1/../../../../arm-none-eabi/lib/thumb/v7e-m+fp/hard\libc_nano.a(libc_a-memcpy-stub.o)
 .ARM.attributes
                0x000009cf       0x17 D:/program files/STM32CubeIDE_1.16.1/STM32CubeIDE/plugins/com.st.stm32cube.ide.mcu.externaltools.gnu-tools-for-stm32.12.3.rel1.win32_1.0.200.202406191623/tools/bin/../lib/gcc/arm-none-eabi/12.3.1/../../../../arm-none-eabi/lib/thumb/v7e-m+fp/hard\libc_nano.a(libc_a-strlen.o)
 .ARM.attributes
                0x000009e6       0x34 D:/program files/STM32CubeIDE_1.16.1/STM32CubeIDE/plugins/com.st.stm32cube.ide.mcu.externaltools.gnu-tools-for-stm32.12.3.rel1.win32_1.0.200.202406191623/tools/bin/../lib/gcc/arm-none-eabi/12.3.1/../../../../arm-none-eabi/lib/thumb/v7e-m+fp/hard\libc_nano.a(libc_a-freer.o)
 .ARM.attributes
                0x00000a1a       0x34 D:/program files/STM32CubeIDE_1.16.1/STM32CubeIDE/plugins/com.st.stm32cube.ide.mcu.externaltools.gnu-tools-for-stm32.12.3.rel1.win32_1.0.200.202406191623/tools/bin/../lib/gcc/arm-none-eabi/12.3.1/../../../../arm-none-eabi/lib/thumb/v7e-m+fp/hard\libc_nano.a(libc_a-mallocr.o)
 .ARM.attributes
                0x00000a4e       0x34 D:/program files/STM32CubeIDE_1.16.1/STM32CubeIDE/plugins/com.st.stm32cube.ide.mcu.externaltools.gnu-tools-for-stm32.12.3.rel1.win32_1.0.200.202406191623/tools/bin/../lib/gcc/arm-none-eabi/12.3.1/../../../../arm-none-eabi/lib/thumb/v7e-m+fp/hard\libc_nano.a(libc_a-mlock.o)
 .ARM.attributes
                0x00000a82       0x34 D:/program files/STM32CubeIDE_1.16.1/STM32CubeIDE/plugins/com.st.stm32cube.ide.mcu.externaltools.gnu-tools-for-stm32.12.3.rel1.win32_1.0.200.202406191623/tools/bin/../lib/gcc/arm-none-eabi/12.3.1/../../../../arm-none-eabi/lib/thumb/v7e-m+fp/hard\libc_nano.a(libc_a-nano-svfprintf.o)
 .ARM.attributes
                0x00000ab6       0x34 D:/program files/STM32CubeIDE_1.16.1/STM32CubeIDE/plugins/com.st.stm32cube.ide.mcu.externaltools.gnu-tools-for-stm32.12.3.rel1.win32_1.0.200.202406191623/tools/bin/../lib/gcc/arm-none-eabi/12.3.1/../../../../arm-none-eabi/lib/thumb/v7e-m+fp/hard\libc_nano.a(libc_a-nano-vfprintf_i.o)
 .ARM.attributes
                0x00000aea       0x34 D:/program files/STM32CubeIDE_1.16.1/STM32CubeIDE/plugins/com.st.stm32cube.ide.mcu.externaltools.gnu-tools-for-stm32.12.3.rel1.win32_1.0.200.202406191623/tools/bin/../lib/gcc/arm-none-eabi/12.3.1/../../../../arm-none-eabi/lib/thumb/v7e-m+fp/hard\libc_nano.a(libc_a-memmove.o)
 .ARM.attributes
                0x00000b1e       0x34 D:/program files/STM32CubeIDE_1.16.1/STM32CubeIDE/plugins/com.st.stm32cube.ide.mcu.externaltools.gnu-tools-for-stm32.12.3.rel1.win32_1.0.200.202406191623/tools/bin/../lib/gcc/arm-none-eabi/12.3.1/../../../../arm-none-eabi/lib/thumb/v7e-m+fp/hard\libc_nano.a(libc_a-sbrkr.o)
 .ARM.attributes
                0x00000b52       0x1c D:/program files/STM32CubeIDE_1.16.1/STM32CubeIDE/plugins/com.st.stm32cube.ide.mcu.externaltools.gnu-tools-for-stm32.12.3.rel1.win32_1.0.200.202406191623/tools/bin/../lib/gcc/arm-none-eabi/12.3.1/../../../../arm-none-eabi/lib/thumb/v7e-m+fp/hard\libc_nano.a(libc_a-memchr.o)
 .ARM.attributes
                0x00000b6e       0x34 D:/program files/STM32CubeIDE_1.16.1/STM32CubeIDE/plugins/com.st.stm32cube.ide.mcu.externaltools.gnu-tools-for-stm32.12.3.rel1.win32_1.0.200.202406191623/tools/bin/../lib/gcc/arm-none-eabi/12.3.1/../../../../arm-none-eabi/lib/thumb/v7e-m+fp/hard\libc_nano.a(libc_a-reallocr.o)
 .ARM.attributes
                0x00000ba2       0x34 D:/program files/STM32CubeIDE_1.16.1/STM32CubeIDE/plugins/com.st.stm32cube.ide.mcu.externaltools.gnu-tools-for-stm32.12.3.rel1.win32_1.0.200.202406191623/tools/bin/../lib/gcc/arm-none-eabi/12.3.1/../../../../arm-none-eabi/lib/thumb/v7e-m+fp/hard\libc_nano.a(libc_a-msizer.o)
 .ARM.attributes
                0x00000bd6       0x34 D:/program files/STM32CubeIDE_1.16.1/STM32CubeIDE/plugins/com.st.stm32cube.ide.mcu.externaltools.gnu-tools-for-stm32.12.3.rel1.win32_1.0.200.202406191623/tools/bin/../lib/gcc/arm-none-eabi/12.3.1/../../../../arm-none-eabi/lib/thumb/v7e-m+fp/hard\libm.a(libm_a-sf_fmax.o)
 .ARM.attributes
                0x00000c0a       0x34 D:/program files/STM32CubeIDE_1.16.1/STM32CubeIDE/plugins/com.st.stm32cube.ide.mcu.externaltools.gnu-tools-for-stm32.12.3.rel1.win32_1.0.200.202406191623/tools/bin/../lib/gcc/arm-none-eabi/12.3.1/../../../../arm-none-eabi/lib/thumb/v7e-m+fp/hard\libm.a(libm_a-sf_fmin.o)
 .ARM.attributes
                0x00000c3e       0x34 D:/program files/STM32CubeIDE_1.16.1/STM32CubeIDE/plugins/com.st.stm32cube.ide.mcu.externaltools.gnu-tools-for-stm32.12.3.rel1.win32_1.0.200.202406191623/tools/bin/../lib/gcc/arm-none-eabi/12.3.1/../../../../arm-none-eabi/lib/thumb/v7e-m+fp/hard\libm.a(libm_a-sf_fpclassify.o)
 .ARM.attributes
                0x00000c72       0x22 D:/program files/STM32CubeIDE_1.16.1/STM32CubeIDE/plugins/com.st.stm32cube.ide.mcu.externaltools.gnu-tools-for-stm32.12.3.rel1.win32_1.0.200.202406191623/tools/bin/../lib/gcc/arm-none-eabi/12.3.1/thumb/v7e-m+fp/hard\libgcc.a(_aeabi_uldivmod.o)
 .ARM.attributes
                0x00000c94       0x34 D:/program files/STM32CubeIDE_1.16.1/STM32CubeIDE/plugins/com.st.stm32cube.ide.mcu.externaltools.gnu-tools-for-stm32.12.3.rel1.win32_1.0.200.202406191623/tools/bin/../lib/gcc/arm-none-eabi/12.3.1/thumb/v7e-m+fp/hard\libgcc.a(_udivmoddi4.o)
 .ARM.attributes
                0x00000cc8       0x22 D:/program files/STM32CubeIDE_1.16.1/STM32CubeIDE/plugins/com.st.stm32cube.ide.mcu.externaltools.gnu-tools-for-stm32.12.3.rel1.win32_1.0.200.202406191623/tools/bin/../lib/gcc/arm-none-eabi/12.3.1/thumb/v7e-m+fp/hard\libgcc.a(_dvmd_tls.o)
 .ARM.attributes
                0x00000cea       0x22 D:/program files/STM32CubeIDE_1.16.1/STM32CubeIDE/plugins/com.st.stm32cube.ide.mcu.externaltools.gnu-tools-for-stm32.12.3.rel1.win32_1.0.200.202406191623/tools/bin/../lib/gcc/arm-none-eabi/12.3.1/thumb/v7e-m+fp/hard/crtn.o
OUTPUT(Flying-Probe_tester.elf elf32-littlearm)
LOAD linker stubs
LOAD D:/program files/STM32CubeIDE_1.16.1/STM32CubeIDE/plugins/com.st.stm32cube.ide.mcu.externaltools.gnu-tools-for-stm32.12.3.rel1.win32_1.0.200.202406191623/tools/bin/../lib/gcc/arm-none-eabi/12.3.1/../../../../arm-none-eabi/lib/thumb/v7e-m+fp/hard\libc.a
LOAD D:/program files/STM32CubeIDE_1.16.1/STM32CubeIDE/plugins/com.st.stm32cube.ide.mcu.externaltools.gnu-tools-for-stm32.12.3.rel1.win32_1.0.200.202406191623/tools/bin/../lib/gcc/arm-none-eabi/12.3.1/../../../../arm-none-eabi/lib/thumb/v7e-m+fp/hard\libm.a
LOAD D:/program files/STM32CubeIDE_1.16.1/STM32CubeIDE/plugins/com.st.stm32cube.ide.mcu.externaltools.gnu-tools-for-stm32.12.3.rel1.win32_1.0.200.202406191623/tools/bin/../lib/gcc/arm-none-eabi/12.3.1/thumb/v7e-m+fp/hard\libgcc.a

.debug_info     0x00000000    0x2407e
 .debug_info    0x00000000     0x1aea ./Components/Src/LCD.o
 .debug_info    0x00001aea     0x1c0a ./Components/Src/TMC2209.o
 .debug_info    0x000036f4      0xe36 ./Components/Src/TMC2209_configs.o
 .debug_info    0x0000452a      0x7b9 ./Components/Src/encoder.o
 .debug_info    0x00004ce3      0x6f2 ./Components/Src/encoder_config.o
 .debug_info    0x000053d5      0x8b5 ./Components/Src/extras.o
 .debug_info    0x00005c8a      0xa3a ./Components/Src/lcd_config.o