Archive member included to satisfy reference by file (symbol)

D:/program files/STM32CubeIDE_1.16.1/STM32CubeIDE/plugins/com.st.stm32cube.ide.mcu.externaltools.gnu-tools-for-stm32.12.3.rel1.win32_1.0.200.202406191623/tools/bin/../lib/gcc/arm-none-eabi/12.3.1/../../../../arm-none-eabi/lib/thumb/v7e-m+fp/hard\libc_nano.a(libc_a-exit.o)
                              D:/program files/STM32CubeIDE_1.16.1/STM32CubeIDE/plugins/com.st.stm32cube.ide.mcu.externaltools.gnu-tools-for-stm32.12.3.rel1.win32_1.0.200.202406191623/tools/bin/../lib/gcc/arm-none-eabi/12.3.1/../../../../arm-none-eabi/lib/thumb/v7e-m+fp/hard/crt0.o (exit)
D:/program files/STM32CubeIDE_1.16.1/STM32CubeIDE/plugins/com.st.stm32cube.ide.mcu.externaltools.gnu-tools-for-stm32.12.3.rel1.win32_1.0.200.202406191623/tools/bin/../lib/gcc/arm-none-eabi/12.3.1/../../../../arm-none-eabi/lib/thumb/v7e-m+fp/hard\libc_nano.a(libc_a-findfp.o)
                              D:/program files/STM32CubeIDE_1.16.1/STM32CubeIDE/plugins/com.st.stm32cube.ide.mcu.externaltools.gnu-tools-for-stm32.12.3.rel1.win32_1.0.200.202406191623/tools/bin/../lib/gcc/arm-none-eabi/12.3.1/../../../../arm-none-eabi/lib/thumb/v7e-m+fp/hard\libc_nano.a(libc_a-exit.o) (__stdio_exit_handler)
D:/program files/STM32CubeIDE_1.16.1/STM32CubeIDE/plugins/com.st.stm32cube.ide.mcu.externaltools.gnu-tools-for-stm32.12.3.rel1.win32_1.0.200.202406191623/tools/bin/../lib/gcc/arm-none-eabi/12.3.1/../../../../arm-none-eabi/lib/thumb/v7e-m+fp/hard\libc_nano.a(libc_a-fwalk.o)
                              D:/program files/STM32CubeIDE_1.16.1/STM32CubeIDE/plugins/com.st.stm32cube.ide.mcu.externaltools.gnu-tools-for-stm32.12.3.rel1.win32_1.0.200.202406191623/tools/bin/../lib/gcc/arm-none-eabi/12.3.1/../../../../arm-none-eabi/lib/thumb/v7e-m+fp/hard\libc_nano.a(libc_a-findfp.o) (_fwalk_sglue)
D:/program files/STM32CubeIDE_1.16.1/STM32CubeIDE/plugins/com.st.stm32cube.ide.mcu.externaltools.gnu-tools-for-stm32.12.3.rel1.win32_1.0.200.202406191623/tools/bin/../lib/gcc/arm-none-eabi/12.3.1/../../../../arm-none-eabi/lib/thumb/v7e-m+fp/hard\libc_nano.a(libc_a-snprintf.o)
                              ./Components/Src/LCD.o (snprintf)
D:/program files/STM32CubeIDE_1.16.1/STM32CubeIDE/plugins/com.st.stm32cube.ide.mcu.externaltools.gnu-tools-for-stm32.12.3.rel1.win32_1.0.200.202406191623/tools/bin/../lib/gcc/arm-none-eabi/12.3.1/../../../../arm-none-eabi/lib/thumb/v7e-m+fp/hard\libc_nano.a(libc_a-sprintf.o)
                              ./Components/Src/LCD.o (sprintf)
D:/program files/STM32CubeIDE_1.16.1/STM32CubeIDE/plugins/com.st.stm32cube.ide.mcu.externaltools.gnu-tools-for-stm32.12.3.rel1.win32_1.0.200.202406191623/tools/bin/../lib/gcc/arm-none-eabi/12.3.1/../../../../arm-none-eabi/lib/thumb/v7e-m+fp/hard\libc_nano.a(libc_a-stdio.o)
                              D:/program files/STM32CubeIDE_1.16.1/STM32CubeIDE/plugins/com.st.stm32cube.ide.mcu.externaltools.gnu-tools-for-stm32.12.3.rel1.win32_1.0.200.202406191623/tools/bin/../lib/gcc/arm-none-eabi/12.3.1/../../../../arm-none-eabi/lib/thumb/v7e-m+fp/hard\libc_nano.a(libc_a-findfp.o) (__sread)
D:/program files/STM32CubeIDE_1.16.1/STM32CubeIDE/plugins/com.st.stm32cube.ide.mcu.externaltools.gnu-tools-for-stm32.12.3.rel1.win32_1.0.200.202406191623/tools/bin/../lib/gcc/arm-none-eabi/12.3.1/../../../../arm-none-eabi/lib/thumb/v7e-m+fp/hard\libc_nano.a(libc_a-vsprintf.o)
                              ./Components/Src/LCD.o (vsprintf)
D:/program files/STM32CubeIDE_1.16.1/STM32CubeIDE/plugins/com.st.stm32cube.ide.mcu.externaltools.gnu-tools-for-stm32.12.3.rel1.win32_1.0.200.202406191623/tools/bin/../lib/gcc/arm-none-eabi/12.3.1/../../../../arm-none-eabi/lib/thumb/v7e-m+fp/hard\libc_nano.a(libc_a-memset.o)
                              D:/program files/STM32CubeIDE_1.16.1/STM32CubeIDE/plugins/com.st.stm32cube.ide.mcu.externaltools.gnu-tools-for-stm32.12.3.rel1.win32_1.0.200.202406191623/tools/bin/../lib/gcc/arm-none-eabi/12.3.1/../../../../arm-none-eabi/lib/thumb/v7e-m+fp/hard/crt0.o (memset)
D:/program files/STM32CubeIDE_1.16.1/STM32CubeIDE/plugins/com.st.stm32cube.ide.mcu.externaltools.gnu-tools-for-stm32.12.3.rel1.win32_1.0.200.202406191623/tools/bin/../lib/gcc/arm-none-eabi/12.3.1/../../../../arm-none-eabi/lib/thumb/v7e-m+fp/hard\libc_nano.a(libc_a-closer.o)
                              D:/program files/STM32CubeIDE_1.16.1/STM32CubeIDE/plugins/com.st.stm32cube.ide.mcu.externaltools.gnu-tools-for-stm32.12.3.rel1.win32_1.0.200.202406191623/tools/bin/../lib/gcc/arm-none-eabi/12.3.1/../../../../arm-none-eabi/lib/thumb/v7e-m+fp/hard\libc_nano.a(libc_a-stdio.o) (_close_r)
D:/program files/STM32CubeIDE_1.16.1/STM32CubeIDE/plugins/com.st.stm32cube.ide.mcu.externaltools.gnu-tools-for-stm32.12.3.rel1.win32_1.0.200.202406191623/tools/bin/../lib/gcc/arm-none-eabi/12.3.1/../../../../arm-none-eabi/lib/thumb/v7e-m+fp/hard\libc_nano.a(libc_a-reent.o)
[...]
Memory Configuration

Name             Origin             Length             Attributes
RAM              0x20000000         0x00050000         xrw
FLASH            0x08000000         0x00100000         xr
*default*        0x00000000         0xffffffff

Linker script and memory map

LOAD D:/program files/STM32CubeIDE_1.16.1/STM32CubeIDE/plugins/com.st.stm32cube.ide.mcu.externaltools.gnu-tools-for-stm32.12.3.rel1.win32_1.0.200.202406191623/tools/bin/../lib/gcc/arm-none-eabi/12.3.1/thumb/v7e-m+fp/hard/crti.o
LOAD D:/program files/STM32CubeIDE_1.16.1/STM32CubeIDE/plugins/com.st.stm32cube.ide.mcu.externaltools.gnu-tools-for-stm32.12.3.rel1.win32_1.0.200.202406191623/tools/bin/../lib/gcc/arm-none-eabi/12.3.1/thumb/v7e-m+fp/hard/crtbegin.o
LOAD D:/program files/STM32CubeIDE_1.16.1/STM32CubeIDE/plugins/com.st.stm32cube.ide.mcu.externaltools.gnu-tools-for-stm32.12.3.rel1.win32_1.0.200.202406191623/tools/bin/../lib/gcc/arm-none-eabi/12.3.1/../../../../arm-none-eabi/lib/thumb/v7e-m+fp/hard/crt0.o
LOAD ./Components/Src/LCD.o
LOAD ./Components/Src/encoder.o
LOAD ./Components/Src/encoder_config.o
LOAD ./Components/Src/extras.o
LOAD ./Components/Src/lcd_config.o
LOAD ./Components/Src/servo.o
LOAD ./Core/Src/main.o
LOAD ./Core/Src/stm32f7xx_hal_msp.o
LOAD ./Core/Src/stm32f7xx_it.o
LOAD ./Core/Src/syscalls.o
LOAD ./Core/Src/sysmem.o
LOAD ./Core/Src/system_stm32f7xx.o
LOAD ./Core/Startup/startup_stm32f746zgtx.o
LOAD ./Drivers/STM32F7xx_HAL_Driver/stm32f7xx_hal.o
LOAD ./Drivers/STM32F7xx_HAL_Driver/stm32f7xx_hal_cortex.o
LOAD ./Drivers/STM32F7xx_HAL_Driver/stm32f7xx_hal_dma.o
LOAD ./Drivers/STM32F7xx_HAL_Driver/stm32f7xx_hal_dma_ex.o
LOAD ./Drivers/STM32F7xx_HAL_Driver/stm32f7xx_hal_eth.o
LOAD ./Drivers/STM32F7xx_HAL_Driver/stm32f7xx_hal_exti.o
LOAD ./Drivers/STM32F7xx_HAL_Driver/stm32f7xx_hal_flash.o
LOAD ./Drivers/STM32F7xx_HAL_Driver/stm32f7xx_hal_flash_ex.o
LOAD ./Drivers/STM32F7xx_HAL_Driver/stm32f7xx_hal_gpio.o
LOAD ./Drivers/STM32F7xx_HAL_Driver/stm32f7xx_hal_i2c.o
LOAD ./Drivers/STM32F7xx_HAL_Driver/stm32f7xx_hal_i2c_ex.o
LOAD ./Drivers/STM32F7xx_HAL_Driver/stm32f7xx_hal_pcd.o
LOAD ./Drivers/STM32F7xx_HAL_Driver/stm32f7xx_hal_pcd_ex.o
LOAD ./Drivers/STM32F7xx_HAL_Driver/stm32f7xx_hal_pwr.o
LOAD ./Drivers/STM32F7xx_HAL_Driver/stm32f7xx_hal_pwr_ex.o
LOAD ./Drivers/STM32F7xx_HAL_Driver/stm32f7xx_hal_rcc.o
LOAD ./Drivers/STM32F7xx_HAL_Driver/stm32f7xx_hal_rcc_ex.o
LOAD ./Drivers/STM32F7xx_HAL_Driver/stm32f7xx_hal_tim.o
LOAD ./Drivers/STM32F7xx_HAL_Driver/stm32f7xx_hal_tim_ex.o
LOAD ./Drivers/STM32F7xx_HAL_Driver/stm32f7xx_hal_uart.o
LOAD ./Drivers/STM32F7xx_HAL_Driver/stm32f7xx_hal_uart_ex.o
LOAD ./Drivers/STM32F7xx_HAL_Driver/stm32f7xx_ll_usb.o
START GROUP
LOAD D:/program files/STM32CubeIDE_1.16.1/STM32CubeIDE/plugins/com.st.stm32cube.ide.mcu.externaltools.gnu-tools-for-stm32.12.3.rel1.win32_1.0.200.202406191623/tools/bin/../lib/gcc/arm-none-eabi/12.3.1/../../../../arm-none-eabi/lib/thumb/v7e-m+fp/hard\libc_nano.a
LOAD D:/program files/STM32CubeIDE_1.16.1/STM32CubeIDE/plugins/com.st.stm32cube.ide.mcu.externaltools.gnu-tools-for-stm32.12.3.rel1.win32_1.0.200.202406191623/tools/bin/../lib/gcc/arm-none-eabi/12.3.1/../../../../arm-none-eabi/lib/thumb/v7e-m+fp/hard\libm.a
END GROUP
START GROUP
LOAD D:/program files/STM32CubeIDE_1.16.1/STM32CubeIDE/plugins/com.st.stm32cube.ide.mcu.externaltools.gnu-tools-for-stm32.12.3.rel1.win32_1.0.200.202406191623/tools/bin/../lib/gcc/arm-none-eabi/12.3.1/thumb/v7e-m+fp/hard\libgcc.a
LOAD D:/program files/STM32CubeIDE_1.16.1/STM32CubeIDE/plugins/com.st.stm32cube.ide.mcu.externaltools.gnu-tools-for-stm32.12.3.rel1.win32_1.0.200.202406191623/tools/bin/../lib/gcc/arm-none-eabi/12.3.1/../../../../arm-none-eabi/lib/thumb/v7e-m+fp/hard\libc_nano.a
END GROUP
START GROUP
LOAD D:/program files/STM32CubeIDE_1.16.1/STM32CubeIDE/plugins/com.st.stm32cube.ide.mcu.externaltools.gnu-tools-for-stm32.12.3.rel1.win32_1.0.200.202406191623/tools/bin/../lib/gcc/arm-none-eabi/12.3.1/thumb/v7e-m+fp/hard\libgcc.a
LOAD D:/program files/STM32CubeIDE_1.16.1/STM32CubeIDE/plugins/com.st.stm32cube.ide.mcu.externaltools.gnu-tools-for-stm32.12.3.rel1.win32_1.0.200.202406191623/tools/bin/../lib/gcc/arm-none-eabi/12.3.1/../../../../arm-none-eabi/lib/thumb/v7e-m+fp/hard\libc_nano.a
LOAD D:/program files/STM32CubeIDE_1.16.1/STM32CubeIDE/plugins/com.st.stm32cube.ide.mcu.externaltools.gnu-tools-for-stm32.12.3.rel1.win32_1.0.200.202406191623/tools/bin/../lib/gcc/arm-none-eabi/12.3.1/../../../../arm-none-eabi/lib/thumb/v7e-m+fp/hard\libnosys.a
END GROUP
START GROUP
LOAD D:/program files/STM32CubeIDE_1.16.1/STM32CubeIDE/plugins/com.st.stm32cube.ide.mcu.externaltools.gnu-tools-for-stm32.12.3.rel1.win32_1.0.200.202406191623/tools/bin/../lib/gcc/arm-none-eabi/12.3.1/thumb/v7e-m+fp/hard\libgcc.a
LOAD D:/program files/STM32CubeIDE_1.16.1/STM32CubeIDE/plugins/com.st.stm32cube.ide.mcu.externaltools.gnu-tools-for-stm32.12.3.rel1.win32_1.0.200.202406191623/tools/bin/../lib/gcc/arm-none-eabi/12.3.1/../../../../arm-none-eabi/lib/thumb/v7e-m+fp/hard\libc_nano.a
LOAD D:/program files/STM32CubeIDE_1.16.1/STM32CubeIDE/plugins/com.st.stm32cube.ide.mcu.externaltools.gnu-tools-for-stm32.12.3.rel1.win32_1.0.200.202406191623/tools/bin/../lib/gcc/arm-none-eabi/12.3.1/../../../../arm-none-eabi/lib/thumb/v7e-m+fp/hard\libnosys.a
END GROUP
LOAD D:/program files/STM32CubeIDE_1.16.1/STM32CubeIDE/plugins/com.st.stm32cube.ide.mcu.externaltools.gnu-tools-for-stm32.12.3.rel1.win32_1.0.200.202406191623/tools/bin/../lib/gcc/arm-none-eabi/12.3.1/thumb/v7e-m+fp/hard/crtend.o
LOAD D:/program files/STM32CubeIDE_1.16.1/STM32CubeIDE/plugins/com.st.stm32cube.ide.mcu.externaltools.gnu-tools-for-stm32.12.3.rel1.win32_1.0.200.202406191623/tools/bin/../lib/gcc/arm-none-eabi/12.3.1/thumb/v7e-m+fp/hard/crtn.o
                0x20050000                        _estack = (ORIGIN (RAM) + LENGTH (RAM))
                0x00000200                        _Min_Heap_Size = 0x200
                0x00000400                        _Min_Stack_Size = 0x400

.isr_vector     0x08000000      0x1c8
                0x08000000                        . = ALIGN (0x4)
 *(.isr_vector)
 .isr_vector    0x08000000      0x1c8 ./Core/Startup/startup_stm32f746zgtx.o
                0x08000000                g_pfnVectors
                0x080001c8                        . = ALIGN (0x4)

.text           0x080001d0     0x636c
                0x080001d0                        . = ALIGN (0x4)
 *(.text)
 .text          0x080001d0       0x40 D:/program files/STM32CubeIDE_1.16.1/STM32CubeIDE/plugins/com.st.stm32cube.ide.mcu.externaltools.gnu-tools-for-stm32.12.3.rel1.win32_1.0.200.202406191623/tools/bin/../lib/gcc/arm-none-eabi/12.3.1/thumb/v7e-m+fp/hard/crtbegin.o
 .text          0x08000210       0x10 D:/program files/STM32CubeIDE_1.16.1/STM32CubeIDE/plugins/com.st.stm32cube.ide.mcu.externaltools.gnu-tools-for-stm32.12.3.rel1.win32_1.0.200.202406191623/tools/bin/../lib/gcc/arm-none-eabi/12.3.1/../../../../arm-none-eabi/lib/thumb/v7e-m+fp/hard\libc_nano.a(libc_a-strlen.o)
                0x08000210                strlen
 .text          0x08000220       0xa0 D:/program files/STM32CubeIDE_1.16.1/STM32CubeIDE/plugins/com.st.stm32cube.ide.mcu.externaltools.gnu-tools-for-stm32.12.3.rel1.win32_1.0.200.202406191623/tools/bin/../lib/gcc/arm-none-eabi/12.3.1/../../../../arm-none-eabi/lib/thumb/v7e-m+fp/hard\libc_nano.a(libc_a-memchr.o)
                0x08000220                memchr
 .text          0x080002c0       0x30 D:/program files/STM32CubeIDE_1.16.1/STM32CubeIDE/plugins/com.st.stm32cube.ide.mcu.externaltools.gnu-tools-for-stm32.12.3.rel1.win32_1.0.200.202406191623/tools/bin/../lib/gcc/arm-none-eabi/12.3.1/thumb/v7e-m+fp/hard\libgcc.a(_aeabi_uldivmod.o)
                0x080002c0                __aeabi_uldivmod
 .text          0x080002f0      0x2bc D:/program files/STM32CubeIDE_1.16.1/STM32CubeIDE/plugins/com.st.stm32cube.ide.mcu.externaltools.gnu-tools-for-stm32.12.3.rel1.win32_1.0.200.202406191623/tools/bin/../lib/gcc/arm-none-eabi/12.3.1/thumb/v7e-m+fp/hard\libgcc.a(_udivmoddi4.o)
                0x080002f0                __udivmoddi4
 .text          0x080005ac        0x4 D:/program files/STM32CubeIDE_1.16.1/STM32CubeIDE/plugins/com.st.stm32cube.ide.mcu.externaltools.gnu-tools-for-stm32.12.3.rel1.win32_1.0.200.202406191623/tools/bin/../lib/gcc/arm-none-eabi/12.3.1/thumb/v7e-m+fp/hard\libgcc.a(_dvmd_tls.o)
                0x080005ac                __aeabi_idiv0
                0x080005ac                __aeabi_ldiv0
 *(.text*)
 .text.__lcd_delay_us
                0x080005b0       0x36 ./Components/Src/LCD.o
                0x080005b0                __lcd_delay_us
 *fill*         0x080005e6        0x2 
 .text.__lcd_i2c_write
                0x080005e8       0xb0 ./Components/Src/LCD.o
                0x080005e8                __lcd_i2c_write
 .text.__lcd_i2c_write_command
                0x08000698       0x20 ./Components/Src/LCD.o
                0x08000698                __lcd_i2c_write_command
 .text.__lcd_i2c_write_data
                0x080006b8       0x20 ./Components/Src/LCD.o
                0x080006b8                __lcd_i2c_write_data
 .text.LCD_I2C_Init
                0x080006d8       0xaa ./Components/Src/LCD.o
                0x080006d8                LCD_I2C_Init
 .text.LCD_I2C_printCustomChar
                0x08000782       0x1e ./Components/Src/LCD.o
                0x08000782                LCD_I2C_printCustomChar
 .text.LCD_I2C_printStr
                0x080007a0       0x3e ./Components/Src/LCD.o
                0x080007a0                LCD_I2C_printStr
 *fill*         0x080007de        0x2 
 .text.LCD_I2C_SetCursor
                0x080007e0       0x34 ./Components/Src/LCD.o
                0x080007e0                LCD_I2C_SetCursor
 .text.LCD_I2C_Clear
                0x08000814       0x18 ./Components/Src/LCD.o
                0x08000814                LCD_I2C_Clear
 .text.LCD_I2C_DefineChar
                0x0800082c       0x4c ./Components/Src/LCD.o
                0x0800082c                LCD_I2C_DefineChar
 .text.LCD_I2C_DisplaySequentialGlossyText
                0x08000878       0xa4 ./Components/Src/LCD.o
                0x08000878                LCD_I2C_DisplaySequentialGlossyText
 .text.LCD_I2C_HandleMenuSelection
                0x0800091c       0xb0 ./Components/Src/LCD.o
                0x0800091c                LCD_I2C_HandleMenuSelection
 .text.LCD_I2C_MainMenu_Encoder
                0x080009cc      0x14c ./Components/Src/LCD.o
                0x080009cc                LCD_I2C_MainMenu_Encoder
 .text.read_buttons
                0x08000b18       0x20 ./Components/Src/LCD.o
                0x08000b18                read_buttons
 .text.ENC_Init
                0x08000b38       0x1c ./Components/Src/encoder.o
                0x08000b38                ENC_Init
 .text.ENC_GetCounter
                0x08000b54       0x5a ./Components/Src/encoder.o
                0x08000b54                ENC_GetCounter
 *fill*         0x08000bae        0x2 
 .text.main     0x08000bb0       0x78 ./Core/Src/main.o
                0x08000bb0                main
 .text.SystemClock_Config
                0x08000c28       0xdc ./Core/Src/main.o
                0x08000c28                SystemClock_Config
 .text.MX_ETH_Init
                0x08000d04       0x9c ./Core/Src/main.o
 .text.MX_I2C1_Init
                0x08000da0       0x80 ./Core/Src/main.o
 .text.MX_TIM4_Init
                0x08000e20       0xac ./Core/Src/main.o
 .text.MX_TIM7_Init
                0x08000ecc       0x6c ./Core/Src/main.o
 .text.MX_USART3_UART_Init
                0x08000f38       0x60 ./Core/Src/main.o
 .text.MX_USB_OTG_FS_PCD_Init
                0x08000f98       0x5c ./Core/Src/main.o
 .text.MX_GPIO_Init
                0x08000ff4      0x188 ./Core/Src/main.o
 .text.Error_Handler
                0x0800117c        0xc ./Core/Src/main.o
                0x0800117c                Error_Handler
 .text.HAL_MspInit
                0x08001188       0x48 ./Core/Src/stm32f7xx_hal_msp.o
                0x08001188                HAL_MspInit
 .text.HAL_ETH_MspInit
                0x080011d0      0x170 ./Core/Src/stm32f7xx_hal_msp.o
                0x080011d0                HAL_ETH_MspInit
 .text.HAL_I2C_MspInit
                0x08001340       0xc0 ./Core/Src/stm32f7xx_hal_msp.o
                0x08001340                HAL_I2C_MspInit
 .text.HAL_TIM_Encoder_MspInit
                0x08001400       0x98 ./Core/Src/stm32f7xx_hal_msp.o
                0x08001400                HAL_TIM_Encoder_MspInit
 .text.HAL_TIM_Base_MspInit
                0x08001498       0x40 ./Core/Src/stm32f7xx_hal_msp.o
                0x08001498                HAL_TIM_Base_MspInit
 .text.HAL_UART_MspInit
                0x080014d8       0xc0 ./Core/Src/stm32f7xx_hal_msp.o
                0x080014d8                HAL_UART_MspInit
 .text.HAL_PCD_MspInit
                0x08001598       0xf4 ./Core/Src/stm32f7xx_hal_msp.o
                0x08001598                HAL_PCD_MspInit
 .text.NMI_Handler
                0x0800168c        0x8 ./Core/Src/stm32f7xx_it.o
                0x0800168c                NMI_Handler
 .text.HardFault_Handler
                0x08001694        0x8 ./Core/Src/stm32f7xx_it.o
                0x08001694                HardFault_Handler
 .text.MemManage_Handler
                0x0800169c        0x8 ./Core/Src/stm32f7xx_it.o
                0x0800169c                MemManage_Handler
 .text.BusFault_Handler
                0x080016a4        0x8 ./Core/Src/stm32f7xx_it.o
                0x080016a4                BusFault_Handler
 .text.UsageFault_Handler
                0x080016ac        0x8 ./Core/Src/stm32f7xx_it.o
                0x080016ac                UsageFault_Handler
 .text.SVC_Handler
                0x080016b4        0xe ./Core/Src/stm32f7xx_it.o
                0x080016b4                SVC_Handler
 .text.DebugMon_Handler
                0x080016c2        0xe ./Core/Src/stm32f7xx_it.o
                0x080016c2                DebugMon_Handler
 .text.PendSV_Handler
                0x080016d0        0xe ./Core/Src/stm32f7xx_it.o
                0x080016d0                PendSV_Handler
 .text.SysTick_Handler
                0x080016de        0xc ./Core/Src/stm32f7xx_it.o
                0x080016de                SysTick_Handler
 *fill*         0x080016ea        0x2 
 .text.TIM4_IRQHandler
                0x080016ec       0x14 ./Core/Src/stm32f7xx_it.o
                0x080016ec                TIM4_IRQHandler
 .text.EXTI15_10_IRQHandler
                0x08001700       0x10 ./Core/Src/stm32f7xx_it.o
                0x08001700                EXTI15_10_IRQHandler
 .text._sbrk    0x08001710       0x6c ./Core/Src/sysmem.o
                0x08001710                _sbrk
 .text.SystemInit
                0x0800177c       0x24 ./Core/Src/system_stm32f7xx.o
                0x0800177c                SystemInit
 .text.Reset_Handler
                0x080017a0       0x50 ./Core/Startup/startup_stm32f746zgtx.o
                0x080017a0                Reset_Handler
 .text.Default_Handler
                0x080017f0        0x2 ./Core/Startup/startup_stm32f746zgtx.o
                0x080017f0                RTC_Alarm_IRQHandler
                0x080017f0                EXTI2_IRQHandler
                0x080017f0                TIM8_CC_IRQHandler
                0x080017f0                UART8_IRQHandler
                0x080017f0                SPI4_IRQHandler
                0x080017f0                TIM1_CC_IRQHandler
                0x080017f0                DMA2_Stream5_IRQHandler
                0x080017f0                DMA1_Stream5_IRQHandler
                0x080017f0                PVD_IRQHandler
                0x080017f0                TAMP_STAMP_IRQHandler
                0x080017f0                CAN2_RX1_IRQHandler
                0x080017f0                EXTI3_IRQHandler
                0x080017f0                TIM8_TRG_COM_TIM14_IRQHandler
                0x080017f0                TIM1_UP_TIM10_IRQHandler
                0x080017f0                TIM8_UP_TIM13_IRQHandler
                0x080017f0                I2C3_ER_IRQHandler
                0x080017f0                EXTI0_IRQHandler
                0x080017f0                I2C2_EV_IRQHandler
                0x080017f0                DMA1_Stream2_IRQHandler
                0x080017f0                CAN1_RX0_IRQHandler
                0x080017f0                FPU_IRQHandler
                0x080017f0                OTG_HS_WKUP_IRQHandler
                0x080017f0                LTDC_ER_IRQHandler
                0x080017f0                CAN2_SCE_IRQHandler
                0x080017f0                DMA2_Stream2_IRQHandler
                0x080017f0                SPI1_IRQHandler
                0x080017f0                TIM6_DAC_IRQHandler
                0x080017f0                TIM1_BRK_TIM9_IRQHandler
                0x080017f0                DCMI_IRQHandler
                0x080017f0                CAN2_RX0_IRQHandler
                0x080017f0                DMA2_Stream3_IRQHandler
                0x080017f0                SAI2_IRQHandler
                0x080017f0                USART6_IRQHandler
                0x080017f0                USART3_IRQHandler
                0x080017f0                CAN1_RX1_IRQHandler
                0x080017f0                UART5_IRQHandler
                0x080017f0                DMA2_Stream0_IRQHandler
                0x080017f0                QUADSPI_IRQHandler
                0x080017f0                I2C1_EV_IRQHandler
                0x080017f0                DMA1_Stream6_IRQHandler
                0x080017f0                DMA1_Stream1_IRQHandler
                0x080017f0                UART4_IRQHandler
                0x080017f0                TIM3_IRQHandler
                0x080017f0                RCC_IRQHandler
                0x080017f0                TIM8_BRK_TIM12_IRQHandler
                0x080017f0                Default_Handler
                0x080017f0                CEC_IRQHandler
                0x080017f0                ADC_IRQHandler
                0x080017f0                DMA1_Stream7_IRQHandler
                0x080017f0                SPI5_IRQHandler
                0x080017f0                TIM7_IRQHandler
                0x080017f0                SDMMC1_IRQHandler
                0x080017f0                CAN2_TX_IRQHandler
                0x080017f0                TIM5_IRQHandler
                0x080017f0                DMA2_Stream7_IRQHandler
                0x080017f0                I2C3_EV_IRQHandler
                0x080017f0                EXTI9_5_IRQHandler
                0x080017f0                RTC_WKUP_IRQHandler
                0x080017f0                LTDC_IRQHandler
                0x080017f0                ETH_WKUP_IRQHandler
                0x080017f0                SPDIF_RX_IRQHandler
                0x080017f0                SPI2_IRQHandler
                0x080017f0                OTG_HS_EP1_IN_IRQHandler
                0x080017f0                DMA1_Stream0_IRQHandler
                0x080017f0                CAN1_TX_IRQHandler
                0x080017f0                EXTI4_IRQHandler
                0x080017f0                RNG_IRQHandler
                0x080017f0                ETH_IRQHandler
                0x080017f0                OTG_HS_EP1_OUT_IRQHandler
                0x080017f0                WWDG_IRQHandler
                0x080017f0                SPI6_IRQHandler
                0x080017f0                I2C4_EV_IRQHandler
                0x080017f0                TIM2_IRQHandler
                0x080017f0                OTG_FS_WKUP_IRQHandler
                0x080017f0                TIM1_TRG_COM_TIM11_IRQHandler
                0x080017f0                OTG_HS_IRQHandler
                0x080017f0                DMA2D_IRQHandler
                0x080017f0                EXTI1_IRQHandler
                0x080017f0                UART7_IRQHandler
                0x080017f0                USART2_IRQHandler
                0x080017f0                I2C2_ER_IRQHandler
                0x080017f0                DMA2_Stream1_IRQHandler
                0x080017f0                CAN1_SCE_IRQHandler
                0x080017f0                FLASH_IRQHandler
                0x080017f0                DMA2_Stream4_IRQHandler
                0x080017f0                USART1_IRQHandler
                0x080017f0                OTG_FS_IRQHandler
                0x080017f0                SPI3_IRQHandler
                0x080017f0                DMA1_Stream4_IRQHandler
                0x080017f0                I2C1_ER_IRQHandler
                0x080017f0                FMC_IRQHandler
                0x080017f0                LPTIM1_IRQHandler
                0x080017f0                I2C4_ER_IRQHandler
                0x080017f0                DMA2_Stream6_IRQHandler
                0x080017f0                SAI1_IRQHandler
                0x080017f0                DMA1_Stream3_IRQHandler
 .text.HAL_Init
                0x080017f2       0x1a ./Drivers/STM32F7xx_HAL_Driver/stm32f7xx_hal.o
                0x080017f2                HAL_Init
 .text.HAL_InitTick
                0x0800180c       0x60 ./Drivers/STM32F7xx_HAL_Driver/stm32f7xx_hal.o
                0x0800180c                HAL_InitTick
 .text.HAL_IncTick
                0x0800186c       0x28 ./Drivers/STM32F7xx_HAL_Driver/stm32f7xx_hal.o
                0x0800186c                HAL_IncTick
 .text.HAL_GetTick
                0x08001894       0x18 ./Drivers/STM32F7xx_HAL_Driver/stm32f7xx_hal.o
                0x08001894                HAL_GetTick
 .text.HAL_Delay
                0x080018ac       0x48 ./Drivers/STM32F7xx_HAL_Driver/stm32f7xx_hal.o
                0x080018ac                HAL_Delay
 .text.__NVIC_SetPriorityGrouping
                0x080018f4       0x48 ./Drivers/STM32F7xx_HAL_Driver/stm32f7xx_hal_cortex.o
 .text.__NVIC_GetPriorityGrouping
                0x0800193c       0x1c ./Drivers/STM32F7xx_HAL_Driver/stm32f7xx_hal_cortex.o
 .text.__NVIC_EnableIRQ
                0x08001958       0x3c ./Drivers/STM32F7xx_HAL_Driver/stm32f7xx_hal_cortex.o
 .text.__NVIC_SetPriority
                0x08001994       0x54 ./Drivers/STM32F7xx_HAL_Driver/stm32f7xx_hal_cortex.o
 .text.NVIC_EncodePriority
                0x080019e8       0x66 ./Drivers/STM32F7xx_HAL_Driver/stm32f7xx_hal_cortex.o
 *fill*         0x08001a4e        0x2 
 .text.SysTick_Config
                0x08001a50       0x44 ./Drivers/STM32F7xx_HAL_Driver/stm32f7xx_hal_cortex.o
 .text.HAL_NVIC_SetPriorityGrouping
                0x08001a94       0x16 ./Drivers/STM32F7xx_HAL_Driver/stm32f7xx_hal_cortex.o
                0x08001a94                HAL_NVIC_SetPriorityGrouping
 .text.HAL_NVIC_SetPriority
                0x08001aaa       0x38 ./Drivers/STM32F7xx_HAL_Driver/stm32f7xx_hal_cortex.o
                0x08001aaa                HAL_NVIC_SetPriority
 .text.HAL_NVIC_EnableIRQ
                0x08001ae2       0x1c ./Drivers/STM32F7xx_HAL_Driver/stm32f7xx_hal_cortex.o
                0x08001ae2                HAL_NVIC_EnableIRQ
 .text.HAL_SYSTICK_Config
                0x08001afe       0x18 ./Drivers/STM32F7xx_HAL_Driver/stm32f7xx_hal_cortex.o
                0x08001afe                HAL_SYSTICK_Config
 *fill*         0x08001b16        0x2 
 .text.HAL_ETH_Init
                0x08001b18      0x134 ./Drivers/STM32F7xx_HAL_Driver/stm32f7xx_hal_eth.o
                0x08001b18                HAL_ETH_Init
 .text.ETH_SetMACConfig
                0x08001c4c      0x168 ./Drivers/STM32F7xx_HAL_Driver/stm32f7xx_hal_eth.o
 .text.ETH_SetDMAConfig
                0x08001db4      0x114 ./Drivers/STM32F7xx_HAL_Driver/stm32f7xx_hal_eth.o
 .text.ETH_MACDMAConfig
                0x08001ec8       0xea ./Drivers/STM32F7xx_HAL_Driver/stm32f7xx_hal_eth.o
 *fill*         0x08001fb2        0x2 
 .text.ETH_MACAddressConfig
                0x08001fb4       0x70 ./Drivers/STM32F7xx_HAL_Driver/stm32f7xx_hal_eth.o
 .text.ETH_DMATxDescListInit
                0x08002024       0xb2 ./Drivers/STM32F7xx_HAL_Driver/stm32f7xx_hal_eth.o
 .text.ETH_DMARxDescListInit
                0x080020d6       0xde ./Drivers/STM32F7xx_HAL_Driver/stm32f7xx_hal_eth.o
 .text.HAL_GPIO_Init
                0x080021b4      0x358 ./Drivers/STM32F7xx_HAL_Driver/stm32f7xx_hal_gpio.o
                0x080021b4                HAL_GPIO_Init
 .text.HAL_GPIO_ReadPin
                0x0800250c       0x30 ./Drivers/STM32F7xx_HAL_Driver/stm32f7xx_hal_gpio.o
                0x0800250c                HAL_GPIO_ReadPin
 .text.HAL_GPIO_WritePin
                0x0800253c       0x32 ./Drivers/STM32F7xx_HAL_Driver/stm32f7xx_hal_gpio.o
                0x0800253c                HAL_GPIO_WritePin
 *fill*         0x0800256e        0x2 
 .text.HAL_GPIO_EXTI_IRQHandler
                0x08002570       0x30 ./Drivers/STM32F7xx_HAL_Driver/stm32f7xx_hal_gpio.o
                0x08002570                HAL_GPIO_EXTI_IRQHandler
 .text.HAL_GPIO_EXTI_Callback
                0x080025a0       0x16 ./Drivers/STM32F7xx_HAL_Driver/stm32f7xx_hal_gpio.o
                0x080025a0                HAL_GPIO_EXTI_Callback
 *fill*         0x080025b6        0x2 
 .text.HAL_I2C_Init
                0x080025b8      0x138 ./Drivers/STM32F7xx_HAL_Driver/stm32f7xx_hal_i2c.o
                0x080025b8                HAL_I2C_Init
 .text.HAL_I2C_Master_Transmit
                0x080026f0      0x230 ./Drivers/STM32F7xx_HAL_Driver/stm32f7xx_hal_i2c.o
                0x080026f0                HAL_I2C_Master_Transmit
 .text.I2C_Flush_TXDR
                0x08002920       0x48 ./Drivers/STM32F7xx_HAL_Driver/stm32f7xx_hal_i2c.o
 .text.I2C_WaitOnFlagUntilTimeout
                0x08002968       0xb2 ./Drivers/STM32F7xx_HAL_Driver/stm32f7xx_hal_i2c.o
 .text.I2C_WaitOnTXISFlagUntilTimeout
                0x08002a1a       0x8e ./Drivers/STM32F7xx_HAL_Driver/stm32f7xx_hal_i2c.o
 .text.I2C_WaitOnSTOPFlagUntilTimeout
                0x08002aa8       0x86 ./Drivers/STM32F7xx_HAL_Driver/stm32f7xx_hal_i2c.o
 *fill*         0x08002b2e        0x2 
 .text.I2C_IsErrorOccurred
                0x08002b30      0x1c0 ./Drivers/STM32F7xx_HAL_Driver/stm32f7xx_hal_i2c.o
 .text.I2C_TransferConfig
                0x08002cf0       0x64 ./Drivers/STM32F7xx_HAL_Driver/stm32f7xx_hal_i2c.o
 .text.HAL_I2CEx_ConfigAnalogFilter
                0x08002d54       0x96 ./Drivers/STM32F7xx_HAL_Driver/stm32f7xx_hal_i2c_ex.o
                0x08002d54                HAL_I2CEx_ConfigAnalogFilter
 .text.HAL_I2CEx_ConfigDigitalFilter
                0x08002dea       0x98 ./Drivers/STM32F7xx_HAL_Driver/stm32f7xx_hal_i2c_ex.o
                0x08002dea                HAL_I2CEx_ConfigDigitalFilter
 .text.HAL_PCD_Init
                0x08002e82      0x22c ./Drivers/STM32F7xx_HAL_Driver/stm32f7xx_hal_pcd.o
                0x08002e82                HAL_PCD_Init
 *fill*         0x080030ae        0x2 
 .text.HAL_PCDEx_ActivateLPM
                0x080030b0       0x48 ./Drivers/STM32F7xx_HAL_Driver/stm32f7xx_hal_pcd_ex.o
                0x080030b0                HAL_PCDEx_ActivateLPM
 .text.HAL_PWR_EnableBkUpAccess
                0x080030f8       0x20 ./Drivers/STM32F7xx_HAL_Driver/stm32f7xx_hal_pwr.o
                0x080030f8                HAL_PWR_EnableBkUpAccess
 .text.HAL_PWREx_EnableOverDrive
                0x08003118       0xa0 ./Drivers/STM32F7xx_HAL_Driver/stm32f7xx_hal_pwr_ex.o
                0x08003118                HAL_PWREx_EnableOverDrive
 .text.HAL_RCC_OscConfig
                0x080031b8      0x548 ./Drivers/STM32F7xx_HAL_Driver/stm32f7xx_hal_rcc.o
                0x080031b8                HAL_RCC_OscConfig
 .text.HAL_RCC_ClockConfig
                0x08003700      0x1d8 ./Drivers/STM32F7xx_HAL_Driver/stm32f7xx_hal_rcc.o
                0x08003700                HAL_RCC_ClockConfig
 .text.HAL_RCC_GetSysClockFreq
                0x080038d8      0x20c ./Drivers/STM32F7xx_HAL_Driver/stm32f7xx_hal_rcc.o
                0x080038d8                HAL_RCC_GetSysClockFreq
 .text.HAL_RCC_GetHCLKFreq
                0x08003ae4       0x18 ./Drivers/STM32F7xx_HAL_Driver/stm32f7xx_hal_rcc.o
                0x08003ae4                HAL_RCC_GetHCLKFreq
 .text.HAL_RCC_GetPCLK1Freq
                0x08003afc       0x28 ./Drivers/STM32F7xx_HAL_Driver/stm32f7xx_hal_rcc.o
                0x08003afc                HAL_RCC_GetPCLK1Freq
 .text.HAL_RCC_GetPCLK2Freq
                0x08003b24       0x28 ./Drivers/STM32F7xx_HAL_Driver/stm32f7xx_hal_rcc.o
                0x08003b24                HAL_RCC_GetPCLK2Freq
 .text.HAL_RCCEx_PeriphCLKConfig
                0x08003b4c      0x7e0 ./Drivers/STM32F7xx_HAL_Driver/stm32f7xx_hal_rcc_ex.o
                0x08003b4c                HAL_RCCEx_PeriphCLKConfig
 .text.HAL_TIM_Base_Init
                0x0800432c       0xae ./Drivers/STM32F7xx_HAL_Driver/stm32f7xx_hal_tim.o
                0x0800432c                HAL_TIM_Base_Init
 *fill*         0x080043da        0x2 
 .text.HAL_TIM_Base_Start
                0x080043dc       0xe0 ./Drivers/STM32F7xx_HAL_Driver/stm32f7xx_hal_tim.o
                0x080043dc                HAL_TIM_Base_Start
 .text.HAL_TIM_Base_Stop
                0x080044bc       0x4e ./Drivers/STM32F7xx_HAL_Driver/stm32f7xx_hal_tim.o
                0x080044bc                HAL_TIM_Base_Stop
 *fill*         0x0800450a        0x2 
 .text.HAL_TIM_Encoder_Init
                0x0800450c      0x14c ./Drivers/STM32F7xx_HAL_Driver/stm32f7xx_hal_tim.o
                0x0800450c                HAL_TIM_Encoder_Init
 .text.HAL_TIM_Encoder_Start
                0x08004658      0x11c ./Drivers/STM32F7xx_HAL_Driver/stm32f7xx_hal_tim.o
                0x08004658                HAL_TIM_Encoder_Start
 .text.HAL_TIM_IRQHandler
                0x08004774      0x20e ./Drivers/STM32F7xx_HAL_Driver/stm32f7xx_hal_tim.o
                0x08004774                HAL_TIM_IRQHandler
 .text.HAL_TIM_PeriodElapsedCallback
                0x08004982       0x14 ./Drivers/STM32F7xx_HAL_Driver/stm32f7xx_hal_tim.o
                0x08004982                HAL_TIM_PeriodElapsedCallback
 .text.HAL_TIM_OC_DelayElapsedCallback
                0x08004996       0x14 ./Drivers/STM32F7xx_HAL_Driver/stm32f7xx_hal_tim.o
                0x08004996                HAL_TIM_OC_DelayElapsedCallback
 .text.HAL_TIM_IC_CaptureCallback
                0x080049aa       0x14 ./Drivers/STM32F7xx_HAL_Driver/stm32f7xx_hal_tim.o
                0x080049aa                HAL_TIM_IC_CaptureCallback
 .text.HAL_TIM_PWM_PulseFinishedCallback
                0x080049be       0x14 ./Drivers/STM32F7xx_HAL_Driver/stm32f7xx_hal_tim.o
                0x080049be                HAL_TIM_PWM_PulseFinishedCallback
 .text.HAL_TIM_TriggerCallback
                0x080049d2       0x14 ./Drivers/STM32F7xx_HAL_Driver/stm32f7xx_hal_tim.o
                0x080049d2                HAL_TIM_TriggerCallback
 *fill*         0x080049e6        0x2 
 .text.TIM_Base_SetConfig
                0x080049e8      0x158 ./Drivers/STM32F7xx_HAL_Driver/stm32f7xx_hal_tim.o
                0x080049e8                TIM_Base_SetConfig
 .text.TIM_CCxChannelCmd
                0x08004b40       0x4a ./Drivers/STM32F7xx_HAL_Driver/stm32f7xx_hal_tim.o
                0x08004b40                TIM_CCxChannelCmd
 *fill*         0x08004b8a        0x2 
 .text.HAL_TIMEx_MasterConfigSynchronization
                0x08004b8c      0x11c ./Drivers/STM32F7xx_HAL_Driver/stm32f7xx_hal_tim_ex.o
                0x08004b8c                HAL_TIMEx_MasterConfigSynchronization
 .text.HAL_TIMEx_CommutCallback
                0x08004ca8       0x14 ./Drivers/STM32F7xx_HAL_Driver/stm32f7xx_hal_tim_ex.o
                0x08004ca8                HAL_TIMEx_CommutCallback
 .text.HAL_TIMEx_BreakCallback
                0x08004cbc       0x14 ./Drivers/STM32F7xx_HAL_Driver/stm32f7xx_hal_tim_ex.o
                0x08004cbc                HAL_TIMEx_BreakCallback
 .text.HAL_TIMEx_Break2Callback
                0x08004cd0       0x14 ./Drivers/STM32F7xx_HAL_Driver/stm32f7xx_hal_tim_ex.o
                0x08004cd0                HAL_TIMEx_Break2Callback
 .text.HAL_UART_Init
                0x08004ce4       0x9c ./Drivers/STM32F7xx_HAL_Driver/stm32f7xx_hal_uart.o
                0x08004ce4                HAL_UART_Init
 .text.UART_SetConfig
                0x08004d80      0x4c8 ./Drivers/STM32F7xx_HAL_Driver/stm32f7xx_hal_uart.o
                0x08004d80                UART_SetConfig
 .text.UART_AdvFeatureConfig
                0x08005248      0x144 ./Drivers/STM32F7xx_HAL_Driver/stm32f7xx_hal_uart.o
                0x08005248                UART_AdvFeatureConfig
 .text.UART_CheckIdleState
                0x0800538c       0xae ./Drivers/STM32F7xx_HAL_Driver/stm32f7xx_hal_uart.o
                0x0800538c                UART_CheckIdleState
 .text.UART_WaitOnFlagUntilTimeout
                0x0800543a       0xda ./Drivers/STM32F7xx_HAL_Driver/stm32f7xx_hal_uart.o
                0x0800543a                UART_WaitOnFlagUntilTimeout
 .text.UART_EndRxTransfer
                0x08005514       0xc8 ./Drivers/STM32F7xx_HAL_Driver/stm32f7xx_hal_uart.o
 .text.USB_CoreInit
                0x080055dc       0xb4 ./Drivers/STM32F7xx_HAL_Driver/stm32f7xx_ll_usb.o
                0x080055dc                USB_CoreInit
 .text.USB_DisableGlobalInt
                0x08005690       0x22 ./Drivers/STM32F7xx_HAL_Driver/stm32f7xx_ll_usb.o
                0x08005690                USB_DisableGlobalInt
 .text.USB_SetCurrentMode
                0x080056b2       0x98 ./Drivers/STM32F7xx_HAL_Driver/stm32f7xx_ll_usb.o
                0x080056b2                USB_SetCurrentMode
 *fill*         0x0800574a        0x2 
 .text.USB_DevInit
                0x0800574c      0x2bc ./Drivers/STM32F7xx_HAL_Driver/stm32f7xx_ll_usb.o
                0x0800574c                USB_DevInit
 .text.USB_FlushTxFifo
                0x08005a08       0x64 ./Drivers/STM32F7xx_HAL_Driver/stm32f7xx_ll_usb.o
                0x08005a08                USB_FlushTxFifo
 .text.USB_FlushRxFifo
                0x08005a6c       0x5c ./Drivers/STM32F7xx_HAL_Driver/stm32f7xx_ll_usb.o
                0x08005a6c                USB_FlushRxFifo
 .text.USB_SetDevSpeed
                0x08005ac8       0x32 ./Drivers/STM32F7xx_HAL_Driver/stm32f7xx_ll_usb.o
                0x08005ac8                USB_SetDevSpeed
 .text.USB_DevDisconnect
                0x08005afa       0x42 ./Drivers/STM32F7xx_HAL_Driver/stm32f7xx_ll_usb.o
                0x08005afa                USB_DevDisconnect
 .text.USB_GetMode
                0x08005b3c       0x1c ./Drivers/STM32F7xx_HAL_Driver/stm32f7xx_ll_usb.o
                0x08005b3c                USB_GetMode
 .text.USB_CoreReset
                0x08005b58       0x62 ./Drivers/STM32F7xx_HAL_Driver/stm32f7xx_ll_usb.o
 *fill*         0x08005bba        0x2 
 .text.snprintf
                0x08005bbc       0x68 D:/program files/STM32CubeIDE_1.16.1/STM32CubeIDE/plugins/com.st.stm32cube.ide.mcu.externaltools.gnu-tools-for-stm32.12.3.rel1.win32_1.0.200.202406191623/tools/bin/../lib/gcc/arm-none-eabi/12.3.1/../../../../arm-none-eabi/lib/thumb/v7e-m+fp/hard\libc_nano.a(libc_a-snprintf.o)
                0x08005bbc                sniprintf
                0x08005bbc                snprintf
 .text.memset   0x08005c24       0x10 D:/program files/STM32CubeIDE_1.16.1/STM32CubeIDE/plugins/com.st.stm32cube.ide.mcu.externaltools.gnu-tools-for-stm32.12.3.rel1.win32_1.0.200.202406191623/tools/bin/../lib/gcc/arm-none-eabi/12.3.1/../../../../arm-none-eabi/lib/thumb/v7e-m+fp/hard\libc_nano.a(libc_a-memset.o)
                0x08005c24                memset
 .text.__errno  0x08005c34        0xc D:/program files/STM32CubeIDE_1.16.1/STM32CubeIDE/plugins/com.st.stm32cube.ide.mcu.externaltools.gnu-tools-for-stm32.12.3.rel1.win32_1.0.200.202406191623/tools/bin/../lib/gcc/arm-none-eabi/12.3.1/../../../../arm-none-eabi/lib/thumb/v7e-m+fp/hard\libc_nano.a(libc_a-errno.o)
                0x08005c34                __errno
 .text.__libc_init_array
                0x08005c40       0x48 D:/program files/STM32CubeIDE_1.16.1/STM32CubeIDE/plugins/com.st.stm32cube.ide.mcu.externaltools.gnu-tools-for-stm32.12.3.rel1.win32_1.0.200.202406191623/tools/bin/../lib/gcc/arm-none-eabi/12.3.1/../../../../arm-none-eabi/lib/thumb/v7e-m+fp/hard\libc_nano.a(libc_a-init.o)
                0x08005c40                __libc_init_array
 .text.__retarget_lock_acquire_recursive
                0x08005c88        0x2 D:/program files/STM32CubeIDE_1.16.1/STM32CubeIDE/plugins/com.st.stm32cube.ide.mcu.externaltools.gnu-tools-for-stm32.12.3.rel1.win32_1.0.200.202406191623/tools/bin/../lib/gcc/arm-none-eabi/12.3.1/../../../../arm-none-eabi/lib/thumb/v7e-m+fp/hard\libc_nano.a(libc_a-lock.o)
                0x08005c88                __retarget_lock_acquire_recursive
 .text.__retarget_lock_release_recursive
                0x08005c8a        0x2 D:/program files/STM32CubeIDE_1.16.1/STM32CubeIDE/plugins/com.st.stm32cube.ide.mcu.externaltools.gnu-tools-for-stm32.12.3.rel1.win32_1.0.200.202406191623/tools/bin/../lib/gcc/arm-none-eabi/12.3.1/../../../../arm-none-eabi/lib/thumb/v7e-m+fp/hard\libc_nano.a(libc_a-lock.o)
                0x08005c8a                __retarget_lock_release_recursive
 .text._free_r  0x08005c8c       0x94 D:/program files/STM32CubeIDE_1.16.1/STM32CubeIDE/plugins/com.st.stm32cube.ide.mcu.externaltools.gnu-tools-for-stm32.12.3.rel1.win32_1.0.200.202406191623/tools/bin/../lib/gcc/arm-none-eabi/12.3.1/../../../../arm-none-eabi/lib/thumb/v7e-m+fp/hard\libc_nano.a(libc_a-freer.o)
                0x08005c8c                _free_r
 .text.sbrk_aligned
                0x08005d20       0x44 D:/program files/STM32CubeIDE_1.16.1/STM32CubeIDE/plugins/com.st.stm32cube.ide.mcu.externaltools.gnu-tools-for-stm32.12.3.rel1.win32_1.0.200.202406191623/tools/bin/../lib/gcc/arm-none-eabi/12.3.1/../../../../arm-none-eabi/lib/thumb/v7e-m+fp/hard\libc_nano.a(libc_a-mallocr.o)
 .text._malloc_r
                0x08005d64      0x100 D:/program files/STM32CubeIDE_1.16.1/STM32CubeIDE/plugins/com.st.stm32cube.ide.mcu.externaltools.gnu-tools-for-stm32.12.3.rel1.win32_1.0.200.202406191623/tools/bin/../lib/gcc/arm-none-eabi/12.3.1/../../../../arm-none-eabi/lib/thumb/v7e-m+fp/hard\libc_nano.a(libc_a-mallocr.o)
                0x08005d64                _malloc_r
 .text.__malloc_lock
                0x08005e64        0xc D:/program files/STM32CubeIDE_1.16.1/STM32CubeIDE/plugins/com.st.stm32cube.ide.mcu.externaltools.gnu-tools-for-stm32.12.3.rel1.win32_1.0.200.202406191623/tools/bin/../lib/gcc/arm-none-eabi/12.3.1/../../../../arm-none-eabi/lib/thumb/v7e-m+fp/hard\libc_nano.a(libc_a-mlock.o)
                0x08005e64                __malloc_lock
 .text.__malloc_unlock
                0x08005e70        0xc D:/program files/STM32CubeIDE_1.16.1/STM32CubeIDE/plugins/com.st.stm32cube.ide.mcu.externaltools.gnu-tools-for-stm32.12.3.rel1.win32_1.0.200.202406191623/tools/bin/../lib/gcc/arm-none-eabi/12.3.1/../../../../arm-none-eabi/lib/thumb/v7e-m+fp/hard\libc_nano.a(libc_a-mlock.o)
                0x08005e70                __malloc_unlock
 .text.__ssputs_r
                0x08005e7c       0xb6 D:/program files/STM32CubeIDE_1.16.1/STM32CubeIDE/plugins/com.st.stm32cube.ide.mcu.externaltools.gnu-tools-for-stm32.12.3.rel1.win32_1.0.200.202406191623/tools/bin/../lib/gcc/arm-none-eabi/12.3.1/../../../../arm-none-eabi/lib/thumb/v7e-m+fp/hard\libc_nano.a(libc_a-nano-svfprintf.o)
                0x08005e7c                __ssputs_r
 *fill*         0x08005f32        0x2 
 .text._svfprintf_r
                0x08005f34      0x1f8 D:/program files/STM32CubeIDE_1.16.1/STM32CubeIDE/plugins/com.st.stm32cube.ide.mcu.externaltools.gnu-tools-for-stm32.12.3.rel1.win32_1.0.200.202406191623/tools/bin/../lib/gcc/arm-none-eabi/12.3.1/../../../../arm-none-eabi/lib/thumb/v7e-m+fp/hard\libc_nano.a(libc_a-nano-svfprintf.o)
                0x08005f34                _svfiprintf_r
                0x08005f34                _svfprintf_r
 .text._printf_common
                0x0800612c       0xda D:/program files/STM32CubeIDE_1.16.1/STM32CubeIDE/plugins/com.st.stm32cube.ide.mcu.externaltools.gnu-tools-for-stm32.12.3.rel1.win32_1.0.200.202406191623/tools/bin/../lib/gcc/arm-none-eabi/12.3.1/../../../../arm-none-eabi/lib/thumb/v7e-m+fp/hard\libc_nano.a(libc_a-nano-vfprintf_i.o)
                0x0800612c                _printf_common
 *fill*         0x08006206        0x2 
 .text._printf_i
                0x08006208      0x240 D:/program files/STM32CubeIDE_1.16.1/STM32CubeIDE/plugins/com.st.stm32cube.ide.mcu.externaltools.gnu-tools-for-stm32.12.3.rel1.win32_1.0.200.202406191623/tools/bin/../lib/gcc/arm-none-eabi/12.3.1/../../../../arm-none-eabi/lib/thumb/v7e-m+fp/hard\libc_nano.a(libc_a-nano-vfprintf_i.o)
                0x08006208                _printf_i
 .text.memmove  0x08006448       0x34 D:/program files/STM32CubeIDE_1.16.1/STM32CubeIDE/plugins/com.st.stm32cube.ide.mcu.externaltools.gnu-tools-for-stm32.12.3.rel1.win32_1.0.200.202406191623/tools/bin/../lib/gcc/arm-none-eabi/12.3.1/../../../../arm-none-eabi/lib/thumb/v7e-m+fp/hard\libc_nano.a(libc_a-memmove.o)
                0x08006448                memmove
 .text._sbrk_r  0x0800647c       0x20 D:/program files/STM32CubeIDE_1.16.1/STM32CubeIDE/plugins/com.st.stm32cube.ide.mcu.externaltools.gnu-tools-for-stm32.12.3.rel1.win32_1.0.200.202406191623/tools/bin/../lib/gcc/arm-none-eabi/12.3.1/../../../../arm-none-eabi/lib/thumb/v7e-m+fp/hard\libc_nano.a(libc_a-sbrkr.o)
                0x0800647c                _sbrk_r
 .text.memcpy   0x0800649c       0x1c D:/program files/STM32CubeIDE_1.16.1/STM32CubeIDE/plugins/com.st.stm32cube.ide.mcu.externaltools.gnu-tools-for-stm32.12.3.rel1.win32_1.0.200.202406191623/tools/bin/../lib/gcc/arm-none-eabi/12.3.1/../../../../arm-none-eabi/lib/thumb/v7e-m+fp/hard\libc_nano.a(libc_a-memcpy-stub.o)
                0x0800649c                memcpy
 .text._realloc_r
                0x080064b8       0x5c D:/program files/STM32CubeIDE_1.16.1/STM32CubeIDE/plugins/com.st.stm32cube.ide.mcu.externaltools.gnu-tools-for-stm32.12.3.rel1.win32_1.0.200.202406191623/tools/bin/../lib/gcc/arm-none-eabi/12.3.1/../../../../arm-none-eabi/lib/thumb/v7e-m+fp/hard\libc_nano.a(libc_a-reallocr.o)
                0x080064b8                _realloc_r
 .text._malloc_usable_size_r
                0x08006514       0x10 D:/program files/STM32CubeIDE_1.16.1/STM32CubeIDE/plugins/com.st.stm32cube.ide.mcu.externaltools.gnu-tools-for-stm32.12.3.rel1.win32_1.0.200.202406191623/tools/bin/../lib/gcc/arm-none-eabi/12.3.1/../../../../arm-none-eabi/lib/thumb/v7e-m+fp/hard\libc_nano.a(libc_a-msizer.o)
                0x08006514                _malloc_usable_size_r
 *(.glue_7)
 .glue_7        0x08006524        0x0 linker stubs
 *(.glue_7t)
 .glue_7t       0x08006524        0x0 linker stubs
 *(.eh_frame)
 .eh_frame      0x08006524        0x0 D:/program files/STM32CubeIDE_1.16.1/STM32CubeIDE/plugins/com.st.stm32cube.ide.mcu.externaltools.gnu-tools-for-stm32.12.3.rel1.win32_1.0.200.202406191623/tools/bin/../lib/gcc/arm-none-eabi/12.3.1/thumb/v7e-m+fp/hard/crtbegin.o
 *(.init)
 .init          0x08006524        0x4 D:/program files/STM32CubeIDE_1.16.1/STM32CubeIDE/plugins/com.st.stm32cube.ide.mcu.externaltools.gnu-tools-for-stm32.12.3.rel1.win32_1.0.200.202406191623/tools/bin/../lib/gcc/arm-none-eabi/12.3.1/thumb/v7e-m+fp/hard/crti.o
                0x08006524                _init
 .init          0x08006528        0x8 D:/program files/STM32CubeIDE_1.16.1/STM32CubeIDE/plugins/com.st.stm32cube.ide.mcu.externaltools.gnu-tools-for-stm32.12.3.rel1.win32_1.0.200.202406191623/tools/bin/../lib/gcc/arm-none-eabi/12.3.1/thumb/v7e-m+fp/hard/crtn.o
 *(.fini)
 .fini          0x08006530        0x4 D:/program files/STM32CubeIDE_1.16.1/STM32CubeIDE/plugins/com.st.stm32cube.ide.mcu.externaltools.gnu-tools-for-stm32.12.3.rel1.win32_1.0.200.202406191623/tools/bin/../lib/gcc/arm-none-eabi/12.3.1/thumb/v7e-m+fp/hard/crti.o
                0x08006530                _fini
 .fini          0x08006534        0x8 D:/program files/STM32CubeIDE_1.16.1/STM32CubeIDE/plugins/com.st.stm32cube.ide.mcu.externaltools.gnu-tools-for-stm32.12.3.rel1.win32_1.0.200.202406191623/tools/bin/../lib/gcc/arm-none-eabi/12.3.1/thumb/v7e-m+fp/hard/crtn.o
                0x0800653c                        . = ALIGN (0x4)
                0x0800653c                        _etext = .

.vfp11_veneer   0x0800653c        0x0
 .vfp11_veneer  0x0800653c        0x0 linker stubs

.v4_bx          0x0800653c        0x0
 .v4_bx         0x0800653c        0x0 linker stubs

.iplt           0x0800653c        0x0
 .iplt          0x0800653c        0x0 D:/program files/STM32CubeIDE_1.16.1/STM32CubeIDE/plugins/com.st.stm32cube.ide.mcu.externaltools.gnu-tools-for-stm32.12.3.rel1.win32_1.0.200.202406191623/tools/bin/../lib/gcc/arm-none-eabi/12.3.1/thumb/v7e-m+fp/hard/crtbegin.o

.rodata         0x0800653c      0x100
                0x0800653c                        . = ALIGN (0x4)
 *(.rodata)
 .rodata        0x0800653c       0xaf ./Components/Src/LCD.o
 *(.rodata*)
 *fill*         0x080065eb        0x1 
 .rodata.LCD_ROW_16
                0x080065ec        0x4 ./Components/Src/LCD.o
                0x080065ec                LCD_ROW_16
 .rodata.AHBPrescTable
                0x080065f0       0x10 ./Core/Src/system_stm32f7xx.o
                0x080065f0                AHBPrescTable
 .rodata.APBPrescTable
                0x08006600        0x8 ./Core/Src/system_stm32f7xx.o
                0x08006600                APBPrescTable
 .rodata._svfprintf_r.str1.1
                0x08006608       0x11 D:/program files/STM32CubeIDE_1.16.1/STM32CubeIDE/plugins/com.st.stm32cube.ide.mcu.externaltools.gnu-tools-for-stm32.12.3.rel1.win32_1.0.200.202406191623/tools/bin/../lib/gcc/arm-none-eabi/12.3.1/../../../../arm-none-eabi/lib/thumb/v7e-m+fp/hard\libc_nano.a(libc_a-nano-svfprintf.o)
 .rodata._printf_i.str1.1
                0x08006619       0x22 D:/program files/STM32CubeIDE_1.16.1/STM32CubeIDE/plugins/com.st.stm32cube.ide.mcu.externaltools.gnu-tools-for-stm32.12.3.rel1.win32_1.0.200.202406191623/tools/bin/../lib/gcc/arm-none-eabi/12.3.1/../../../../arm-none-eabi/lib/thumb/v7e-m+fp/hard\libc_nano.a(libc_a-nano-vfprintf_i.o)
                0x0800663c                        . = ALIGN (0x4)
 *fill*         0x0800663b        0x1 

.ARM.extab      0x0800663c        0x0
                0x0800663c                        . = ALIGN (0x4)
 *(.ARM.extab* .gnu.linkonce.armextab.*)
                0x0800663c                        . = ALIGN (0x4)

.ARM            0x0800663c        0x8
                0x0800663c                        . = ALIGN (0x4)
                0x0800663c                        __exidx_start = .
 *(.ARM.exidx*)
 .ARM.exidx     0x0800663c        0x8 D:/program files/STM32CubeIDE_1.16.1/STM32CubeIDE/plugins/com.st.stm32cube.ide.mcu.externaltools.gnu-tools-for-stm32.12.3.rel1.win32_1.0.200.202406191623/tools/bin/../lib/gcc/arm-none-eabi/12.3.1/../../../../arm-none-eabi/lib/thumb/v7e-m+fp/hard\libc_nano.a(libc_a-strlen.o)
 .ARM.exidx     0x08006644        0x0 D:/program files/STM32CubeIDE_1.16.1/STM32CubeIDE/plugins/com.st.stm32cube.ide.mcu.externaltools.gnu-tools-for-stm32.12.3.rel1.win32_1.0.200.202406191623/tools/bin/../lib/gcc/arm-none-eabi/12.3.1/../../../../arm-none-eabi/lib/thumb/v7e-m+fp/hard\libc_nano.a(libc_a-memchr.o)
                                  0x8 (size before relaxing)
 .ARM.exidx     0x08006644        0x0 D:/program files/STM32CubeIDE_1.16.1/STM32CubeIDE/plugins/com.st.stm32cube.ide.mcu.externaltools.gnu-tools-for-stm32.12.3.rel1.win32_1.0.200.202406191623/tools/bin/../lib/gcc/arm-none-eabi/12.3.1/thumb/v7e-m+fp/hard\libgcc.a(_udivmoddi4.o)
                                  0x8 (size before relaxing)
                0x08006644                        __exidx_end = .
                0x08006644                        . = ALIGN (0x4)

.preinit_array  0x08006644        0x0
                0x08006644                        . = ALIGN (0x4)
                0x08006644                        PROVIDE (__preinit_array_start = .)
 *(.preinit_array*)
                0x08006644                        PROVIDE (__preinit_array_end = .)
                0x08006644                        . = ALIGN (0x4)

.init_array     0x08006644        0x4
                0x08006644                        . = ALIGN (0x4)
                0x08006644                        PROVIDE (__init_array_start = .)
 *(SORT_BY_NAME(.init_array.*))
 *(.init_array*)
 .init_array    0x08006644        0x4 D:/program files/STM32CubeIDE_1.16.1/STM32CubeIDE/plugins/com.st.stm32cube.ide.mcu.externaltools.gnu-tools-for-stm32.12.3.rel1.win32_1.0.200.202406191623/tools/bin/../lib/gcc/arm-none-eabi/12.3.1/thumb/v7e-m+fp/hard/crtbegin.o
                0x08006648                        PROVIDE (__init_array_end = .)
                0x08006648                        . = ALIGN (0x4)

.fini_array     0x08006648        0x4
                0x08006648                        . = ALIGN (0x4)
                [!provide]                        PROVIDE (__fini_array_start = .)
 *(SORT_BY_NAME(.fini_array.*))
 *(.fini_array*)
 .fini_array    0x08006648        0x4 D:/program files/STM32CubeIDE_1.16.1/STM32CubeIDE/plugins/com.st.stm32cube.ide.mcu.externaltools.gnu-tools-for-stm32.12.3.rel1.win32_1.0.200.202406191623/tools/bin/../lib/gcc/arm-none-eabi/12.3.1/thumb/v7e-m+fp/hard/crtbegin.o
                [!provide]                        PROVIDE (__fini_array_end = .)
                0x0800664c                        . = ALIGN (0x4)
                0x0800664c                        _sidata = LOADADDR (.data)

.rel.dyn        0x0800664c        0x0
 .rel.iplt      0x0800664c        0x0 D:/program files/STM32CubeIDE_1.16.1/STM32CubeIDE/plugins/com.st.stm32cube.ide.mcu.externaltools.gnu-tools-for-stm32.12.3.rel1.win32_1.0.200.202406191623/tools/bin/../lib/gcc/arm-none-eabi/12.3.1/thumb/v7e-m+fp/hard/crtbegin.o

.data           0x20000000       0x88 load address 0x0800664c
                0x20000000                        . = ALIGN (0x4)
                0x20000000                        _sdata = .
 *(.data)
 *(.data*)
 .data.henc1    0x20000000       0x18 ./Components/Src/encoder_config.o
                0x20000000                henc1
 .data.hlcd3    0x20000018       0x14 ./Components/Src/lcd_config.o
                0x20000018                hlcd3
 .data.SystemCoreClock
                0x2000002c        0x4 ./Core/Src/system_stm32f7xx.o
                0x2000002c                SystemCoreClock
 .data.uwTickPrio
                0x20000030        0x4 ./Drivers/STM32F7xx_HAL_Driver/stm32f7xx_hal.o
                0x20000030                uwTickPrio
 .data.uwTickFreq
                0x20000034        0x1 ./Drivers/STM32F7xx_HAL_Driver/stm32f7xx_hal.o
                0x20000034                uwTickFreq
 *fill*         0x20000035        0x3 
 .data._impure_ptr
                0x20000038        0x4 D:/program files/STM32CubeIDE_1.16.1/STM32CubeIDE/plugins/com.st.stm32cube.ide.mcu.externaltools.gnu-tools-for-stm32.12.3.rel1.win32_1.0.200.202406191623/tools/bin/../lib/gcc/arm-none-eabi/12.3.1/../../../../arm-none-eabi/lib/thumb/v7e-m+fp/hard\libc_nano.a(libc_a-impure.o)
                0x20000038                _impure_ptr
 .data._impure_data
                0x2000003c       0x4c D:/program files/STM32CubeIDE_1.16.1/STM32CubeIDE/plugins/com.st.stm32cube.ide.mcu.externaltools.gnu-tools-for-stm32.12.3.rel1.win32_1.0.200.202406191623/tools/bin/../lib/gcc/arm-none-eabi/12.3.1/../../../../arm-none-eabi/lib/thumb/v7e-m+fp/hard\libc_nano.a(libc_a-impure.o)
                0x2000003c                _impure_data
 *(.RamFunc)
 *(.RamFunc*)
                0x20000088                        . = ALIGN (0x4)
                0x20000088                        _edata = .

.igot.plt       0x20000088        0x0 load address 0x080066d4
 .igot.plt      0x20000088        0x0 D:/program files/STM32CubeIDE_1.16.1/STM32CubeIDE/plugins/com.st.stm32cube.ide.mcu.externaltools.gnu-tools-for-stm32.12.3.rel1.win32_1.0.200.202406191623/tools/bin/../lib/gcc/arm-none-eabi/12.3.1/thumb/v7e-m+fp/hard/crtbegin.o

.RxDecripSection
                0x20000088       0xa0 load address 0x080066d4
 .RxDecripSection
                0x20000088       0xa0 ./Core/Src/main.o
                0x20000088                DMARxDscrTab

.TxDecripSection
                0x20000128       0xa0 load address 0x08006774
 .TxDecripSection
                0x20000128       0xa0 ./Core/Src/main.o
                0x20000128                DMATxDscrTab
                0x200001c8                        . = ALIGN (0x4)

.bss            0x200001c8      0x8b8 load address 0x08006814
                0x200001c8                        _sbss = .
                0x200001c8                        __bss_start__ = _sbss
 *(.bss)
 .bss           0x200001c8       0x1c D:/program files/STM32CubeIDE_1.16.1/STM32CubeIDE/plugins/com.st.stm32cube.ide.mcu.externaltools.gnu-tools-for-stm32.12.3.rel1.win32_1.0.200.202406191623/tools/bin/../lib/gcc/arm-none-eabi/12.3.1/thumb/v7e-m+fp/hard/crtbegin.o
 *(.bss*)
 .bss.__lcd_i2c_buffer
                0x200001e4        0x6 ./Components/Src/LCD.o
                0x200001e4                __lcd_i2c_buffer
 *fill*         0x200001ea        0x2 
 .bss.TxConfig  0x200001ec       0x38 ./Core/Src/main.o
                0x200001ec                TxConfig
 .bss.heth      0x20000224       0xb0 ./Core/Src/main.o
                0x20000224                heth
 .bss.hi2c1     0x200002d4       0x54 ./Core/Src/main.o
                0x200002d4                hi2c1
 .bss.htim4     0x20000328       0x4c ./Core/Src/main.o
                0x20000328                htim4
 .bss.htim7     0x20000374       0x4c ./Core/Src/main.o
                0x20000374                htim7
 .bss.huart3    0x200003c0       0x88 ./Core/Src/main.o
                0x200003c0                huart3
 .bss.hpcd_USB_OTG_FS
                0x20000448      0x4e0 ./Core/Src/main.o
                0x20000448                hpcd_USB_OTG_FS
 .bss.MACAddr.0
                0x20000928        0x6 ./Core/Src/main.o
 *fill*         0x2000092e        0x2 
 .bss.__sbrk_heap_end
                0x20000930        0x4 ./Core/Src/sysmem.o
 .bss.uwTick    0x20000934        0x4 ./Drivers/STM32F7xx_HAL_Driver/stm32f7xx_hal.o
                0x20000934                uwTick
 .bss.__sf      0x20000938      0x138 D:/program files/STM32CubeIDE_1.16.1/STM32CubeIDE/plugins/com.st.stm32cube.ide.mcu.externaltools.gnu-tools-for-stm32.12.3.rel1.win32_1.0.200.202406191623/tools/bin/../lib/gcc/arm-none-eabi/12.3.1/../../../../arm-none-eabi/lib/thumb/v7e-m+fp/hard\libc_nano.a(libc_a-findfp.o)
                0x20000938                __sf
 .bss.errno     0x20000a70        0x4 D:/program files/STM32CubeIDE_1.16.1/STM32CubeIDE/plugins/com.st.stm32cube.ide.mcu.externaltools.gnu-tools-for-stm32.12.3.rel1.win32_1.0.200.202406191623/tools/bin/../lib/gcc/arm-none-eabi/12.3.1/../../../../arm-none-eabi/lib/thumb/v7e-m+fp/hard\libc_nano.a(libc_a-reent.o)
                0x20000a70                errno
 .bss.__lock___malloc_recursive_mutex
                0x20000a74        0x1 D:/program files/STM32CubeIDE_1.16.1/STM32CubeIDE/plugins/com.st.stm32cube.ide.mcu.externaltools.gnu-tools-for-stm32.12.3.rel1.win32_1.0.200.202406191623/tools/bin/../lib/gcc/arm-none-eabi/12.3.1/../../../../arm-none-eabi/lib/thumb/v7e-m+fp/hard\libc_nano.a(libc_a-lock.o)
                0x20000a74                __lock___malloc_recursive_mutex
 *fill*         0x20000a75        0x3 
 .bss.__malloc_sbrk_start
                0x20000a78        0x4 D:/program files/STM32CubeIDE_1.16.1/STM32CubeIDE/plugins/com.st.stm32cube.ide.mcu.externaltools.gnu-tools-for-stm32.12.3.rel1.win32_1.0.200.202406191623/tools/bin/../lib/gcc/arm-none-eabi/12.3.1/../../../../arm-none-eabi/lib/thumb/v7e-m+fp/hard\libc_nano.a(libc_a-mallocr.o)
                0x20000a78                __malloc_sbrk_start
 .bss.__malloc_free_list
                0x20000a7c        0x4 D:/program files/STM32CubeIDE_1.16.1/STM32CubeIDE/plugins/com.st.stm32cube.ide.mcu.externaltools.gnu-tools-for-stm32.12.3.rel1.win32_1.0.200.202406191623/tools/bin/../lib/gcc/arm-none-eabi/12.3.1/../../../../arm-none-eabi/lib/thumb/v7e-m+fp/hard\libc_nano.a(libc_a-mallocr.o)
                0x20000a7c                __malloc_free_list
 *(COMMON)
                0x20000a80                        . = ALIGN (0x4)
                0x20000a80                        _ebss = .
                0x20000a80                        __bss_end__ = _ebss

._user_heap_stack
                0x20000a80      0x600 load address 0x08006814
                0x20000a80                        . = ALIGN (0x8)
                [!provide]                        PROVIDE (end = .)
                0x20000a80                        PROVIDE (_end = .)
                0x20000c80                        . = (. + _Min_Heap_Size)
 *fill*         0x20000a80      0x200 
                0x20001080                        . = (. + _Min_Stack_Size)
 *fill*         0x20000c80      0x400 
                0x20001080                        . = ALIGN (0x8)

/DISCARD/
 libc.a(*)
 libm.a(*)
 libgcc.a(*)

.ARM.attributes
                0x00000000       0x30
 *(.ARM.attributes)
 .ARM.attributes
                0x00000000       0x22 D:/program files/STM32CubeIDE_1.16.1/STM32CubeIDE/plugins/com.st.stm32cube.ide.mcu.externaltools.gnu-tools-for-stm32.12.3.rel1.win32_1.0.200.202406191623/tools/bin/../lib/gcc/arm-none-eabi/12.3.1/thumb/v7e-m+fp/hard/crti.o
 .ARM.attributes
                0x00000022       0x34 D:/program files/STM32CubeIDE_1.16.1/STM32CubeIDE/plugins/com.st.stm32cube.ide.mcu.externaltools.gnu-tools-for-stm32.12.3.rel1.win32_1.0.200.202406191623/tools/bin/../lib/gcc/arm-none-eabi/12.3.1/thumb/v7e-m+fp/hard/crtbegin.o
 .ARM.attributes
                0x00000056       0x34 ./Components/Src/LCD.o
 .ARM.attributes
                0x0000008a       0x34 ./Components/Src/encoder.o
 .ARM.attributes
                0x000000be       0x34 ./Components/Src/encoder_config.o
 .ARM.attributes
                0x000000f2       0x34 ./Components/Src/lcd_config.o
 .ARM.attributes
                0x00000126       0x34 ./Core/Src/main.o
 .ARM.attributes
                0x0000015a       0x34 ./Core/Src/stm32f7xx_hal_msp.o
 .ARM.attributes
                0x0000018e       0x34 ./Core/Src/stm32f7xx_it.o
 .ARM.attributes
                0x000001c2       0x34 ./Core/Src/sysmem.o
 .ARM.attributes
                0x000001f6       0x34 ./Core/Src/system_stm32f7xx.o
 .ARM.attributes
                0x0000022a       0x21 ./Core/Startup/startup_stm32f746zgtx.o
 .ARM.attributes
                0x0000024b       0x34 ./Drivers/STM32F7xx_HAL_Driver/stm32f7xx_hal.o
 .ARM.attributes
                0x0000027f       0x34 ./Drivers/STM32F7xx_HAL_Driver/stm32f7xx_hal_cortex.o
 .ARM.attributes
                0x000002b3       0x34 ./Drivers/STM32F7xx_HAL_Driver/stm32f7xx_hal_eth.o
 .ARM.attributes
                0x000002e7       0x34 ./Drivers/STM32F7xx_HAL_Driver/stm32f7xx_hal_gpio.o
 .ARM.attributes
                0x0000031b       0x34 ./Drivers/STM32F7xx_HAL_Driver/stm32f7xx_hal_i2c.o
 .ARM.attributes
                0x0000034f       0x34 ./Drivers/STM32F7xx_HAL_Driver/stm32f7xx_hal_i2c_ex.o
 .ARM.attributes
                0x00000383       0x34 ./Drivers/STM32F7xx_HAL_Driver/stm32f7xx_hal_pcd.o
 .ARM.attributes
                0x000003b7       0x34 ./Drivers/STM32F7xx_HAL_Driver/stm32f7xx_hal_pcd_ex.o
 .ARM.attributes
                0x000003eb       0x34 ./Drivers/STM32F7xx_HAL_Driver/stm32f7xx_hal_pwr.o
 .ARM.attributes
                0x0000041f       0x34 ./Drivers/STM32F7xx_HAL_Driver/stm32f7xx_hal_pwr_ex.o
 .ARM.attributes
                0x00000453       0x34 ./Drivers/STM32F7xx_HAL_Driver/stm32f7xx_hal_rcc.o
 .ARM.attributes
                0x00000487       0x34 ./Drivers/STM32F7xx_HAL_Driver/stm32f7xx_hal_rcc_ex.o
 .ARM.attributes
                0x000004bb       0x34 ./Drivers/STM32F7xx_HAL_Driver/stm32f7xx_hal_tim.o
 .ARM.attributes
                0x000004ef       0x34 ./Drivers/STM32F7xx_HAL_Driver/stm32f7xx_hal_tim_ex.o
 .ARM.attributes
                0x00000523       0x34 ./Drivers/STM32F7xx_HAL_Driver/stm32f7xx_hal_uart.o
 .ARM.attributes
                0x00000557       0x34 ./Drivers/STM32F7xx_HAL_Driver/stm32f7xx_ll_usb.o
 .ARM.attributes
                0x0000058b       0x34 D:/program files/STM32CubeIDE_1.16.1/STM32CubeIDE/plugins/com.st.stm32cube.ide.mcu.externaltools.gnu-tools-for-stm32.12.3.rel1.win32_1.0.200.202406191623/tools/bin/../lib/gcc/arm-none-eabi/12.3.1/../../../../arm-none-eabi/lib/thumb/v7e-m+fp/hard\libc_nano.a(libc_a-findfp.o)
 .ARM.attributes
                0x000005bf       0x34 D:/program files/STM32CubeIDE_1.16.1/STM32CubeIDE/plugins/com.st.stm32cube.ide.mcu.externaltools.gnu-tools-for-stm32.12.3.rel1.win32_1.0.200.202406191623/tools/bin/../lib/gcc/arm-none-eabi/12.3.1/../../../../arm-none-eabi/lib/thumb/v7e-m+fp/hard\libc_nano.a(libc_a-snprintf.o)
 .ARM.attributes
                0x000005f3       0x34 D:/program files/STM32CubeIDE_1.16.1/STM32CubeIDE/plugins/com.st.stm32cube.ide.mcu.externaltools.gnu-tools-for-stm32.12.3.rel1.win32_1.0.200.202406191623/tools/bin/../lib/gcc/arm-none-eabi/12.3.1/../../../../arm-none-eabi/lib/thumb/v7e-m+fp/hard\libc_nano.a(libc_a-memset.o)
 .ARM.attributes
                0x00000627       0x34 D:/program files/STM32CubeIDE_1.16.1/STM32CubeIDE/plugins/com.st.stm32cube.ide.mcu.externaltools.gnu-tools-for-stm32.12.3.rel1.win32_1.0.200.202406191623/tools/bin/../lib/gcc/arm-none-eabi/12.3.1/../../../../arm-none-eabi/lib/thumb/v7e-m+fp/hard\libc_nano.a(libc_a-reent.o)
 .ARM.attributes
                0x0000065b       0x34 D:/program files/STM32CubeIDE_1.16.1/STM32CubeIDE/plugins/com.st.stm32cube.ide.mcu.externaltools.gnu-tools-for-stm32.12.3.rel1.win32_1.0.200.202406191623/tools/bin/../lib/gcc/arm-none-eabi/12.3.1/../../../../arm-none-eabi/lib/thumb/v7e-m+fp/hard\libc_nano.a(libc_a-impure.o)
 .ARM.attributes
                0x0000068f       0x34 D:/program files/STM32CubeIDE_1.16.1/STM32CubeIDE/plugins/com.st.stm32cube.ide.mcu.externaltools.gnu-tools-for-stm32.12.3.rel1.win32_1.0.200.202406191623/tools/bin/../lib/gcc/arm-none-eabi/12.3.1/../../../../arm-none-eabi/lib/thumb/v7e-m+fp/hard\libc_nano.a(libc_a-errno.o)
 .ARM.attributes
                0x000006c3       0x34 D:/program files/STM32CubeIDE_1.16.1/STM32CubeIDE/plugins/com.st.stm32cube.ide.mcu.externaltools.gnu-tools-for-stm32.12.3.rel1.win32_1.0.200.202406191623/tools/bin/../lib/gcc/arm-none-eabi/12.3.1/../../../../arm-none-eabi/lib/thumb/v7e-m+fp/hard\libc_nano.a(libc_a-init.o)
 .ARM.attributes
                0x000006f7       0x34 D:/program files/STM32CubeIDE_1.16.1/STM32CubeIDE/plugins/com.st.stm32cube.ide.mcu.externaltools.gnu-tools-for-stm32.12.3.rel1.win32_1.0.200.202406191623/tools/bin/../lib/gcc/arm-none-eabi/12.3.1/../../../../arm-none-eabi/lib/thumb/v7e-m+fp/hard\libc_nano.a(libc_a-lock.o)
 .ARM.attributes
                0x0000072b       0x17 D:/program files/STM32CubeIDE_1.16.1/STM32CubeIDE/plugins/com.st.stm32cube.ide.mcu.externaltools.gnu-tools-for-stm32.12.3.rel1.win32_1.0.200.202406191623/tools/bin/../lib/gcc/arm-none-eabi/12.3.1/../../../../arm-none-eabi/lib/thumb/v7e-m+fp/hard\libc_nano.a(libc_a-strlen.o)
 .ARM.attributes
                0x00000742       0x34 D:/program files/STM32CubeIDE_1.16.1/STM32CubeIDE/plugins/com.st.stm32cube.ide.mcu.externaltools.gnu-tools-for-stm32.12.3.rel1.win32_1.0.200.202406191623/tools/bin/../lib/gcc/arm-none-eabi/12.3.1/../../../../arm-none-eabi/lib/thumb/v7e-m+fp/hard\libc_nano.a(libc_a-freer.o)
 .ARM.attributes
                0x00000776       0x34 D:/program files/STM32CubeIDE_1.16.1/STM32CubeIDE/plugins/com.st.stm32cube.ide.mcu.externaltools.gnu-tools-for-stm32.12.3.rel1.win32_1.0.200.202406191623/tools/bin/../lib/gcc/arm-none-eabi/12.3.1/../../../../arm-none-eabi/lib/thumb/v7e-m+fp/hard\libc_nano.a(libc_a-mallocr.o)
 .ARM.attributes
                0x000007aa       0x34 D:/program files/STM32CubeIDE_1.16.1/STM32CubeIDE/plugins/com.st.stm32cube.ide.mcu.externaltools.gnu-tools-for-stm32.12.3.rel1.win32_1.0.200.202406191623/tools/bin/../lib/gcc/arm-none-eabi/12.3.1/../../../../arm-none-eabi/lib/thumb/v7e-m+fp/hard\libc_nano.a(libc_a-mlock.o)
 .ARM.attributes
                0x000007de       0x34 D:/program files/STM32CubeIDE_1.16.1/STM32CubeIDE/plugins/com.st.stm32cube.ide.mcu.externaltools.gnu-tools-for-stm32.12.3.rel1.win32_1.0.200.202406191623/tools/bin/../lib/gcc/arm-none-eabi/12.3.1/../../../../arm-none-eabi/lib/thumb/v7e-m+fp/hard\libc_nano.a(libc_a-nano-svfprintf.o)
 .ARM.attributes
                0x00000812       0x34 D:/program files/STM32CubeIDE_1.16.1/STM32CubeIDE/plugins/com.st.stm32cube.ide.mcu.externaltools.gnu-tools-for-stm32.12.3.rel1.win32_1.0.200.202406191623/tools/bin/../lib/gcc/arm-none-eabi/12.3.1/../../../../arm-none-eabi/lib/thumb/v7e-m+fp/hard\libc_nano.a(libc_a-nano-vfprintf_i.o)
 .ARM.attributes
                0x00000846       0x34 D:/program files/STM32CubeIDE_1.16.1/STM32CubeIDE/plugins/com.st.stm32cube.ide.mcu.externaltools.gnu-tools-for-stm32.12.3.rel1.win32_1.0.200.202406191623/tools/bin/../lib/gcc/arm-none-eabi/12.3.1/../../../../arm-none-eabi/lib/thumb/v7e-m+fp/hard\libc_nano.a(libc_a-memmove.o)
 .ARM.attributes
                0x0000087a       0x34 D:/program files/STM32CubeIDE_1.16.1/STM32CubeIDE/plugins/com.st.stm32cube.ide.mcu.externaltools.gnu-tools-for-stm32.12.3.rel1.win32_1.0.200.202406191623/tools/bin/../lib/gcc/arm-none-eabi/12.3.1/../../../../arm-none-eabi/lib/thumb/v7e-m+fp/hard\libc_nano.a(libc_a-sbrkr.o)
 .ARM.attributes
                0x000008ae       0x1c D:/program files/STM32CubeIDE_1.16.1/STM32CubeIDE/plugins/com.st.stm32cube.ide.mcu.externaltools.gnu-tools-for-stm32.12.3.rel1.win32_1.0.200.202406191623/tools/bin/../lib/gcc/arm-none-eabi/12.3.1/../../../../arm-none-eabi/lib/thumb/v7e-m+fp/hard\libc_nano.a(libc_a-memchr.o)
 .ARM.attributes
                0x000008ca       0x34 D:/program files/STM32CubeIDE_1.16.1/STM32CubeIDE/plugins/com.st.stm32cube.ide.mcu.externaltools.gnu-tools-for-stm32.12.3.rel1.win32_1.0.200.202406191623/tools/bin/../lib/gcc/arm-none-eabi/12.3.1/../../../../arm-none-eabi/lib/thumb/v7e-m+fp/hard\libc_nano.a(libc_a-memcpy-stub.o)
 .ARM.attributes
                0x000008fe       0x34 D:/program files/STM32CubeIDE_1.16.1/STM32CubeIDE/plugins/com.st.stm32cube.ide.mcu.externaltools.gnu-tools-for-stm32.12.3.rel1.win32_1.0.200.202406191623/tools/bin/../lib/gcc/arm-none-eabi/12.3.1/../../../../arm-none-eabi/lib/thumb/v7e-m+fp/hard\libc_nano.a(libc_a-reallocr.o)
 .ARM.attributes
                0x00000932       0x34 D:/program files/STM32CubeIDE_1.16.1/STM32CubeIDE/plugins/com.st.stm32cube.ide.mcu.externaltools.gnu-tools-for-stm32.12.3.rel1.win32_1.0.200.202406191623/tools/bin/../lib/gcc/arm-none-eabi/12.3.1/../../../../arm-none-eabi/lib/thumb/v7e-m+fp/hard\libc_nano.a(libc_a-msizer.o)
 .ARM.attributes
                0x00000966       0x22 D:/program files/STM32CubeIDE_1.16.1/STM32CubeIDE/plugins/com.st.stm32cube.ide.mcu.externaltools.gnu-tools-for-stm32.12.3.rel1.win32_1.0.200.202406191623/tools/bin/../lib/gcc/arm-none-eabi/12.3.1/thumb/v7e-m+fp/hard\libgcc.a(_aeabi_uldivmod.o)
 .ARM.attributes
                0x00000988       0x34 D:/program files/STM32CubeIDE_1.16.1/STM32CubeIDE/plugins/com.st.stm32cube.ide.mcu.externaltools.gnu-tools-for-stm32.12.3.rel1.win32_1.0.200.202406191623/tools/bin/../lib/gcc/arm-none-eabi/12.3.1/thumb/v7e-m+fp/hard\libgcc.a(_udivmoddi4.o)
 .ARM.attributes
                0x000009bc       0x22 D:/program files/STM32CubeIDE_1.16.1/STM32CubeIDE/plugins/com.st.stm32cube.ide.mcu.externaltools.gnu-tools-for-stm32.12.3.rel1.win32_1.0.200.202406191623/tools/bin/../lib/gcc/arm-none-eabi/12.3.1/thumb/v7e-m+fp/hard\libgcc.a(_dvmd_tls.o)
 .ARM.attributes
                0x000009de       0x22 D:/program files/STM32CubeIDE_1.16.1/STM32CubeIDE/plugins/com.st.stm32cube.ide.mcu.externaltools.gnu-tools-for-stm32.12.3.rel1.win32_1.0.200.202406191623/tools/bin/../lib/gcc/arm-none-eabi/12.3.1/thumb/v7e-m+fp/hard/crtn.o
OUTPUT(Flying-Probe_tester.elf elf32-littlearm)
LOAD linker stubs
LOAD D:/program files/STM32CubeIDE_1.16.1/STM32CubeIDE/plugins/com.st.stm32cube.ide.mcu.externaltools.gnu-tools-for-stm32.12.3.rel1.win32_1.0.200.202406191623/tools/bin/../lib/gcc/arm-none-eabi/12.3.1/../../../../arm-none-eabi/lib/thumb/v7e-m+fp/hard\libc.a
LOAD D:/program files/STM32CubeIDE_1.16.1/STM32CubeIDE/plugins/com.st.stm32cube.ide.mcu.externaltools.gnu-tools-for-stm32.12.3.rel1.win32_1.0.200.202406191623/tools/bin/../lib/gcc/arm-none-eabi/12.3.1/../../../../arm-none-eabi/lib/thumb/v7e-m+fp/hard\libm.a
LOAD D:/program files/STM32CubeIDE_1.16.1/STM32CubeIDE/plugins/com.st.stm32cube.ide.mcu.externaltools.gnu-tools-for-stm32.12.3.rel1.win32_1.0.200.202406191623/tools/bin/../lib/gcc/arm-none-eabi/12.3.1/thumb/v7e-m+fp/hard\libgcc.a

.debug_info     0x00000000    0x1cad3
 .debug_info    0x00000000     0x136a ./Components/Src/LCD.o
 .debug_info    0x0000136a      0x7b9 ./Components/Src/encoder.o
 .debug_info    0x00001b23      0x6f2 ./Components/Src/encoder_config.o
 .debug_info    0x00002215      0xa2c ./Components/Src/lcd_config.o
 .debug_info    0x00002c41     0x2978 ./Core/Src/main.o
 .debug_info    0x000055b9     0x261a ./Core/Src/stm32f7xx_hal_msp.o
 .debug_info    0x00007bd3      0x766 ./Core/Src/stm32f7xx_it.o
 .debug_info    0x00008339      0x168 ./Core/Src/sysmem.o
 .debug_info    0x000084a1      0x6ed ./Core/Src/system_stm32f7xx.o
 .debug_info    0x00008b8e       0x30 ./Core/Startup/startup_stm32f746zgtx.o
 .debug_info    0x00008bbe      0x9d8 ./Drivers/STM32F7xx_HAL_Driver/stm32f7xx_hal.o
 .debug_info    0x00009596      0xf7e ./Drivers/STM32F7xx_HAL_Driver/stm32f7xx_hal_cortex.o
 .debug_info    0x0000a514     0x2180 ./Drivers/STM32F7xx_HAL_Driver/stm32f7xx_hal_eth.o
 .debug_info    0x0000c694      0x6e7 ./Drivers/STM32F7xx_HAL_Driver/stm32f7xx_hal_gpio.o
 .debug_info    0x0000cd7b     0x2138 ./Drivers/STM32F7xx_HAL_Driver/stm32f7xx_hal_i2c.o
 .debug_info    0x0000eeb3      0x922 ./Drivers/STM32F7xx_HAL_Driver/stm32f7xx_hal_i2c_ex.o
 .debug_info    0x0000f7d5     0x1599 ./Drivers/STM32F7xx_HAL_Driver/stm32f7xx_hal_pcd.o
 .debug_info    0x00010d6e      0x7a3 ./Drivers/STM32F7xx_HAL_Driver/stm32f7xx_hal_pcd_ex.o
 .debug_info    0x00011511      0x90e ./Drivers/STM32F7xx_HAL_Driver/stm32f7xx_hal_pwr.o
 .debug_info    0x00011e1f      0x8cd ./Drivers/STM32F7xx_HAL_Driver/stm32f7xx_hal_pwr_ex.o
 .debug_info    0x000126ec      0x8dc ./Drivers/STM32F7xx_HAL_Driver/stm32f7xx_hal_rcc.o
 .debug_info    0x00012fc8      0x6bd ./Drivers/STM32F7xx_HAL_Driver/stm32f7xx_hal_rcc_ex.o
 .debug_info    0x00013685     0x2abd ./Drivers/STM32F7xx_HAL_Driver/stm32f7xx_hal_tim.o
 .debug_info    0x00016142     0x15bb ./Drivers/STM32F7xx_HAL_Driver/stm32f7xx_hal_tim_ex.o
 .debug_info    0x000176fd     0x39da ./Drivers/STM32F7xx_HAL_Driver/stm32f7xx_hal_uart.o
 .debug_info    0x0001b0d7     0x19fc ./Drivers/STM32F7xx_HAL_Driver/stm32f7xx_ll_usb.o

.debug_abbrev   0x00000000     0x36b8
 .debug_abbrev  0x00000000      0x302 ./Components/Src/LCD.o
 .debug_abbrev  0x00000302      0x1ac ./Components/Src/encoder.o
 .debug_abbrev  0x000004ae      0x143 ./Components/Src/encoder_config.o
 .debug_abbrev  0x000005f1      0x15c ./Components/Src/lcd_config.o
 .debug_abbrev  0x0000074d      0x371 ./Core/Src/main.o
 .debug_abbrev  0x00000abe      0x2c6 ./Core/Src/stm32f7xx_hal_msp.o
 .debug_abbrev  0x00000d84      0x1a7 ./Core/Src/stm32f7xx_it.o
 .debug_abbrev  0x00000f2b       0xbc ./Core/Src/sysmem.o
 .debug_abbrev  0x00000fe7      0x13b ./Core/Src/system_stm32f7xx.o
 .debug_abbrev  0x00001122       0x24 ./Core/Startup/startup_stm32f746zgtx.o
 .debug_abbrev  0x00001146      0x213 ./Drivers/STM32F7xx_HAL_Driver/stm32f7xx_hal.o
 .debug_abbrev  0x00001359      0x31e ./Drivers/STM32F7xx_HAL_Driver/stm32f7xx_hal_cortex.o
 .debug_abbrev  0x00001677      0x35a ./Drivers/STM32F7xx_HAL_Driver/stm32f7xx_hal_eth.o
 .debug_abbrev  0x000019d1      0x1d4 ./Drivers/STM32F7xx_HAL_Driver/stm32f7xx_hal_gpio.o
 .debug_abbrev  0x00001ba5      0x260 ./Drivers/STM32F7xx_HAL_Driver/stm32f7xx_hal_i2c.o
 .debug_abbrev  0x00001e05      0x19c ./Drivers/STM32F7xx_HAL_Driver/stm32f7xx_hal_i2c_ex.o
 .debug_abbrev  0x00001fa1      0x2ee ./Drivers/STM32F7xx_HAL_Driver/stm32f7xx_hal_pcd.o
 .debug_abbrev  0x0000228f      0x1ca ./Drivers/STM32F7xx_HAL_Driver/stm32f7xx_hal_pcd_ex.o
 .debug_abbrev  0x00002459      0x1c5 ./Drivers/STM32F7xx_HAL_Driver/stm32f7xx_hal_pwr.o
 .debug_abbrev  0x0000261e      0x1d5 ./Drivers/STM32F7xx_HAL_Driver/stm32f7xx_hal_pwr_ex.o
 .debug_abbrev  0x000027f3      0x288 ./Drivers/STM32F7xx_HAL_Driver/stm32f7xx_hal_rcc.o
 .debug_abbrev  0x00002a7b      0x1c9 ./Drivers/STM32F7xx_HAL_Driver/stm32f7xx_hal_rcc_ex.o
 .debug_abbrev  0x00002c44      0x278 ./Drivers/STM32F7xx_HAL_Driver/stm32f7xx_hal_tim.o
 .debug_abbrev  0x00002ebc      0x283 ./Drivers/STM32F7xx_HAL_Driver/stm32f7xx_hal_tim_ex.o
 .debug_abbrev  0x0000313f      0x2e6 ./Drivers/STM32F7xx_HAL_Driver/stm32f7xx_hal_uart.o
 .debug_abbrev  0x00003425      0x293 ./Drivers/STM32F7xx_HAL_Driver/stm32f7xx_ll_usb.o

.debug_aranges  0x00000000     0x16b8
 .debug_aranges
                0x00000000       0xb0 ./Components/Src/LCD.o
 .debug_aranges
                0x000000b0       0x30 ./Components/Src/encoder.o
 .debug_aranges
                0x000000e0       0x18 ./Components/Src/encoder_config.o
 .debug_aranges
                0x000000f8       0x18 ./Components/Src/lcd_config.o
 .debug_aranges
                0x00000110       0x68 ./Core/Src/main.o
 .debug_aranges
                0x00000178       0x80 ./Core/Src/stm32f7xx_hal_msp.o
 .debug_aranges
                0x000001f8       0x70 ./Core/Src/stm32f7xx_it.o
 .debug_aranges
                0x00000268       0x20 ./Core/Src/sysmem.o
 .debug_aranges
                0x00000288       0x28 ./Core/Src/system_stm32f7xx.o
 .debug_aranges
                0x000002b0       0x28 ./Core/Startup/startup_stm32f746zgtx.o
 .debug_aranges
                0x000002d8      0x100 ./Drivers/STM32F7xx_HAL_Driver/stm32f7xx_hal.o
 .debug_aranges
                0x000003d8      0x128 ./Drivers/STM32F7xx_HAL_Driver/stm32f7xx_hal_cortex.o
 .debug_aranges
                0x00000500      0x1e0 ./Drivers/STM32F7xx_HAL_Driver/stm32f7xx_hal_eth.o
 .debug_aranges
                0x000006e0       0x58 ./Drivers/STM32F7xx_HAL_Driver/stm32f7xx_hal_gpio.o
 .debug_aranges
                0x00000738      0x2a0 ./Drivers/STM32F7xx_HAL_Driver/stm32f7xx_hal_i2c.o
 .debug_aranges
                0x000009d8       0x38 ./Drivers/STM32F7xx_HAL_Driver/stm32f7xx_hal_i2c_ex.o
 .debug_aranges
                0x00000a10      0x148 ./Drivers/STM32F7xx_HAL_Driver/stm32f7xx_hal_pcd.o
 .debug_aranges
                0x00000b58       0x48 ./Drivers/STM32F7xx_HAL_Driver/stm32f7xx_hal_pcd_ex.o
 .debug_aranges
                0x00000ba0       0xa0 ./Drivers/STM32F7xx_HAL_Driver/stm32f7xx_hal_pwr.o
 .debug_aranges
                0x00000c40       0x80 ./Drivers/STM32F7xx_HAL_Driver/stm32f7xx_hal_pwr_ex.o
 .debug_aranges
                0x00000cc0       0x88 ./Drivers/STM32F7xx_HAL_Driver/stm32f7xx_hal_rcc.o
 .debug_aranges
                0x00000d48       0x50 ./Drivers/STM32F7xx_HAL_Driver/stm32f7xx_hal_rcc_ex.o
 .debug_aranges
                0x00000d98      0x3e0 ./Drivers/STM32F7xx_HAL_Driver/stm32f7xx_hal_tim.o
 .debug_aranges
                0x00001178      0x178 ./Drivers/STM32F7xx_HAL_Driver/stm32f7xx_hal_tim_ex.o
 .debug_aranges
                0x000012f0      0x228 ./Drivers/STM32F7xx_HAL_Driver/stm32f7xx_hal_uart.o
 .debug_aranges
                0x00001518      0x1a0 ./Drivers/STM32F7xx_HAL_Driver/stm32f7xx_ll_usb.o

.debug_rnglists
                0x00000000     0x11a4
 .debug_rnglists
                0x00000000       0x86 ./Components/Src/LCD.o
 .debug_rnglists
                0x00000086       0x1f ./Components/Src/encoder.o
 .debug_rnglists
                0x000000a5       0x4e ./Core/Src/main.o
 .debug_rnglists
                0x000000f3       0x60 ./Core/Src/stm32f7xx_hal_msp.o
 .debug_rnglists
                0x00000153       0x4f ./Core/Src/stm32f7xx_it.o
 .debug_rnglists
                0x000001a2       0x13 ./Core/Src/sysmem.o
 .debug_rnglists
                0x000001b5       0x1a ./Core/Src/system_stm32f7xx.o
 .debug_rnglists
                0x000001cf       0x19 ./Core/Startup/startup_stm32f746zgtx.o
 .debug_rnglists
                0x000001e8       0xbb ./Drivers/STM32F7xx_HAL_Driver/stm32f7xx_hal.o
 .debug_rnglists
                0x000002a3       0xda ./Drivers/STM32F7xx_HAL_Driver/stm32f7xx_hal_cortex.o
 .debug_rnglists
                0x0000037d      0x17d ./Drivers/STM32F7xx_HAL_Driver/stm32f7xx_hal_eth.o
 .debug_rnglists
                0x000004fa       0x3f ./Drivers/STM32F7xx_HAL_Driver/stm32f7xx_hal_gpio.o
 .debug_rnglists
                0x00000539      0x228 ./Drivers/STM32F7xx_HAL_Driver/stm32f7xx_hal_i2c.o
 .debug_rnglists
                0x00000761       0x27 ./Drivers/STM32F7xx_HAL_Driver/stm32f7xx_hal_i2c_ex.o
 .debug_rnglists
                0x00000788       0xfa ./Drivers/STM32F7xx_HAL_Driver/stm32f7xx_hal_pcd.o
 .debug_rnglists
                0x00000882       0x32 ./Drivers/STM32F7xx_HAL_Driver/stm32f7xx_hal_pcd_ex.o
 .debug_rnglists
                0x000008b4       0x74 ./Drivers/STM32F7xx_HAL_Driver/stm32f7xx_hal_pwr.o
 .debug_rnglists
                0x00000928       0x5f ./Drivers/STM32F7xx_HAL_Driver/stm32f7xx_hal_pwr_ex.o
 .debug_rnglists
                0x00000987       0x67 ./Drivers/STM32F7xx_HAL_Driver/stm32f7xx_hal_rcc.o
 .debug_rnglists
                0x000009ee       0x3c ./Drivers/STM32F7xx_HAL_Driver/stm32f7xx_hal_rcc_ex.o
 .debug_rnglists
                0x00000a2a      0x328 ./Drivers/STM32F7xx_HAL_Driver/stm32f7xx_hal_tim.o
 .debug_rnglists
                0x00000d52      0x131 ./Drivers/STM32F7xx_HAL_Driver/stm32f7xx_hal_tim_ex.o
 .debug_rnglists
                0x00000e83      0x1da ./Drivers/STM32F7xx_HAL_Driver/stm32f7xx_hal_uart.o
 .debug_rnglists
                0x0000105d      0x147 ./Drivers/STM32F7xx_HAL_Driver/stm32f7xx_ll_usb.o

.debug_macro    0x00000000    0x29281
 .debug_macro   0x00000000      0x38a ./Components/Src/LCD.o
 .debug_macro   0x0000038a      0xab4 ./Components/Src/LCD.o
 .debug_macro   0x00000e3e       0x28 ./Components/Src/LCD.o
 .debug_macro   0x00000e66       0x22 ./Components/Src/LCD.o
 .debug_macro   0x00000e88       0x5b ./Components/Src/LCD.o
 .debug_macro   0x00000ee3       0x2a ./Components/Src/LCD.o
 .debug_macro   0x00000f0d       0x94 ./Components/Src/LCD.o
 .debug_macro   0x00000fa1       0x43 ./Components/Src/LCD.o
 .debug_macro   0x00000fe4       0x34 ./Components/Src/LCD.o
 .debug_macro   0x00001018      0x189 ./Components/Src/LCD.o
 .debug_macro   0x000011a1       0x16 ./Components/Src/LCD.o
 .debug_macro   0x000011b7       0x43 ./Components/Src/LCD.o
 .debug_macro   0x000011fa       0x57 ./Components/Src/LCD.o
 .debug_macro   0x00001251       0x34 ./Components/Src/LCD.o
 .debug_macro   0x00001285       0x10 ./Components/Src/LCD.o
 .debug_macro   0x00001295       0x58 ./Components/Src/LCD.o
 .debug_macro   0x000012ed       0x8e ./Components/Src/LCD.o
 .debug_macro   0x0000137b       0x1c ./Components/Src/LCD.o
 .debug_macro   0x00001397      0x177 ./Components/Src/LCD.o
 .debug_macro   0x0000150e      0x369 ./Components/Src/LCD.o
 .debug_macro   0x00001877       0x10 ./Components/Src/LCD.o
 .debug_macro   0x00001887       0x35 ./Components/Src/LCD.o
 .debug_macro   0x000018bc       0x20 ./Components/Src/LCD.o
 .debug_macro   0x000018dc       0x1c ./Components/Src/LCD.o
 .debug_macro   0x000018f8       0x10 ./Components/Src/LCD.o
 .debug_macro   0x00001908       0x1c ./Components/Src/LCD.o
 .debug_macro   0x00001924       0x16 ./Components/Src/LCD.o
 .debug_macro   0x0000193a      0x146 ./Components/Src/LCD.o
 .debug_macro   0x00001a80      0x29f ./Components/Src/LCD.o
 .debug_macro   0x00001d1f       0x2e ./Components/Src/LCD.o
 .debug_macro   0x00001d4d       0x3b ./Components/Src/LCD.o
 .debug_macro   0x00001d88      0x103 ./Components/Src/LCD.o
 .debug_macro   0x00001e8b       0x6a ./Components/Src/LCD.o
 .debug_macro   0x00001ef5      0x1df ./Components/Src/LCD.o
 .debug_macro   0x000020d4       0x1c ./Components/Src/LCD.o
 .debug_macro   0x000020f0       0x22 ./Components/Src/LCD.o
 .debug_macro   0x00002112       0xd9 ./Components/Src/LCD.o
 .debug_macro   0x000021eb     0x12cd ./Components/Src/LCD.o
 .debug_macro   0x000034b8      0x11f ./Components/Src/LCD.o
 .debug_macro   0x000035d7       0x19 ./Components/Src/LCD.o
 .debug_macro   0x000035f0    0x19222 ./Components/Src/LCD.o
 .debug_macro   0x0001c812       0x6d ./Components/Src/LCD.o
 .debug_macro   0x0001c87f     0x3765 ./Components/Src/LCD.o
 .debug_macro   0x0001ffe4       0x5d ./Components/Src/LCD.o
 .debug_macro   0x00020041     0x18ad ./Components/Src/LCD.o
 .debug_macro   0x000218ee      0x6c4 ./Components/Src/LCD.o
 .debug_macro   0x00021fb2      0x185 ./Components/Src/LCD.o
 .debug_macro   0x00022137      0x115 ./Components/Src/LCD.o
 .debug_macro   0x0002224c      0x1fd ./Components/Src/LCD.o
 .debug_macro   0x00022449       0xa5 ./Components/Src/LCD.o
 .debug_macro   0x000224ee      0x24f ./Components/Src/LCD.o
 .debug_macro   0x0002273d       0x41 ./Components/Src/LCD.o
 .debug_macro   0x0002277e       0x58 ./Components/Src/LCD.o
 .debug_macro   0x000227d6      0x236 ./Components/Src/LCD.o
 .debug_macro   0x00022a0c      0xb99 ./Components/Src/LCD.o
 .debug_macro   0x000235a5      0x14e ./Components/Src/LCD.o
 .debug_macro   0x000236f3      0x25a ./Components/Src/LCD.o
 .debug_macro   0x0002394d       0x12 ./Components/Src/LCD.o
 .debug_macro   0x0002395f      0x22c ./Components/Src/LCD.o
 .debug_macro   0x00023b8b       0x61 ./Components/Src/LCD.o
 .debug_macro   0x00023bec       0xa5 ./Components/Src/LCD.o
 .debug_macro   0x00023c91      0x12e ./Components/Src/LCD.o
 .debug_macro   0x00023dbf      0x108 ./Components/Src/LCD.o
 .debug_macro   0x00023ec7       0x35 ./Components/Src/LCD.o
 .debug_macro   0x00023efc      0xa83 ./Components/Src/LCD.o
 .debug_macro   0x0002497f       0x59 ./Components/Src/LCD.o
 .debug_macro   0x000249d8      0x56d ./Components/Src/LCD.o
 .debug_macro   0x00024f45       0x44 ./Components/Src/LCD.o
 .debug_macro   0x00024f89      0x2cb ./Components/Src/LCD.o
 .debug_macro   0x00025254       0xba ./Components/Src/LCD.o
 .debug_macro   0x0002530e      0x14d ./Components/Src/LCD.o
 .debug_macro   0x0002545b       0x16 ./Components/Src/LCD.o
 .debug_macro   0x00025471       0x22 ./Components/Src/LCD.o
 .debug_macro   0x00025493       0xb8 ./Components/Src/LCD.o
 .debug_macro   0x0002554b       0x16 ./Components/Src/LCD.o
 .debug_macro   0x00025561       0x16 ./Components/Src/LCD.o
 .debug_macro   0x00025577       0x29 ./Components/Src/LCD.o
 .debug_macro   0x000255a0      0x154 ./Components/Src/LCD.o
 .debug_macro   0x000256f4       0x4c ./Components/Src/LCD.o
 .debug_macro   0x00025740      0x21f ./Components/Src/encoder.o
 .debug_macro   0x0002595f       0x10 ./Components/Src/encoder.o
 .debug_macro   0x0002596f       0x8e ./Components/Src/encoder.o
 .debug_macro   0x000259fd       0x51 ./Components/Src/encoder.o
 .debug_macro   0x00025a4e       0x63 ./Components/Src/encoder.o
 .debug_macro   0x00025ab1      0x21f ./Components/Src/encoder_config.o
 .debug_macro   0x00025cd0      0x343 ./Components/Src/lcd_config.o
 .debug_macro   0x00026013       0x28 ./Components/Src/lcd_config.o
 .debug_macro   0x0002603b       0xb8 ./Components/Src/lcd_config.o
 .debug_macro   0x000260f3      0x359 ./Core/Src/main.o
 .debug_macro   0x0002644c      0x14e ./Core/Src/main.o
 .debug_macro   0x0002659a      0x21f ./Core/Src/stm32f7xx_hal_msp.o
 .debug_macro   0x000267b9      0x229 ./Core/Src/stm32f7xx_it.o
 .debug_macro   0x000269e2       0xff ./Core/Src/sysmem.o
 .debug_macro   0x00026ae1      0x23c ./Core/Src/sysmem.o
 .debug_macro   0x00026d1d      0x210 ./Core/Src/system_stm32f7xx.o
 .debug_macro   0x00026f2d      0x234 ./Drivers/STM32F7xx_HAL_Driver/stm32f7xx_hal.o
 .debug_macro   0x00027161      0x210 ./Drivers/STM32F7xx_HAL_Driver/stm32f7xx_hal_cortex.o
 .debug_macro   0x00027371      0x2ea ./Drivers/STM32F7xx_HAL_Driver/stm32f7xx_hal_eth.o
 .debug_macro   0x0002765b      0x216 ./Drivers/STM32F7xx_HAL_Driver/stm32f7xx_hal_gpio.o
 .debug_macro   0x00027871      0x2dc ./Drivers/STM32F7xx_HAL_Driver/stm32f7xx_hal_i2c.o
 .debug_macro   0x00027b4d      0x210 ./Drivers/STM32F7xx_HAL_Driver/stm32f7xx_hal_i2c_ex.o
 .debug_macro   0x00027d5d      0x21c ./Drivers/STM32F7xx_HAL_Driver/stm32f7xx_hal_pcd.o
 .debug_macro   0x00027f79      0x210 ./Drivers/STM32F7xx_HAL_Driver/stm32f7xx_hal_pcd_ex.o
 .debug_macro   0x00028189      0x22e ./Drivers/STM32F7xx_HAL_Driver/stm32f7xx_hal_pwr.o
 .debug_macro   0x000283b7      0x228 ./Drivers/STM32F7xx_HAL_Driver/stm32f7xx_hal_pwr_ex.o
 .debug_macro   0x000285df      0x234 ./Drivers/STM32F7xx_HAL_Driver/stm32f7xx_hal_rcc.o
 .debug_macro   0x00028813      0x210 ./Drivers/STM32F7xx_HAL_Driver/stm32f7xx_hal_rcc_ex.o
 .debug_macro   0x00028a23      0x211 ./Drivers/STM32F7xx_HAL_Driver/stm32f7xx_hal_tim.o
 .debug_macro   0x00028c34      0x210 ./Drivers/STM32F7xx_HAL_Driver/stm32f7xx_hal_tim_ex.o
 .debug_macro   0x00028e44      0x22d ./Drivers/STM32F7xx_HAL_Driver/stm32f7xx_hal_uart.o
 .debug_macro   0x00029071      0x210 ./Drivers/STM32F7xx_HAL_Driver/stm32f7xx_ll_usb.o

.debug_line     0x00000000    0x1f14f
 .debug_line    0x00000000     0x100d ./Components/Src/LCD.o
 .debug_line    0x0000100d      0x95b ./Components/Src/encoder.o
 .debug_line    0x00001968      0x8f3 ./Components/Src/encoder_config.o
 .debug_line    0x0000225b      0xb9d ./Components/Src/lcd_config.o
 .debug_line    0x00002df8      0xe72 ./Core/Src/main.o
 .debug_line    0x00003c6a      0xaf8 ./Core/Src/stm32f7xx_hal_msp.o
 .debug_line    0x00004762      0x9aa ./Core/Src/stm32f7xx_it.o
 .debug_line    0x0000510c      0x678 ./Core/Src/sysmem.o
 .debug_line    0x00005784      0x93a ./Core/Src/system_stm32f7xx.o
 .debug_line    0x000060be       0x7a ./Core/Startup/startup_stm32f746zgtx.o
 .debug_line    0x00006138      0xc13 ./Drivers/STM32F7xx_HAL_Driver/stm32f7xx_hal.o
 .debug_line    0x00006d4b      0xeb5 ./Drivers/STM32F7xx_HAL_Driver/stm32f7xx_hal_cortex.o
 .debug_line    0x00007c00     0x1bd3 ./Drivers/STM32F7xx_HAL_Driver/stm32f7xx_hal_eth.o
 .debug_line    0x000097d3      0xd99 ./Drivers/STM32F7xx_HAL_Driver/stm32f7xx_hal_gpio.o
 .debug_line    0x0000a56c     0x3c47 ./Drivers/STM32F7xx_HAL_Driver/stm32f7xx_hal_i2c.o
 .debug_line    0x0000e1b3      0xa2c ./Drivers/STM32F7xx_HAL_Driver/stm32f7xx_hal_i2c_ex.o
 .debug_line    0x0000ebdf     0x166b ./Drivers/STM32F7xx_HAL_Driver/stm32f7xx_hal_pcd.o
 .debug_line    0x0001024a      0xa12 ./Drivers/STM32F7xx_HAL_Driver/stm32f7xx_hal_pcd_ex.o
 .debug_line    0x00010c5c      0xb17 ./Drivers/STM32F7xx_HAL_Driver/stm32f7xx_hal_pwr.o
 .debug_line    0x00011773      0xb97 ./Drivers/STM32F7xx_HAL_Driver/stm32f7xx_hal_pwr_ex.o
 .debug_line    0x0001230a     0x1044 ./Drivers/STM32F7xx_HAL_Driver/stm32f7xx_hal_rcc.o
 .debug_line    0x0001334e      0xff8 ./Drivers/STM32F7xx_HAL_Driver/stm32f7xx_hal_rcc_ex.o
 .debug_line    0x00014346     0x3ecd ./Drivers/STM32F7xx_HAL_Driver/stm32f7xx_hal_tim.o
 .debug_line    0x00018213     0x1cf6 ./Drivers/STM32F7xx_HAL_Driver/stm32f7xx_hal_tim_ex.o
 .debug_line    0x00019f09     0x32b7 ./Drivers/STM32F7xx_HAL_Driver/stm32f7xx_hal_uart.o
 .debug_line    0x0001d1c0     0x1f8f ./Drivers/STM32F7xx_HAL_Driver/stm32f7xx_ll_usb.o

.debug_str      0x00000000    0xfa50c
 .debug_str     0x00000000    0xf25f3 ./Components/Src/LCD.o
                              0xf2e9f (size before relaxing)
 .debug_str     0x000f25f3       0x52 ./Components/Src/encoder.o
                              0xee633 (size before relaxing)
 .debug_str     0x000f2645       0x2f ./Components/Src/encoder_config.o
                              0xee5c4 (size before relaxing)
 .debug_str     0x000f2674       0x44 ./Components/Src/lcd_config.o
                              0xf2868 (size before relaxing)
 .debug_str     0x000f26b8     0x1618 ./Core/Src/main.o
                              0xf410a (size before relaxing)
 .debug_str     0x000f3cd0      0x3be ./Core/Src/stm32f7xx_hal_msp.o
                              0xf036a (size before relaxing)
 .debug_str     0x000f408e      0x11a ./Core/Src/stm32f7xx_it.o
                              0xeeb6d (size before relaxing)
 .debug_str     0x000f41a8      0x4dc ./Core/Src/sysmem.o
                               0x60d8 (size before relaxing)
 .debug_str     0x000f4684      0x190 ./Core/Src/system_stm32f7xx.o
                              0xee25a (size before relaxing)
 .debug_str     0x000f4814       0x44 ./Core/Startup/startup_stm32f746zgtx.o
                                 0x89 (size before relaxing)
 .debug_str     0x000f4858      0x445 ./Drivers/STM32F7xx_HAL_Driver/stm32f7xx_hal.o
                              0xeebfc (size before relaxing)
 .debug_str     0x000f4c9d      0x388 ./Drivers/STM32F7xx_HAL_Driver/stm32f7xx_hal_cortex.o
                              0xeec19 (size before relaxing)
 .debug_str     0x000f5025     0x125b ./Drivers/STM32F7xx_HAL_Driver/stm32f7xx_hal_eth.o
                              0xefab4 (size before relaxing)
 .debug_str     0x000f6280       0xf7 ./Drivers/STM32F7xx_HAL_Driver/stm32f7xx_hal_gpio.o
                              0xee351 (size before relaxing)
 .debug_str     0x000f6377      0xe2f ./Drivers/STM32F7xx_HAL_Driver/stm32f7xx_hal_i2c.o
                              0xef4a6 (size before relaxing)
 .debug_str     0x000f71a6       0xc2 ./Drivers/STM32F7xx_HAL_Driver/stm32f7xx_hal_i2c_ex.o
                              0xee725 (size before relaxing)
 .debug_str     0x000f7268      0x856 ./Drivers/STM32F7xx_HAL_Driver/stm32f7xx_hal_pcd.o
                              0xeeccc (size before relaxing)
 .debug_str     0x000f7abe      0x166 ./Drivers/STM32F7xx_HAL_Driver/stm32f7xx_hal_pcd_ex.o
                              0xee5ce (size before relaxing)
 .debug_str     0x000f7c24      0x2e5 ./Drivers/STM32F7xx_HAL_Driver/stm32f7xx_hal_pwr.o
                              0xee534 (size before relaxing)
 .debug_str     0x000f7f09      0x1f6 ./Drivers/STM32F7xx_HAL_Driver/stm32f7xx_hal_pwr_ex.o
                              0xee502 (size before relaxing)
 .debug_str     0x000f80ff      0x26c ./Drivers/STM32F7xx_HAL_Driver/stm32f7xx_hal_rcc.o
                              0xee5f5 (size before relaxing)
 .debug_str     0x000f836b      0x178 ./Drivers/STM32F7xx_HAL_Driver/stm32f7xx_hal_rcc_ex.o
                              0xee52d (size before relaxing)
 .debug_str     0x000f84e3      0xd9a ./Drivers/STM32F7xx_HAL_Driver/stm32f7xx_hal_tim.o
                              0xef5b6 (size before relaxing)
 .debug_str     0x000f927d      0x515 ./Drivers/STM32F7xx_HAL_Driver/stm32f7xx_hal_tim_ex.o
                              0xeedfc (size before relaxing)
 .debug_str     0x000f9792      0x896 ./Drivers/STM32F7xx_HAL_Driver/stm32f7xx_hal_uart.o
                              0xeef42 (size before relaxing)
 .debug_str     0x000fa028      0x4e4 ./Drivers/STM32F7xx_HAL_Driver/stm32f7xx_ll_usb.o
                              0xeeba9 (size before relaxing)

.comment        0x00000000       0x43
 .comment       0x00000000       0x43 ./Components/Src/LCD.o
                                 0x44 (size before relaxing)
 .comment       0x00000043       0x44 ./Components/Src/encoder.o
 .comment       0x00000043       0x44 ./Components/Src/encoder_config.o
 .comment       0x00000043       0x44 ./Components/Src/lcd_config.o
 .comment       0x00000043       0x44 ./Core/Src/main.o
 .comment       0x00000043       0x44 ./Core/Src/stm32f7xx_hal_msp.o
 .comment       0x00000043       0x44 ./Core/Src/stm32f7xx_it.o
 .comment       0x00000043       0x44 ./Core/Src/sysmem.o
 .comment       0x00000043       0x44 ./Core/Src/system_stm32f7xx.o
 .comment       0x00000043       0x44 ./Drivers/STM32F7xx_HAL_Driver/stm32f7xx_hal.o
 .comment       0x00000043       0x44 ./Drivers/STM32F7xx_HAL_Driver/stm32f7xx_hal_cortex.o
 .comment       0x00000043       0x44 ./Drivers/STM32F7xx_HAL_Driver/stm32f7xx_hal_eth.o
 .comment       0x00000043       0x44 ./Drivers/STM32F7xx_HAL_Driver/stm32f7xx_hal_gpio.o
 .comment       0x00000043       0x44 ./Drivers/STM32F7xx_HAL_Driver/stm32f7xx_hal_i2c.o
 .comment       0x00000043       0x44 ./Drivers/STM32F7xx_HAL_Driver/stm32f7xx_hal_i2c_ex.o
 .comment       0x00000043       0x44 ./Drivers/STM32F7xx_HAL_Driver/stm32f7xx_hal_pcd.o
 .comment       0x00000043       0x44 ./Drivers/STM32F7xx_HAL_Driver/stm32f7xx_hal_pcd_ex.o
 .comment       0x00000043       0x44 ./Drivers/STM32F7xx_HAL_Driver/stm32f7xx_hal_pwr.o
 .comment       0x00000043       0x44 ./Drivers/STM32F7xx_HAL_Driver/stm32f7xx_hal_pwr_ex.o
 .comment       0x00000043       0x44 ./Drivers/STM32F7xx_HAL_Driver/stm32f7xx_hal_rcc.o
 .comment       0x00000043       0x44 ./Drivers/STM32F7xx_HAL_Driver/stm32f7xx_hal_rcc_ex.o
 .comment       0x00000043       0x44 ./Drivers/STM32F7xx_HAL_Driver/stm32f7xx_hal_tim.o
 .comment       0x00000043       0x44 ./Drivers/STM32F7xx_HAL_Driver/stm32f7xx_hal_tim_ex.o
 .comment       0x00000043       0x44 ./Drivers/STM32F7xx_HAL_Driver/stm32f7xx_hal_uart.o
 .comment       0x00000043       0x44 ./Drivers/STM32F7xx_HAL_Driver/stm32f7xx_ll_usb.o

.debug_frame    0x00000000     0x65f8
 .debug_frame   0x00000000      0x2dc ./Components/Src/LCD.o
 .debug_frame   0x000002dc       0x84 ./Components/Src/encoder.o
 .debug_frame   0x00000360      0x148 ./Core/Src/main.o
 .debug_frame   0x000004a8      0x1fc ./Core/Src/stm32f7xx_hal_msp.o
 .debug_frame   0x000006a4      0x13c ./Core/Src/stm32f7xx_it.o
 .debug_frame   0x000007e0       0x34 ./Core/Src/sysmem.o
 .debug_frame   0x00000814       0x58 ./Core/Src/system_stm32f7xx.o
 .debug_frame   0x0000086c      0x3b4 ./Drivers/STM32F7xx_HAL_Driver/stm32f7xx_hal.o
 .debug_frame   0x00000c20      0x4e8 ./Drivers/STM32F7xx_HAL_Driver/stm32f7xx_hal_cortex.o
 .debug_frame   0x00001108      0x898 ./Drivers/STM32F7xx_HAL_Driver/stm32f7xx_hal_eth.o
 .debug_frame   0x000019a0      0x14c ./Drivers/STM32F7xx_HAL_Driver/stm32f7xx_hal_gpio.o
 .debug_frame   0x00001aec      0xc38 ./Drivers/STM32F7xx_HAL_Driver/stm32f7xx_hal_i2c.o
 .debug_frame   0x00002724       0xb0 ./Drivers/STM32F7xx_HAL_Driver/stm32f7xx_hal_i2c_ex.o
 .debug_frame   0x000027d4      0x5b8 ./Drivers/STM32F7xx_HAL_Driver/stm32f7xx_hal_pcd.o
 .debug_frame   0x00002d8c      0x100 ./Drivers/STM32F7xx_HAL_Driver/stm32f7xx_hal_pcd_ex.o
 .debug_frame   0x00002e8c      0x254 ./Drivers/STM32F7xx_HAL_Driver/stm32f7xx_hal_pwr.o
 .debug_frame   0x000030e0      0x1c8 ./Drivers/STM32F7xx_HAL_Driver/stm32f7xx_hal_pwr_ex.o
 .debug_frame   0x000032a8      0x1f8 ./Drivers/STM32F7xx_HAL_Driver/stm32f7xx_hal_rcc.o